<?xml version="1.0"?>
<link_info>
   <banner>TI ARM Linker PC v15.9.0.STS</banner>
   <copyright>Copyright (c) 1996-2015 Texas Instruments Incorporated</copyright>
   <link_time>0x56c6eb91</link_time>
   <link_errors>0x0</link_errors>
   <output_file>multi_role_stack.out</output_file>
   <entry_point>
      <name>startup_entry</name>
      <address>0xd001</address>
   </entry_point>
   <input_file_list>
      <input_file id="fl-111">
         <path>C:\Users\CHRIST~1\AppData\Local\Temp\</path>
         <kind>object</kind>
         <file>046162</file>
         <name>046162</name>
      </input_file>
      <input_file id="fl-1f">
         <path>C:\ti\simplelink\ble_cc26xx_2_01_00_44423\Projects\common\BLE_ROM_Releases\04242014\</path>
         <kind>object</kind>
         <file>ble_rom_PATCH.symbols</file>
         <name>ble_rom_PATCH.symbols</name>
      </input_file>
      <input_file id="fl-d8">
         <path>C:\ti\ccsv6\tools\compiler\ti-cgt-arm_15.9.0.STS\lib\</path>
         <kind>archive</kind>
         <file>rtsv7M3_T_le_eabi.lib</file>
         <name>autoinit.obj</name>
      </input_file>
      <input_file id="fl-dd">
         <path>C:\ti\ccsv6\tools\compiler\ti-cgt-arm_15.9.0.STS\lib\</path>
         <kind>archive</kind>
         <file>rtsv7M3_T_le_eabi.lib</file>
         <name>ll_mul_t2.obj</name>
      </input_file>
      <input_file id="fl-df">
         <path>C:\ti\ccsv6\tools\compiler\ti-cgt-arm_15.9.0.STS\lib\</path>
         <kind>archive</kind>
         <file>rtsv7M3_T_le_eabi.lib</file>
         <name>memcpy_t2.obj</name>
      </input_file>
      <input_file id="fl-e0">
         <path>C:\ti\ccsv6\tools\compiler\ti-cgt-arm_15.9.0.STS\lib\</path>
         <kind>archive</kind>
         <file>rtsv7M3_T_le_eabi.lib</file>
         <name>memset_t2.obj</name>
      </input_file>
      <input_file id="fl-e2">
         <path>C:\ti\ccsv6\tools\compiler\ti-cgt-arm_15.9.0.STS\lib\</path>
         <kind>archive</kind>
         <file>rtsv7M3_T_le_eabi.lib</file>
         <name>ull_div_t2.obj</name>
      </input_file>
      <input_file id="fl-e3">
         <path>C:\Users\Christine\workspace_v6_1\multi_role_stack\LIB\</path>
         <kind>archive</kind>
         <file>CC2640Stack.a</file>
         <name>att_client.o</name>
      </input_file>
      <input_file id="fl-e4">
         <path>C:\Users\Christine\workspace_v6_1\multi_role_stack\LIB\</path>
         <kind>archive</kind>
         <file>CC2640Stack.a</file>
         <name>att_server.o</name>
      </input_file>
      <input_file id="fl-e5">
         <path>C:\Users\Christine\workspace_v6_1\multi_role_stack\LIB\</path>
         <kind>archive</kind>
         <file>CC2640Stack.a</file>
         <name>att_util.o</name>
      </input_file>
      <input_file id="fl-e6">
         <path>C:\Users\Christine\workspace_v6_1\multi_role_stack\LIB\</path>
         <kind>archive</kind>
         <file>CC2640Stack.a</file>
         <name>ble_PATCH.o</name>
      </input_file>
      <input_file id="fl-e7">
         <path>C:\Users\Christine\workspace_v6_1\multi_role_stack\LIB\</path>
         <kind>archive</kind>
         <file>CC2640Stack.a</file>
         <name>gap_centdevmgr.o</name>
      </input_file>
      <input_file id="fl-e8">
         <path>C:\Users\Christine\workspace_v6_1\multi_role_stack\LIB\</path>
         <kind>archive</kind>
         <file>CC2640Stack.a</file>
         <name>gap_centlinkmgr.o</name>
      </input_file>
      <input_file id="fl-e9">
         <path>C:\Users\Christine\workspace_v6_1\multi_role_stack\LIB\</path>
         <kind>archive</kind>
         <file>CC2640Stack.a</file>
         <name>gap_configmgr.o</name>
      </input_file>
      <input_file id="fl-ea">
         <path>C:\Users\Christine\workspace_v6_1\multi_role_stack\LIB\</path>
         <kind>archive</kind>
         <file>CC2640Stack.a</file>
         <name>gap_devmgr.o</name>
      </input_file>
      <input_file id="fl-eb">
         <path>C:\Users\Christine\workspace_v6_1\multi_role_stack\LIB\</path>
         <kind>archive</kind>
         <file>CC2640Stack.a</file>
         <name>gap_linkmgr.o</name>
      </input_file>
      <input_file id="fl-ec">
         <path>C:\Users\Christine\workspace_v6_1\multi_role_stack\LIB\</path>
         <kind>archive</kind>
         <file>CC2640Stack.a</file>
         <name>gap_peridevmgr.o</name>
      </input_file>
      <input_file id="fl-ed">
         <path>C:\Users\Christine\workspace_v6_1\multi_role_stack\LIB\</path>
         <kind>archive</kind>
         <file>CC2640Stack.a</file>
         <name>gap_perilinkmgr.o</name>
      </input_file>
      <input_file id="fl-ee">
         <path>C:\Users\Christine\workspace_v6_1\multi_role_stack\LIB\</path>
         <kind>archive</kind>
         <file>CC2640Stack.a</file>
         <name>gap_task.o</name>
      </input_file>
      <input_file id="fl-ef">
         <path>C:\Users\Christine\workspace_v6_1\multi_role_stack\LIB\</path>
         <kind>archive</kind>
         <file>CC2640Stack.a</file>
         <name>gapgattserver.o</name>
      </input_file>
      <input_file id="fl-f0">
         <path>C:\Users\Christine\workspace_v6_1\multi_role_stack\LIB\</path>
         <kind>archive</kind>
         <file>CC2640Stack.a</file>
         <name>gatt_client.o</name>
      </input_file>
      <input_file id="fl-f1">
         <path>C:\Users\Christine\workspace_v6_1\multi_role_stack\LIB\</path>
         <kind>archive</kind>
         <file>CC2640Stack.a</file>
         <name>gatt_server.o</name>
      </input_file>
      <input_file id="fl-f2">
         <path>C:\Users\Christine\workspace_v6_1\multi_role_stack\LIB\</path>
         <kind>archive</kind>
         <file>CC2640Stack.a</file>
         <name>gatt_task.o</name>
      </input_file>
      <input_file id="fl-f3">
         <path>C:\Users\Christine\workspace_v6_1\multi_role_stack\LIB\</path>
         <kind>archive</kind>
         <file>CC2640Stack.a</file>
         <name>gatt_uuid.o</name>
      </input_file>
      <input_file id="fl-f4">
         <path>C:\Users\Christine\workspace_v6_1\multi_role_stack\LIB\</path>
         <kind>archive</kind>
         <file>CC2640Stack.a</file>
         <name>gattservapp.o</name>
      </input_file>
      <input_file id="fl-f5">
         <path>C:\Users\Christine\workspace_v6_1\multi_role_stack\LIB\</path>
         <kind>archive</kind>
         <file>CC2640Stack.a</file>
         <name>hci_data_PATCH.o</name>
      </input_file>
      <input_file id="fl-f6">
         <path>C:\Users\Christine\workspace_v6_1\multi_role_stack\LIB\</path>
         <kind>archive</kind>
         <file>CC2640Stack.a</file>
         <name>hci_event_PATCH.o</name>
      </input_file>
      <input_file id="fl-f7">
         <path>C:\Users\Christine\workspace_v6_1\multi_role_stack\LIB\</path>
         <kind>archive</kind>
         <file>CC2640Stack.a</file>
         <name>hci_PATCH.o</name>
      </input_file>
      <input_file id="fl-f8">
         <path>C:\Users\Christine\workspace_v6_1\multi_role_stack\LIB\</path>
         <kind>archive</kind>
         <file>CC2640Stack.a</file>
         <name>l2cap_if.o</name>
      </input_file>
      <input_file id="fl-f9">
         <path>C:\Users\Christine\workspace_v6_1\multi_role_stack\LIB\</path>
         <kind>archive</kind>
         <file>CC2640Stack.a</file>
         <name>l2cap_task.o</name>
      </input_file>
      <input_file id="fl-fa">
         <path>C:\Users\Christine\workspace_v6_1\multi_role_stack\LIB\</path>
         <kind>archive</kind>
         <file>CC2640Stack.a</file>
         <name>l2cap_util.o</name>
      </input_file>
      <input_file id="fl-fb">
         <path>C:\Users\Christine\workspace_v6_1\multi_role_stack\LIB\</path>
         <kind>archive</kind>
         <file>CC2640Stack.a</file>
         <name>linkdb.o</name>
      </input_file>
      <input_file id="fl-fc">
         <path>C:\Users\Christine\workspace_v6_1\multi_role_stack\LIB\</path>
         <kind>archive</kind>
         <file>CC2640Stack.a</file>
         <name>ll_advEndCauses_PATCH.o</name>
      </input_file>
      <input_file id="fl-fd">
         <path>C:\Users\Christine\workspace_v6_1\multi_role_stack\LIB\</path>
         <kind>archive</kind>
         <file>CC2640Stack.a</file>
         <name>ll_common_PATCH.o</name>
      </input_file>
      <input_file id="fl-fe">
         <path>C:\Users\Christine\workspace_v6_1\multi_role_stack\LIB\</path>
         <kind>archive</kind>
         <file>CC2640Stack.a</file>
         <name>ll_config.o</name>
      </input_file>
      <input_file id="fl-ff">
         <path>C:\Users\Christine\workspace_v6_1\multi_role_stack\LIB\</path>
         <kind>archive</kind>
         <file>CC2640Stack.a</file>
         <name>ll_initEndCauses_PATCH.o</name>
      </input_file>
      <input_file id="fl-100">
         <path>C:\Users\Christine\workspace_v6_1\multi_role_stack\LIB\</path>
         <kind>archive</kind>
         <file>CC2640Stack.a</file>
         <name>ll_isr.o</name>
      </input_file>
      <input_file id="fl-101">
         <path>C:\Users\Christine\workspace_v6_1\multi_role_stack\LIB\</path>
         <kind>archive</kind>
         <file>CC2640Stack.a</file>
         <name>ll_masterEndCauses_PATCH.o</name>
      </input_file>
      <input_file id="fl-102">
         <path>C:\Users\Christine\workspace_v6_1\multi_role_stack\LIB\</path>
         <kind>archive</kind>
         <file>CC2640Stack.a</file>
         <name>ll_PATCH.o</name>
      </input_file>
      <input_file id="fl-103">
         <path>C:\Users\Christine\workspace_v6_1\multi_role_stack\LIB\</path>
         <kind>archive</kind>
         <file>CC2640Stack.a</file>
         <name>ll_scheduler_PATCH.o</name>
      </input_file>
      <input_file id="fl-104">
         <path>C:\Users\Christine\workspace_v6_1\multi_role_stack\LIB\</path>
         <kind>archive</kind>
         <file>CC2640Stack.a</file>
         <name>ll_slaveEndCauses_PATCH.o</name>
      </input_file>
      <input_file id="fl-105">
         <path>C:\Users\Christine\workspace_v6_1\multi_role_stack\LIB\</path>
         <kind>archive</kind>
         <file>CC2640Stack.a</file>
         <name>ll_sleep.o</name>
      </input_file>
      <input_file id="fl-106">
         <path>C:\Users\Christine\workspace_v6_1\multi_role_stack\LIB\</path>
         <kind>archive</kind>
         <file>CC2640Stack.a</file>
         <name>sm_intpairing.o</name>
      </input_file>
      <input_file id="fl-107">
         <path>C:\Users\Christine\workspace_v6_1\multi_role_stack\LIB\</path>
         <kind>archive</kind>
         <file>CC2640Stack.a</file>
         <name>sm_mgr.o</name>
      </input_file>
      <input_file id="fl-108">
         <path>C:\Users\Christine\workspace_v6_1\multi_role_stack\LIB\</path>
         <kind>archive</kind>
         <file>CC2640Stack.a</file>
         <name>sm_pairing.o</name>
      </input_file>
      <input_file id="fl-109">
         <path>C:\Users\Christine\workspace_v6_1\multi_role_stack\LIB\</path>
         <kind>archive</kind>
         <file>CC2640Stack.a</file>
         <name>sm_rsppairing.o</name>
      </input_file>
      <input_file id="fl-10a">
         <path>C:\Users\Christine\workspace_v6_1\multi_role_stack\LIB\</path>
         <kind>archive</kind>
         <file>CC2640Stack.a</file>
         <name>sm_task.o</name>
      </input_file>
      <input_file id="fl-10b">
         <path>C:\Users\Christine\workspace_v6_1\multi_role_stack\LIB\</path>
         <kind>archive</kind>
         <file>CC2640Stack.a</file>
         <name>smp.o</name>
      </input_file>
      <input_file id="fl-10c">
         <path>C:\Users\Christine\workspace_v6_1\multi_role_stack\LIB\</path>
         <kind>archive</kind>
         <file>CC2640Stack_HCI_TL.a</file>
         <name>hci_tl.o</name>
      </input_file>
      <input_file id="fl-10d">
         <path>C:\ti\tirtos_simplelink_2_13_00_06\products\cc26xxware_2_21_01_15600\driverlib\bin\ccs\</path>
         <kind>archive</kind>
         <file>driverlib.lib</file>
         <name>cpu.obj</name>
      </input_file>
   </input_file_list>
   <object_component_list>
      <object_component id="oc-352">
         <name>.text</name>
         <load_address>0xd02c</load_address>
         <run_address>0xd02c</run_address>
         <size>0x1440</size>
         <input_file_ref idref="fl-102"/>
      </object_component>
      <object_component id="oc-4a5">
         <name>.text</name>
         <load_address>0xe46c</load_address>
         <run_address>0xe46c</run_address>
         <size>0x115c</size>
         <input_file_ref idref="fl-fd"/>
      </object_component>
      <object_component id="oc-3b2">
         <name>.text</name>
         <load_address>0xf5c8</load_address>
         <run_address>0xf5c8</run_address>
         <size>0xfa8</size>
         <input_file_ref idref="fl-f4"/>
      </object_component>
      <object_component id="oc-694">
         <name>.text</name>
         <load_address>0x10570</load_address>
         <run_address>0x10570</run_address>
         <size>0xd6a</size>
         <input_file_ref idref="fl-f0"/>
      </object_component>
      <object_component id="oc-40c">
         <name>.text</name>
         <load_address>0x112da</load_address>
         <run_address>0x112da</run_address>
         <size>0x2</size>
         <input_file_ref idref="fl-1b"/>
      </object_component>
      <object_component id="oc-5f5">
         <name>.text</name>
         <load_address>0x112dc</load_address>
         <run_address>0x112dc</run_address>
         <size>0xa4c</size>
         <input_file_ref idref="fl-f1"/>
      </object_component>
      <object_component id="oc-3dc">
         <name>.text</name>
         <load_address>0x11d28</load_address>
         <run_address>0x11d28</run_address>
         <size>0xa08</size>
         <input_file_ref idref="fl-16"/>
      </object_component>
      <object_component id="oc-4e7">
         <name>.text</name>
         <load_address>0x12730</load_address>
         <run_address>0x12730</run_address>
         <size>0x9f2</size>
         <input_file_ref idref="fl-e6"/>
      </object_component>
      <object_component id="oc-4f6">
         <name>.text</name>
         <load_address>0x13124</load_address>
         <run_address>0x13124</run_address>
         <size>0x93e</size>
         <input_file_ref idref="fl-104"/>
      </object_component>
      <object_component id="oc-5b1">
         <name>.text</name>
         <load_address>0x13a64</load_address>
         <run_address>0x13a64</run_address>
         <size>0x8e0</size>
         <input_file_ref idref="fl-eb"/>
      </object_component>
      <object_component id="oc-34c">
         <name>.text</name>
         <load_address>0x14344</load_address>
         <run_address>0x14344</run_address>
         <size>0x794</size>
         <input_file_ref idref="fl-d"/>
      </object_component>
      <object_component id="oc-5d4">
         <name>.text</name>
         <load_address>0x14ad8</load_address>
         <run_address>0x14ad8</run_address>
         <size>0x75c</size>
         <input_file_ref idref="fl-108"/>
      </object_component>
      <object_component id="oc-58e">
         <name>.text</name>
         <load_address>0x15234</load_address>
         <run_address>0x15234</run_address>
         <size>0x708</size>
         <input_file_ref idref="fl-107"/>
      </object_component>
      <object_component id="oc-440">
         <name>.text</name>
         <load_address>0x1593c</load_address>
         <run_address>0x1593c</run_address>
         <size>0x6d4</size>
         <input_file_ref idref="fl-105"/>
      </object_component>
      <object_component id="oc-4de">
         <name>.text</name>
         <load_address>0x16010</load_address>
         <run_address>0x16010</run_address>
         <size>0x6b2</size>
         <input_file_ref idref="fl-101"/>
      </object_component>
      <object_component id="oc-6d5">
         <name>.text</name>
         <load_address>0x166c4</load_address>
         <run_address>0x166c4</run_address>
         <size>0x69c</size>
         <input_file_ref idref="fl-ec"/>
      </object_component>
      <object_component id="oc-53d">
         <name>.text</name>
         <load_address>0x16d60</load_address>
         <run_address>0x16d60</run_address>
         <size>0x684</size>
         <input_file_ref idref="fl-fa"/>
      </object_component>
      <object_component id="oc-74c">
         <name>.text</name>
         <load_address>0x173e4</load_address>
         <run_address>0x173e4</run_address>
         <size>0x618</size>
         <input_file_ref idref="fl-fe"/>
      </object_component>
      <object_component id="oc-500">
         <name>.text</name>
         <load_address>0x179fc</load_address>
         <run_address>0x179fc</run_address>
         <size>0x618</size>
         <input_file_ref idref="fl-100"/>
      </object_component>
      <object_component id="oc-61e">
         <name>.text</name>
         <load_address>0x18014</load_address>
         <run_address>0x18014</run_address>
         <size>0x5b0</size>
         <input_file_ref idref="fl-e5"/>
      </object_component>
      <object_component id="oc-793">
         <name>.text</name>
         <load_address>0x185c4</load_address>
         <run_address>0x185c4</run_address>
         <size>0x56c</size>
         <input_file_ref idref="fl-106"/>
      </object_component>
      <object_component id="oc-79d">
         <name>.text</name>
         <load_address>0x18b30</load_address>
         <run_address>0x18b30</run_address>
         <size>0x558</size>
         <input_file_ref idref="fl-109"/>
      </object_component>
      <object_component id="oc-6fd">
         <name>.text</name>
         <load_address>0x19088</load_address>
         <run_address>0x19088</run_address>
         <size>0x51c</size>
         <input_file_ref idref="fl-e7"/>
      </object_component>
      <object_component id="oc-49f">
         <name>.text</name>
         <load_address>0x195a4</load_address>
         <run_address>0x195a4</run_address>
         <size>0x42e</size>
         <input_file_ref idref="fl-fc"/>
      </object_component>
      <object_component id="oc-485">
         <name>.text</name>
         <load_address>0x199d4</load_address>
         <run_address>0x199d4</run_address>
         <size>0x3dc</size>
         <input_file_ref idref="fl-f6"/>
      </object_component>
      <object_component id="oc-766">
         <name>.text</name>
         <load_address>0x19db0</load_address>
         <run_address>0x19db0</run_address>
         <size>0x39a</size>
         <input_file_ref idref="fl-10b"/>
      </object_component>
      <object_component id="oc-46c">
         <name>.text</name>
         <load_address>0x1a14c</load_address>
         <run_address>0x1a14c</run_address>
         <size>0x37c</size>
         <input_file_ref idref="fl-f7"/>
      </object_component>
      <object_component id="oc-412">
         <name>.text</name>
         <load_address>0x1a4c8</load_address>
         <run_address>0x1a4c8</run_address>
         <size>0x36c</size>
         <input_file_ref idref="fl-17"/>
      </object_component>
      <object_component id="oc-57a">
         <name>.text</name>
         <load_address>0x1a834</load_address>
         <run_address>0x1a834</run_address>
         <size>0x358</size>
         <input_file_ref idref="fl-e9"/>
      </object_component>
      <object_component id="oc-4d8">
         <name>.text</name>
         <load_address>0x1ab8c</load_address>
         <run_address>0x1ab8c</run_address>
         <size>0x32a</size>
         <input_file_ref idref="fl-ff"/>
      </object_component>
      <object_component id="oc-688">
         <name>.text</name>
         <load_address>0x1aeb8</load_address>
         <run_address>0x1aeb8</run_address>
         <size>0x308</size>
         <input_file_ref idref="fl-ef"/>
      </object_component>
      <object_component id="oc-3a0">
         <name>.text</name>
         <load_address>0x1b1c0</load_address>
         <run_address>0x1b1c0</run_address>
         <size>0x2fc</size>
         <input_file_ref idref="fl-f2"/>
      </object_component>
      <object_component id="oc-52c">
         <name>.text</name>
         <load_address>0x1b4bc</load_address>
         <run_address>0x1b4bc</run_address>
         <size>0x294</size>
         <input_file_ref idref="fl-fb"/>
      </object_component>
      <object_component id="oc-393">
         <name>.text</name>
         <load_address>0x1b750</load_address>
         <run_address>0x1b750</run_address>
         <size>0x28c</size>
         <input_file_ref idref="fl-ee"/>
      </object_component>
      <object_component id="oc-38d">
         <name>.text</name>
         <load_address>0x1b9dc</load_address>
         <run_address>0x1b9dc</run_address>
         <size>0x284</size>
         <input_file_ref idref="fl-f9"/>
      </object_component>
      <object_component id="oc-422">
         <name>.text</name>
         <load_address>0x1bc60</load_address>
         <run_address>0x1bc60</run_address>
         <size>0x248</size>
         <input_file_ref idref="fl-11"/>
      </object_component>
      <object_component id="oc-6f5">
         <name>.text</name>
         <load_address>0x1bea8</load_address>
         <run_address>0x1bea8</run_address>
         <size>0x228</size>
         <input_file_ref idref="fl-e8"/>
      </object_component>
      <object_component id="oc-867">
         <name>.tramp.HCI_LE_CreateConnCmd.1</name>
         <load_address>0x1c0d0</load_address>
         <run_address>0x1c0d0</run_address>
         <size>0x8</size>
         <input_file_ref idref="fl-1f"/>
      </object_component>
      <object_component id="oc-868">
         <name>.tramp.HCI_LE_CreateConnCancelCmd.1</name>
         <load_address>0x1c0d8</load_address>
         <run_address>0x1c0d8</run_address>
         <size>0x8</size>
         <input_file_ref idref="fl-1f"/>
      </object_component>
      <object_component id="oc-387">
         <name>.text</name>
         <load_address>0x1c0e0</load_address>
         <run_address>0x1c0e0</run_address>
         <size>0x1f8</size>
         <input_file_ref idref="fl-13"/>
      </object_component>
      <object_component id="oc-50a">
         <name>.text</name>
         <load_address>0x1c2d8</load_address>
         <run_address>0x1c2d8</run_address>
         <size>0x1f4</size>
         <input_file_ref idref="fl-e2"/>
      </object_component>
      <object_component id="oc-661">
         <name>.text</name>
         <load_address>0x1c4cc</load_address>
         <run_address>0x1c4cc</run_address>
         <size>0x1ec</size>
         <input_file_ref idref="fl-e4"/>
      </object_component>
      <object_component id="oc-712">
         <name>.text</name>
         <load_address>0x1c6b8</load_address>
         <run_address>0x1c6b8</run_address>
         <size>0x1a4</size>
         <input_file_ref idref="fl-e3"/>
      </object_component>
      <object_component id="oc-562">
         <name>.text</name>
         <load_address>0x1c85c</load_address>
         <run_address>0x1c85c</run_address>
         <size>0x15e</size>
         <input_file_ref idref="fl-f8"/>
      </object_component>
      <object_component id="oc-869">
         <name>.tramp.HCI_SetControllerToHostFlowCtrlCmd.1</name>
         <load_address>0x1c9bc</load_address>
         <run_address>0x1c9bc</run_address>
         <size>0x8</size>
         <input_file_ref idref="fl-1f"/>
      </object_component>
      <object_component id="oc-86a">
         <name>.tramp.HCI_HostBufferSizeCmd.1</name>
         <load_address>0x1c9c4</load_address>
         <run_address>0x1c9c4</run_address>
         <size>0x8</size>
         <input_file_ref idref="fl-1f"/>
      </object_component>
      <object_component id="oc-86b">
         <name>.tramp.HCI_HostNumCompletedPktCmd.1</name>
         <load_address>0x1c9cc</load_address>
         <run_address>0x1c9cc</run_address>
         <size>0x8</size>
         <input_file_ref idref="fl-1f"/>
      </object_component>
      <object_component id="oc-686">
         <name>.text</name>
         <load_address>0x1c9d4</load_address>
         <run_address>0x1c9d4</run_address>
         <size>0x13e</size>
         <input_file_ref idref="fl-f3"/>
      </object_component>
      <object_component id="oc-497">
         <name>.text</name>
         <load_address>0x1cb14</load_address>
         <run_address>0x1cb14</run_address>
         <size>0x138</size>
         <input_file_ref idref="fl-103"/>
      </object_component>
      <object_component id="oc-6f0">
         <name>.text</name>
         <load_address>0x1cc4c</load_address>
         <run_address>0x1cc4c</run_address>
         <size>0x10c</size>
         <input_file_ref idref="fl-ed"/>
      </object_component>
      <object_component id="oc-253">
         <name>.text</name>
         <load_address>0x1cd58</load_address>
         <run_address>0x1cd58</run_address>
         <size>0x108</size>
         <input_file_ref idref="fl-7"/>
      </object_component>
      <object_component id="oc-39c">
         <name>.text</name>
         <load_address>0x1ce60</load_address>
         <run_address>0x1ce60</run_address>
         <size>0x104</size>
         <input_file_ref idref="fl-10a"/>
      </object_component>
      <object_component id="oc-406">
         <name>.text</name>
         <load_address>0x1cf64</load_address>
         <run_address>0x1cf64</run_address>
         <size>0xc8</size>
         <input_file_ref idref="fl-12"/>
      </object_component>
      <object_component id="oc-495">
         <name>.text</name>
         <load_address>0x1d02c</load_address>
         <run_address>0x1d02c</run_address>
         <size>0xa8</size>
         <input_file_ref idref="fl-f5"/>
      </object_component>
      <object_component id="oc-86c">
         <name>.tramp.LL_CtrlToHostFlowControl.1</name>
         <load_address>0x1d0d4</load_address>
         <run_address>0x1d0d4</run_address>
         <size>0x8</size>
         <input_file_ref idref="fl-1f"/>
      </object_component>
      <object_component id="oc-37f">
         <name>.text</name>
         <load_address>0x1d0dc</load_address>
         <run_address>0x1d0dc</run_address>
         <size>0xa8</size>
         <input_file_ref idref="fl-10c"/>
      </object_component>
      <object_component id="oc-226">
         <name>.text</name>
         <load_address>0x1d184</load_address>
         <run_address>0x1d184</run_address>
         <size>0x9c</size>
         <input_file_ref idref="fl-df"/>
      </object_component>
      <object_component id="oc-41c">
         <name>.text</name>
         <load_address>0x1d220</load_address>
         <run_address>0x1d220</run_address>
         <size>0x90</size>
         <input_file_ref idref="fl-10"/>
      </object_component>
      <object_component id="oc-573">
         <name>.text</name>
         <load_address>0x1d2b0</load_address>
         <run_address>0x1d2b0</run_address>
         <size>0x82</size>
         <input_file_ref idref="fl-ea"/>
      </object_component>
      <object_component id="oc-23b">
         <name>.text</name>
         <load_address>0x1d332</load_address>
         <run_address>0x1d332</run_address>
         <size>0x7a</size>
         <input_file_ref idref="fl-e0"/>
      </object_component>
      <object_component id="oc-434">
         <name>.text:NOROM_IntDisable</name>
         <load_address>0x1d3ac</load_address>
         <run_address>0x1d3ac</run_address>
         <size>0x78</size>
         <input_file_ref idref="fl-10f"/>
      </object_component>
      <object_component id="oc-42e">
         <name>.text:NOROM_IntEnable</name>
         <load_address>0x1d424</load_address>
         <run_address>0x1d424</run_address>
         <size>0x78</size>
         <input_file_ref idref="fl-10f"/>
      </object_component>
      <object_component id="oc-241">
         <name>.text</name>
         <load_address>0x1d49c</load_address>
         <run_address>0x1d49c</run_address>
         <size>0x6c</size>
         <input_file_ref idref="fl-d8"/>
      </object_component>
      <object_component id="oc-234">
         <name>.text</name>
         <load_address>0x1d508</load_address>
         <run_address>0x1d508</run_address>
         <size>0x6a</size>
         <input_file_ref idref="fl-da"/>
      </object_component>
      <object_component id="oc-514">
         <name>.text</name>
         <load_address>0x1d574</load_address>
         <run_address>0x1d574</run_address>
         <size>0x68</size>
         <input_file_ref idref="fl-e"/>
      </object_component>
      <object_component id="oc-24d">
         <name>.text</name>
         <load_address>0x1d5dc</load_address>
         <run_address>0x1d5dc</run_address>
         <size>0x68</size>
         <input_file_ref idref="fl-8"/>
      </object_component>
      <object_component id="oc-67e">
         <name>.text</name>
         <load_address>0x1d644</load_address>
         <run_address>0x1d644</run_address>
         <size>0x64</size>
         <input_file_ref idref="fl-c"/>
      </object_component>
      <object_component id="oc-43a">
         <name>.text</name>
         <load_address>0x1d6a8</load_address>
         <run_address>0x1d6a8</run_address>
         <size>0x64</size>
         <input_file_ref idref="fl-1a"/>
      </object_component>
      <object_component id="oc-70b">
         <name>.text</name>
         <load_address>0x1d70c</load_address>
         <run_address>0x1d70c</run_address>
         <size>0x60</size>
         <input_file_ref idref="fl-a"/>
      </object_component>
      <object_component id="oc-3e2">
         <name>.text</name>
         <load_address>0x1d76c</load_address>
         <run_address>0x1d76c</run_address>
         <size>0x54</size>
         <input_file_ref idref="fl-9"/>
      </object_component>
      <object_component id="oc-325">
         <name>.text</name>
         <load_address>0x1d7c0</load_address>
         <run_address>0x1d7c0</run_address>
         <size>0x4c</size>
         <input_file_ref idref="fl-dc"/>
      </object_component>
      <object_component id="oc-346">
         <name>.text</name>
         <load_address>0x1d80c</load_address>
         <run_address>0x1d80c</run_address>
         <size>0x48</size>
         <input_file_ref idref="fl-f"/>
      </object_component>
      <object_component id="oc-247">
         <name>.text</name>
         <load_address>0x1d854</load_address>
         <run_address>0x1d854</run_address>
         <size>0x30</size>
         <input_file_ref idref="fl-5"/>
      </object_component>
      <object_component id="oc-741">
         <name>.text:NOROM_TRNGConfigure</name>
         <load_address>0x1d884</load_address>
         <run_address>0x1d884</run_address>
         <size>0x26</size>
         <input_file_ref idref="fl-110"/>
      </object_component>
      <object_component id="oc-50f">
         <name>.text</name>
         <load_address>0x1d8aa</load_address>
         <run_address>0x1d8aa</run_address>
         <size>0x18</size>
         <input_file_ref idref="fl-dd"/>
      </object_component>
      <object_component id="oc-51a">
         <name>.text</name>
         <load_address>0x1d8c2</load_address>
         <run_address>0x1d8c2</run_address>
         <size>0x14</size>
         <input_file_ref idref="fl-e1"/>
      </object_component>
      <object_component id="oc-428">
         <name>.text</name>
         <load_address>0x1d8d6</load_address>
         <run_address>0x1d8d6</run_address>
         <size>0x12</size>
         <input_file_ref idref="fl-4"/>
      </object_component>
      <object_component id="oc-86d">
         <name>.tramp.LL_PseudoRand.1</name>
         <load_address>0x1d8e8</load_address>
         <run_address>0x1d8e8</run_address>
         <size>0x8</size>
         <input_file_ref idref="fl-1f"/>
      </object_component>
      <object_component id="oc-14">
         <name>.text:decompress:none</name>
         <load_address>0x1d8f0</load_address>
         <run_address>0x1d8f0</run_address>
         <size>0xe</size>
         <input_file_ref idref="fl-d9"/>
      </object_component>
      <object_component id="oc-336">
         <name>.text:NOROM_CPUcpsid</name>
         <load_address>0x1d8fe</load_address>
         <run_address>0x1d8fe</run_address>
         <size>0xc</size>
         <input_file_ref idref="fl-10d"/>
      </object_component>
      <object_component id="oc-33c">
         <name>.text:NOROM_CPUcpsie</name>
         <load_address>0x1d90a</load_address>
         <run_address>0x1d90a</run_address>
         <size>0xc</size>
         <input_file_ref idref="fl-10d"/>
      </object_component>
      <object_component id="oc-20">
         <name>.text:decompress:ZI</name>
         <load_address>0x1d916</load_address>
         <run_address>0x1d916</run_address>
         <size>0xc</size>
         <input_file_ref idref="fl-db"/>
      </object_component>
      <object_component id="oc-6cf">
         <name>.text</name>
         <load_address>0x1d922</load_address>
         <run_address>0x1d922</run_address>
         <size>0xa</size>
         <input_file_ref idref="fl-14"/>
      </object_component>
      <object_component id="oc-1a">
         <name>.text:decompress:rle24</name>
         <load_address>0x1d92c</load_address>
         <run_address>0x1d92c</run_address>
         <size>0x6</size>
         <input_file_ref idref="fl-da"/>
      </object_component>
      <object_component id="oc-866">
         <name>.tramp.HCI_LE_SetRandomAddressCmd.1</name>
         <load_address>0x1d934</load_address>
         <run_address>0x1d934</run_address>
         <size>0x8</size>
         <input_file_ref idref="fl-1f"/>
      </object_component>
      <object_component id="oc-865">
         <name>.tramp.LL_ReadLocalVersionInfo.1</name>
         <load_address>0x1d93c</load_address>
         <run_address>0x1d93c</run_address>
         <size>0x8</size>
         <input_file_ref idref="fl-1f"/>
      </object_component>
      <object_component id="oc-864">
         <name>.tramp.LL_EXT_ResetSystem.1</name>
         <load_address>0x1d944</load_address>
         <run_address>0x1d944</run_address>
         <size>0x8</size>
         <input_file_ref idref="fl-1f"/>
      </object_component>
      <object_component id="oc-863">
         <name>.tramp.HCI_CommandStatusEvent.1</name>
         <load_address>0x1d94c</load_address>
         <run_address>0x1d94c</run_address>
         <size>0x8</size>
         <input_file_ref idref="fl-1f"/>
      </object_component>
      <object_component id="oc-862">
         <name>.tramp.HCI_CommandCompleteEvent.1</name>
         <load_address>0x1d954</load_address>
         <run_address>0x1d954</run_address>
         <size>0x8</size>
         <input_file_ref idref="fl-1f"/>
      </object_component>
      <object_component id="oc-861">
         <name>.tramp.HCI_SendCommandCompleteEvent.1</name>
         <load_address>0x1d95c</load_address>
         <run_address>0x1d95c</run_address>
         <size>0x8</size>
         <input_file_ref idref="fl-1f"/>
      </object_component>
      <object_component id="oc-860">
         <name>.tramp.llCalcScaFactor.1</name>
         <load_address>0x1d964</load_address>
         <run_address>0x1d964</run_address>
         <size>0x8</size>
         <input_file_ref idref="fl-1f"/>
      </object_component>
      <object_component id="oc-85f">
         <name>.tramp.HCI_LE_SetScanEnableCmd.1</name>
         <load_address>0x1d96c</load_address>
         <run_address>0x1d96c</run_address>
         <size>0x8</size>
         <input_file_ref idref="fl-1f"/>
      </object_component>
      <object_component id="oc-85e">
         <name>.tramp.HCI_LE_SetScanParamCmd.1</name>
         <load_address>0x1d974</load_address>
         <run_address>0x1d974</run_address>
         <size>0x8</size>
         <input_file_ref idref="fl-1f"/>
      </object_component>
      <object_component id="oc-85d">
         <name>.tramp.HCI_LE_LtkReqNegReplyCmd.1</name>
         <load_address>0x1d97c</load_address>
         <run_address>0x1d97c</run_address>
         <size>0x8</size>
         <input_file_ref idref="fl-1f"/>
      </object_component>
      <object_component id="oc-85c">
         <name>.tramp.HCI_LE_LtkReqReplyCmd.1</name>
         <load_address>0x1d984</load_address>
         <run_address>0x1d984</run_address>
         <size>0x8</size>
         <input_file_ref idref="fl-1f"/>
      </object_component>
      <object_component id="oc-85b">
         <name>.tramp.HCI_LE_StartEncyptCmd.1</name>
         <load_address>0x1d98c</load_address>
         <run_address>0x1d98c</run_address>
         <size>0x8</size>
         <input_file_ref idref="fl-1f"/>
      </object_component>
      <object_component id="oc-85a">
         <name>.tramp.LL_ENC_Decrypt.1</name>
         <load_address>0x1d994</load_address>
         <run_address>0x1d994</run_address>
         <size>0x8</size>
         <input_file_ref idref="fl-1f"/>
      </object_component>
      <object_component id="oc-859">
         <name>.tramp.llProcessScanRxFIFO.1</name>
         <load_address>0x1d99c</load_address>
         <run_address>0x1d99c</run_address>
         <size>0x8</size>
         <input_file_ref idref="fl-1f"/>
      </object_component>
      <object_component id="oc-858">
         <name>.tramp.HCI_SendDataPkt.1</name>
         <load_address>0x1d9a4</load_address>
         <run_address>0x1d9a4</run_address>
         <size>0x8</size>
         <input_file_ref idref="fl-1f"/>
      </object_component>
      <object_component id="oc-857">
         <name>.tramp.HCI_LE_SetAdvParamCmd.1</name>
         <load_address>0x1d9ac</load_address>
         <run_address>0x1d9ac</run_address>
         <size>0x8</size>
         <input_file_ref idref="fl-1f"/>
      </object_component>
      <object_component id="oc-856">
         <name>.tramp.HCI_LE_SetAdvEnableCmd.1</name>
         <load_address>0x1d9b4</load_address>
         <run_address>0x1d9b4</run_address>
         <size>0x8</size>
         <input_file_ref idref="fl-1f"/>
      </object_component>
      <object_component id="oc-855">
         <name>.tramp.HCI_LE_SetScanRspDataCmd.1</name>
         <load_address>0x1d9bc</load_address>
         <run_address>0x1d9bc</run_address>
         <size>0x8</size>
         <input_file_ref idref="fl-1f"/>
      </object_component>
      <object_component id="oc-854">
         <name>.tramp.HCI_LE_SetAdvDataCmd.1</name>
         <load_address>0x1d9c4</load_address>
         <run_address>0x1d9c4</run_address>
         <size>0x8</size>
         <input_file_ref idref="fl-1f"/>
      </object_component>
      <object_component id="oc-853">
         <name>.tramp.llSetupPauseEncReq.1</name>
         <load_address>0x1d9cc</load_address>
         <run_address>0x1d9cc</run_address>
         <size>0x8</size>
         <input_file_ref idref="fl-1f"/>
      </object_component>
      <object_component id="oc-852">
         <name>.tramp.llSetupEncReq.1</name>
         <load_address>0x1d9d4</load_address>
         <run_address>0x1d9d4</run_address>
         <size>0x8</size>
         <input_file_ref idref="fl-1f"/>
      </object_component>
      <object_component id="oc-851">
         <name>.tramp.llSetupUpdateParamReq.1</name>
         <load_address>0x1d9dc</load_address>
         <run_address>0x1d9dc</run_address>
         <size>0x8</size>
         <input_file_ref idref="fl-1f"/>
      </object_component>
      <object_component id="oc-850">
         <name>.tramp.llPatchCM0.1</name>
         <load_address>0x1d9e4</load_address>
         <run_address>0x1d9e4</run_address>
         <size>0x8</size>
         <input_file_ref idref="fl-1f"/>
      </object_component>
      <object_component id="oc-84f">
         <name>.tramp.LL_Encrypt.1</name>
         <load_address>0x1d9ec</load_address>
         <run_address>0x1d9ec</run_address>
         <size>0x8</size>
         <input_file_ref idref="fl-1f"/>
      </object_component>
      <object_component id="oc-84e">
         <name>.tramp.HCI_LE_RandCmd.1</name>
         <load_address>0x1d9f4</load_address>
         <run_address>0x1d9f4</run_address>
         <size>0x8</size>
         <input_file_ref idref="fl-1f"/>
      </object_component>
      <object_component id="oc-84d">
         <name>.tramp.HCI_DisconnectCmd.1</name>
         <load_address>0x1d9fc</load_address>
         <run_address>0x1d9fc</run_address>
         <size>0x8</size>
         <input_file_ref idref="fl-1f"/>
      </object_component>
      <object_component id="oc-84c">
         <name>.tramp.llSetupVersionIndReq.1</name>
         <load_address>0x1da04</load_address>
         <run_address>0x1da04</run_address>
         <size>0x8</size>
         <input_file_ref idref="fl-1f"/>
      </object_component>
      <object_component id="oc-84b">
         <name>.tramp.LL_ReadRemoteVersionInfoCback.1</name>
         <load_address>0x1da0c</load_address>
         <run_address>0x1da0c</run_address>
         <size>0x8</size>
         <input_file_ref idref="fl-1f"/>
      </object_component>
      <object_component id="oc-84a">
         <name>.tramp.llSetupPauseEncRsp.1</name>
         <load_address>0x1da14</load_address>
         <run_address>0x1da14</run_address>
         <size>0x8</size>
         <input_file_ref idref="fl-1f"/>
      </object_component>
      <object_component id="oc-849">
         <name>.tramp.llSetupStartEncRsp.1</name>
         <load_address>0x1da1c</load_address>
         <run_address>0x1da1c</run_address>
         <size>0x8</size>
         <input_file_ref idref="fl-1f"/>
      </object_component>
      <object_component id="oc-848">
         <name>.tramp.llSetupStartEncReq.1</name>
         <load_address>0x1da24</load_address>
         <run_address>0x1da24</run_address>
         <size>0x8</size>
         <input_file_ref idref="fl-1f"/>
      </object_component>
      <object_component id="oc-847">
         <name>.tramp.llSetupEncRsp.1</name>
         <load_address>0x1da2c</load_address>
         <run_address>0x1da2c</run_address>
         <size>0x8</size>
         <input_file_ref idref="fl-1f"/>
      </object_component>
      <object_component id="oc-846">
         <name>.tramp.LL_EncLtkReqCback.1</name>
         <load_address>0x1da34</load_address>
         <run_address>0x1da34</run_address>
         <size>0x8</size>
         <input_file_ref idref="fl-1f"/>
      </object_component>
      <object_component id="oc-845">
         <name>.tramp.llEventInRange.1</name>
         <load_address>0x1da3c</load_address>
         <run_address>0x1da3c</run_address>
         <size>0x8</size>
         <input_file_ref idref="fl-1f"/>
      </object_component>
      <object_component id="oc-844">
         <name>.tramp.llCheckForLstoDuringSL.1</name>
         <load_address>0x1da44</load_address>
         <run_address>0x1da44</run_address>
         <size>0x8</size>
         <input_file_ref idref="fl-1f"/>
      </object_component>
      <object_component id="oc-843">
         <name>.tramp.llConnTerminate.1</name>
         <load_address>0x1da4c</load_address>
         <run_address>0x1da4c</run_address>
         <size>0x8</size>
         <input_file_ref idref="fl-1f"/>
      </object_component>
      <object_component id="oc-842">
         <name>.tramp.llGetNumTxDataEntries.1</name>
         <load_address>0x1da54</load_address>
         <run_address>0x1da54</run_address>
         <size>0x8</size>
         <input_file_ref idref="fl-1f"/>
      </object_component>
      <object_component id="oc-841">
         <name>.tramp.llMoveTempTxDataEntries.1</name>
         <load_address>0x1da5c</load_address>
         <run_address>0x1da5c</run_address>
         <size>0x8</size>
         <input_file_ref idref="fl-1f"/>
      </object_component>
      <object_component id="oc-840">
         <name>.tramp.LL_EncChangeCback.1</name>
         <load_address>0x1da64</load_address>
         <run_address>0x1da64</run_address>
         <size>0x8</size>
         <input_file_ref idref="fl-1f"/>
      </object_component>
      <object_component id="oc-83f">
         <name>.tramp.LL_EncKeyRefreshCback.1</name>
         <load_address>0x1da6c</load_address>
         <run_address>0x1da6c</run_address>
         <size>0x8</size>
         <input_file_ref idref="fl-1f"/>
      </object_component>
      <object_component id="oc-83e">
         <name>.tramp.LL_ENC_AES128_Encrypt.1</name>
         <load_address>0x1da74</load_address>
         <run_address>0x1da74</run_address>
         <size>0x8</size>
         <input_file_ref idref="fl-1f"/>
      </object_component>
      <object_component id="oc-83d">
         <name>.tramp.LL_ENC_ReverseBytes.1</name>
         <load_address>0x1da7c</load_address>
         <run_address>0x1da7c</run_address>
         <size>0x8</size>
         <input_file_ref idref="fl-1f"/>
      </object_component>
      <object_component id="oc-83c">
         <name>.tramp.llSetupUnknownRsp.1</name>
         <load_address>0x1da84</load_address>
         <run_address>0x1da84</run_address>
         <size>0x8</size>
         <input_file_ref idref="fl-1f"/>
      </object_component>
      <object_component id="oc-83b">
         <name>.tramp.llMemCopySrc.1</name>
         <load_address>0x1da8c</load_address>
         <run_address>0x1da8c</run_address>
         <size>0x8</size>
         <input_file_ref idref="fl-1f"/>
      </object_component>
      <object_component id="oc-83a">
         <name>.tramp.HCI_ReadRemoteVersionInfoCmd.1</name>
         <load_address>0x1da94</load_address>
         <run_address>0x1da94</run_address>
         <size>0x8</size>
         <input_file_ref idref="fl-1f"/>
      </object_component>
      <object_component id="oc-839">
         <name>.tramp.HCI_SetEventMaskCmd.1</name>
         <load_address>0x1da9c</load_address>
         <run_address>0x1da9c</run_address>
         <size>0x8</size>
         <input_file_ref idref="fl-1f"/>
      </object_component>
      <object_component id="oc-838">
         <name>.tramp.HCI_ReadTransmitPowerLevelCmd.1</name>
         <load_address>0x1daa4</load_address>
         <run_address>0x1daa4</run_address>
         <size>0x8</size>
         <input_file_ref idref="fl-1f"/>
      </object_component>
      <object_component id="oc-837">
         <name>.tramp.HCI_ReadLocalSupportedFeaturesCmd.1</name>
         <load_address>0x1daac</load_address>
         <run_address>0x1daac</run_address>
         <size>0x8</size>
         <input_file_ref idref="fl-1f"/>
      </object_component>
      <object_component id="oc-836">
         <name>.tramp.HCI_ReadBDADDRCmd.1</name>
         <load_address>0x1dab4</load_address>
         <run_address>0x1dab4</run_address>
         <size>0x8</size>
         <input_file_ref idref="fl-1f"/>
      </object_component>
      <object_component id="oc-835">
         <name>.tramp.HCI_ReadRssiCmd.1</name>
         <load_address>0x1dabc</load_address>
         <run_address>0x1dabc</run_address>
         <size>0x8</size>
         <input_file_ref idref="fl-1f"/>
      </object_component>
      <object_component id="oc-834">
         <name>.tramp.HCI_LE_ReadLocalSupportedFeaturesCmd.1</name>
         <load_address>0x1dac4</load_address>
         <run_address>0x1dac4</run_address>
         <size>0x8</size>
         <input_file_ref idref="fl-1f"/>
      </object_component>
      <object_component id="oc-833">
         <name>.tramp.HCI_LE_ReadAdvChanTxPowerCmd.1</name>
         <load_address>0x1dacc</load_address>
         <run_address>0x1dacc</run_address>
         <size>0x8</size>
         <input_file_ref idref="fl-1f"/>
      </object_component>
      <object_component id="oc-832">
         <name>.tramp.HCI_LE_ReadWhiteListSizeCmd.1</name>
         <load_address>0x1dad4</load_address>
         <run_address>0x1dad4</run_address>
         <size>0x8</size>
         <input_file_ref idref="fl-1f"/>
      </object_component>
      <object_component id="oc-831">
         <name>.tramp.HCI_LE_ClearWhiteListCmd.1</name>
         <load_address>0x1dadc</load_address>
         <run_address>0x1dadc</run_address>
         <size>0x8</size>
         <input_file_ref idref="fl-1f"/>
      </object_component>
      <object_component id="oc-830">
         <name>.tramp.HCI_LE_AddWhiteListCmd.1</name>
         <load_address>0x1dae4</load_address>
         <run_address>0x1dae4</run_address>
         <size>0x8</size>
         <input_file_ref idref="fl-1f"/>
      </object_component>
      <object_component id="oc-82f">
         <name>.tramp.HCI_LE_RemoveWhiteListCmd.1</name>
         <load_address>0x1daec</load_address>
         <run_address>0x1daec</run_address>
         <size>0x8</size>
         <input_file_ref idref="fl-1f"/>
      </object_component>
      <object_component id="oc-82e">
         <name>.tramp.HCI_LE_SetHostChanClassificationCmd.1</name>
         <load_address>0x1daf4</load_address>
         <run_address>0x1daf4</run_address>
         <size>0x8</size>
         <input_file_ref idref="fl-1f"/>
      </object_component>
      <object_component id="oc-82d">
         <name>.tramp.HCI_LE_ReadChannelMapCmd.1</name>
         <load_address>0x1dafc</load_address>
         <run_address>0x1dafc</run_address>
         <size>0x8</size>
         <input_file_ref idref="fl-1f"/>
      </object_component>
      <object_component id="oc-82c">
         <name>.tramp.HCI_LE_EncryptCmd.1</name>
         <load_address>0x1db04</load_address>
         <run_address>0x1db04</run_address>
         <size>0x8</size>
         <input_file_ref idref="fl-1f"/>
      </object_component>
      <object_component id="oc-82b">
         <name>.tramp.HCI_LE_ReadSupportedStatesCmd.1</name>
         <load_address>0x1db0c</load_address>
         <run_address>0x1db0c</run_address>
         <size>0x8</size>
         <input_file_ref idref="fl-1f"/>
      </object_component>
      <object_component id="oc-82a">
         <name>.tramp.HCI_LE_TestEndCmd.1</name>
         <load_address>0x1db14</load_address>
         <run_address>0x1db14</run_address>
         <size>0x8</size>
         <input_file_ref idref="fl-1f"/>
      </object_component>
      <object_component id="oc-829">
         <name>.tramp.HCI_EXT_SetTxPowerCmd.1</name>
         <load_address>0x1db1c</load_address>
         <run_address>0x1db1c</run_address>
         <size>0x8</size>
         <input_file_ref idref="fl-1f"/>
      </object_component>
      <object_component id="oc-828">
         <name>.tramp.HCI_EXT_OnePktPerEvtCmd.1</name>
         <load_address>0x1db24</load_address>
         <run_address>0x1db24</run_address>
         <size>0x8</size>
         <input_file_ref idref="fl-1f"/>
      </object_component>
      <object_component id="oc-827">
         <name>.tramp.HCI_EXT_DecryptCmd.1</name>
         <load_address>0x1db2c</load_address>
         <run_address>0x1db2c</run_address>
         <size>0x8</size>
         <input_file_ref idref="fl-1f"/>
      </object_component>
      <object_component id="oc-826">
         <name>.tramp.HCI_EXT_SetLocalSupportedFeaturesCmd.1</name>
         <load_address>0x1db34</load_address>
         <run_address>0x1db34</run_address>
         <size>0x8</size>
         <input_file_ref idref="fl-1f"/>
      </object_component>
      <object_component id="oc-825">
         <name>.tramp.HCI_EXT_SetFastTxResponseTimeCmd.1</name>
         <load_address>0x1db3c</load_address>
         <run_address>0x1db3c</run_address>
         <size>0x8</size>
         <input_file_ref idref="fl-1f"/>
      </object_component>
      <object_component id="oc-824">
         <name>.tramp.HCI_EXT_ModemTestTxCmd.1</name>
         <load_address>0x1db44</load_address>
         <run_address>0x1db44</run_address>
         <size>0x8</size>
         <input_file_ref idref="fl-1f"/>
      </object_component>
      <object_component id="oc-823">
         <name>.tramp.HCI_EXT_ModemHopTestTxCmd.1</name>
         <load_address>0x1db4c</load_address>
         <run_address>0x1db4c</run_address>
         <size>0x8</size>
         <input_file_ref idref="fl-1f"/>
      </object_component>
      <object_component id="oc-822">
         <name>.tramp.HCI_EXT_ModemTestRxCmd.1</name>
         <load_address>0x1db54</load_address>
         <run_address>0x1db54</run_address>
         <size>0x8</size>
         <input_file_ref idref="fl-1f"/>
      </object_component>
      <object_component id="oc-821">
         <name>.tramp.HCI_EXT_EndModemTestCmd.1</name>
         <load_address>0x1db5c</load_address>
         <run_address>0x1db5c</run_address>
         <size>0x8</size>
         <input_file_ref idref="fl-1f"/>
      </object_component>
      <object_component id="oc-820">
         <name>.tramp.HCI_EXT_SetBDADDRCmd.1</name>
         <load_address>0x1db64</load_address>
         <run_address>0x1db64</run_address>
         <size>0x8</size>
         <input_file_ref idref="fl-1f"/>
      </object_component>
      <object_component id="oc-81f">
         <name>.tramp.HCI_EXT_SetSCACmd.1</name>
         <load_address>0x1db6c</load_address>
         <run_address>0x1db6c</run_address>
         <size>0x8</size>
         <input_file_ref idref="fl-1f"/>
      </object_component>
      <object_component id="oc-81e">
         <name>.tramp.HCI_EXT_EnablePTMCmd.1</name>
         <load_address>0x1db74</load_address>
         <run_address>0x1db74</run_address>
         <size>0x8</size>
         <input_file_ref idref="fl-1f"/>
      </object_component>
      <object_component id="oc-81d">
         <name>.tramp.HCI_EXT_SetMaxDtmTxPowerCmd.1</name>
         <load_address>0x1db7c</load_address>
         <run_address>0x1db7c</run_address>
         <size>0x8</size>
         <input_file_ref idref="fl-1f"/>
      </object_component>
      <object_component id="oc-81c">
         <name>.tramp.HCI_EXT_DisconnectImmedCmd.1</name>
         <load_address>0x1db84</load_address>
         <run_address>0x1db84</run_address>
         <size>0x8</size>
         <input_file_ref idref="fl-1f"/>
      </object_component>
      <object_component id="oc-81b">
         <name>.tramp.HCI_EXT_PacketErrorRateCmd.1</name>
         <load_address>0x1db8c</load_address>
         <run_address>0x1db8c</run_address>
         <size>0x8</size>
         <input_file_ref idref="fl-1f"/>
      </object_component>
      <object_component id="oc-81a">
         <name>.tramp.HCI_EXT_PERbyChanCmd.1</name>
         <load_address>0x1db94</load_address>
         <run_address>0x1db94</run_address>
         <size>0x8</size>
         <input_file_ref idref="fl-1f"/>
      </object_component>
      <object_component id="oc-819">
         <name>.tramp.HCI_EXT_AdvEventNoticeCmd.1</name>
         <load_address>0x1db9c</load_address>
         <run_address>0x1db9c</run_address>
         <size>0x8</size>
         <input_file_ref idref="fl-1f"/>
      </object_component>
      <object_component id="oc-818">
         <name>.tramp.HCI_EXT_SetSlaveLatencyOverrideCmd.1</name>
         <load_address>0x1dba4</load_address>
         <run_address>0x1dba4</run_address>
         <size>0x8</size>
         <input_file_ref idref="fl-1f"/>
      </object_component>
      <object_component id="oc-817">
         <name>.tramp.HCI_EXT_BuildRevisionCmd.1</name>
         <load_address>0x1dbac</load_address>
         <run_address>0x1dbac</run_address>
         <size>0x8</size>
         <input_file_ref idref="fl-1f"/>
      </object_component>
      <object_component id="oc-816">
         <name>.tramp.HCI_EXT_NumComplPktsLimitCmd.1</name>
         <load_address>0x1dbb4</load_address>
         <run_address>0x1dbb4</run_address>
         <size>0x8</size>
         <input_file_ref idref="fl-1f"/>
      </object_component>
      <object_component id="oc-815">
         <name>.tramp.llSetupRejectInd.1</name>
         <load_address>0x1dbbc</load_address>
         <run_address>0x1dbbc</run_address>
         <size>0x8</size>
         <input_file_ref idref="fl-1f"/>
      </object_component>
      <object_component id="oc-814">
         <name>.tramp.WL_FindEntry.1</name>
         <load_address>0x1dbc4</load_address>
         <run_address>0x1dbc4</run_address>
         <size>0x8</size>
         <input_file_ref idref="fl-1f"/>
      </object_component>
      <object_component id="oc-813">
         <name>.tramp.LL_RX_bm_alloc.1</name>
         <load_address>0x1dbcc</load_address>
         <run_address>0x1dbcc</run_address>
         <size>0x8</size>
         <input_file_ref idref="fl-1f"/>
      </object_component>
      <object_component id="oc-812">
         <name>.tramp.HCI_bm_alloc.1</name>
         <load_address>0x1dbd4</load_address>
         <run_address>0x1dbd4</run_address>
         <size>0x8</size>
         <input_file_ref idref="fl-1f"/>
      </object_component>
      <object_component id="oc-811">
         <name>.tramp.llConvertCtrlProcTimeoutToEvent.1</name>
         <load_address>0x1dbdc</load_address>
         <run_address>0x1dbdc</run_address>
         <size>0x8</size>
         <input_file_ref idref="fl-1f"/>
      </object_component>
      <object_component id="oc-810">
         <name>.tramp.llConvertLstoToEvent.1</name>
         <load_address>0x1dbe4</load_address>
         <run_address>0x1dbe4</run_address>
         <size>0x8</size>
         <input_file_ref idref="fl-1f"/>
      </object_component>
      <object_component id="oc-80f">
         <name>.tramp.llTimeDelta.1</name>
         <load_address>0x1dbec</load_address>
         <run_address>0x1dbec</run_address>
         <size>0x8</size>
         <input_file_ref idref="fl-1f"/>
      </object_component>
      <object_component id="oc-80e">
         <name>.tramp.llTimeCompare.1</name>
         <load_address>0x1dbf4</load_address>
         <run_address>0x1dbf4</run_address>
         <size>0x8</size>
         <input_file_ref idref="fl-1f"/>
      </object_component>
      <object_component id="oc-80d">
         <name>.tramp.LL_ENC_Encrypt.1</name>
         <load_address>0x1dbfc</load_address>
         <run_address>0x1dbfc</run_address>
         <size>0x8</size>
         <input_file_ref idref="fl-1f"/>
      </object_component>
      <object_component id="oc-80c">
         <name>.tramp.LL_TX_bm_alloc.1</name>
         <load_address>0x1dc04</load_address>
         <run_address>0x1dc04</run_address>
         <size>0x8</size>
         <input_file_ref idref="fl-1f"/>
      </object_component>
      <object_component id="oc-80b">
         <name>.tramp.llEventDelta.1</name>
         <load_address>0x1dc0c</load_address>
         <run_address>0x1dc0c</run_address>
         <size>0x8</size>
         <input_file_ref idref="fl-1f"/>
      </object_component>
      <object_component id="oc-80a">
         <name>.tramp.llAtLeastTwoChans.1</name>
         <load_address>0x1dc14</load_address>
         <run_address>0x1dc14</run_address>
         <size>0x8</size>
         <input_file_ref idref="fl-1f"/>
      </object_component>
      <object_component id="oc-809">
         <name>.tramp.llSetupConn.1</name>
         <load_address>0x1dc1c</load_address>
         <run_address>0x1dc1c</run_address>
         <size>0x8</size>
         <input_file_ref idref="fl-1f"/>
      </object_component>
      <object_component id="oc-808">
         <name>.tramp.llSetupInit.1</name>
         <load_address>0x1dc24</load_address>
         <run_address>0x1dc24</run_address>
         <size>0x8</size>
         <input_file_ref idref="fl-1f"/>
      </object_component>
      <object_component id="oc-807">
         <name>.tramp.llGenerateValidAccessAddr.1</name>
         <load_address>0x1dc2c</load_address>
         <run_address>0x1dc2c</run_address>
         <size>0x8</size>
         <input_file_ref idref="fl-1f"/>
      </object_component>
      <object_component id="oc-806">
         <name>.tramp.llGenerateCRC.1</name>
         <load_address>0x1dc34</load_address>
         <run_address>0x1dc34</run_address>
         <size>0x8</size>
         <input_file_ref idref="fl-1f"/>
      </object_component>
      <object_component id="oc-805">
         <name>.tramp.llReleaseConnId.1</name>
         <load_address>0x1dc3c</load_address>
         <run_address>0x1dc3c</run_address>
         <size>0x8</size>
         <input_file_ref idref="fl-1f"/>
      </object_component>
      <object_component id="oc-804">
         <name>.tramp.llPendingUpdateParam.1</name>
         <load_address>0x1dc44</load_address>
         <run_address>0x1dc44</run_address>
         <size>0x8</size>
         <input_file_ref idref="fl-1f"/>
      </object_component>
      <object_component id="oc-803">
         <name>.tramp.llFreeTask.1</name>
         <load_address>0x1dc4c</load_address>
         <run_address>0x1dc4c</run_address>
         <size>0x8</size>
         <input_file_ref idref="fl-1f"/>
      </object_component>
      <object_component id="oc-802">
         <name>.tramp.llGetNumTasks.1</name>
         <load_address>0x1dc54</load_address>
         <run_address>0x1dc54</run_address>
         <size>0x8</size>
         <input_file_ref idref="fl-1f"/>
      </object_component>
      <object_component id="oc-801">
         <name>.tramp.llScheduler.1</name>
         <load_address>0x1dc5c</load_address>
         <run_address>0x1dc5c</run_address>
         <size>0x8</size>
         <input_file_ref idref="fl-1f"/>
      </object_component>
      <object_component id="oc-800">
         <name>.tramp.llSetupAdv.1</name>
         <load_address>0x1dc64</load_address>
         <run_address>0x1dc64</run_address>
         <size>0x8</size>
         <input_file_ref idref="fl-1f"/>
      </object_component>
      <object_component id="oc-7ff">
         <name>.tramp.LL_DirectTestEndDoneCback.1</name>
         <load_address>0x1dc6c</load_address>
         <run_address>0x1dc6c</run_address>
         <size>0x8</size>
         <input_file_ref idref="fl-1f"/>
      </object_component>
      <object_component id="oc-7fe">
         <name>.tramp.llRfStartFS.1</name>
         <load_address>0x1dc74</load_address>
         <run_address>0x1dc74</run_address>
         <size>0x8</size>
         <input_file_ref idref="fl-1f"/>
      </object_component>
      <object_component id="oc-7fd">
         <name>.tramp.llWriteTxData.1</name>
         <load_address>0x1dc7c</load_address>
         <run_address>0x1dc7c</run_address>
         <size>0x8</size>
         <input_file_ref idref="fl-1f"/>
      </object_component>
      <object_component id="oc-7fc">
         <name>.tramp.HCI_DataBufferOverflowEvent.1</name>
         <load_address>0x1dc84</load_address>
         <run_address>0x1dc84</run_address>
         <size>0x8</size>
         <input_file_ref idref="fl-1f"/>
      </object_component>
      <object_component id="oc-7fb">
         <name>.tramp.LL_ENC_GenerateTrueRandNum.1</name>
         <load_address>0x1dc8c</load_address>
         <run_address>0x1dc8c</run_address>
         <size>0x8</size>
         <input_file_ref idref="fl-1f"/>
      </object_component>
      <object_component id="oc-7fa">
         <name>.tramp.llEnqueueCtrlPkt.1</name>
         <load_address>0x1dc94</load_address>
         <run_address>0x1dc94</run_address>
         <size>0x8</size>
         <input_file_ref idref="fl-1f"/>
      </object_component>
      <object_component id="oc-7f9">
         <name>.tramp.LL_ENC_GenDeviceIV.1</name>
         <load_address>0x1dc9c</load_address>
         <run_address>0x1dc9c</run_address>
         <size>0x8</size>
         <input_file_ref idref="fl-1f"/>
      </object_component>
      <object_component id="oc-7f8">
         <name>.tramp.LL_ENC_GenDeviceSKD.1</name>
         <load_address>0x1dca4</load_address>
         <run_address>0x1dca4</run_address>
         <size>0x8</size>
         <input_file_ref idref="fl-1f"/>
      </object_component>
      <object_component id="oc-7f7">
         <name>.tramp.LL_ConnActive.1</name>
         <load_address>0x1dcac</load_address>
         <run_address>0x1dcac</run_address>
         <size>0x8</size>
         <input_file_ref idref="fl-1f"/>
      </object_component>
      <object_component id="oc-7f6">
         <name>.tramp.llReleaseAllConnId.1</name>
         <load_address>0x1dcb4</load_address>
         <run_address>0x1dcb4</run_address>
         <size>0x8</size>
         <input_file_ref idref="fl-1f"/>
      </object_component>
      <object_component id="oc-7f5">
         <name>.tramp.LL_ClearWhiteList.1</name>
         <load_address>0x1dcbc</load_address>
         <run_address>0x1dcbc</run_address>
         <size>0x8</size>
         <input_file_ref idref="fl-1f"/>
      </object_component>
      <object_component id="oc-7f4">
         <name>.tramp.LL_ENC_Init.1</name>
         <load_address>0x1dcc4</load_address>
         <run_address>0x1dcc4</run_address>
         <size>0x8</size>
         <input_file_ref idref="fl-1f"/>
      </object_component>
      <object_component id="oc-7f3">
         <name>.tramp.WL_Init.1</name>
         <load_address>0x1dccc</load_address>
         <run_address>0x1dccc</run_address>
         <size>0x8</size>
         <input_file_ref idref="fl-1f"/>
      </object_component>
      <object_component id="oc-7f2">
         <name>.tramp.llHaltRadio.1</name>
         <load_address>0x1dcd4</load_address>
         <run_address>0x1dcd4</run_address>
         <size>0x8</size>
         <input_file_ref idref="fl-1f"/>
      </object_component>
      <object_component id="oc-7f1">
         <name>.tramp.HCI_HardwareErrorEvent.1</name>
         <load_address>0x1dcdc</load_address>
         <run_address>0x1dcdc</run_address>
         <size>0x8</size>
         <input_file_ref idref="fl-1f"/>
      </object_component>
      <object_component id="oc-7f0">
         <name>.tramp.LL_ConnectionCompleteCback.1</name>
         <load_address>0x1dce4</load_address>
         <run_address>0x1dce4</run_address>
         <size>0x8</size>
         <input_file_ref idref="fl-1f"/>
      </object_component>
      <object_component id="oc-7ef">
         <name>.tramp.llGetCurrentTask.1</name>
         <load_address>0x1dcec</load_address>
         <run_address>0x1dcec</run_address>
         <size>0x8</size>
         <input_file_ref idref="fl-1f"/>
      </object_component>
      <object_component id="oc-7ee">
         <name>.tramp.llInitRAT.1</name>
         <load_address>0x1dcf4</load_address>
         <run_address>0x1dcf4</run_address>
         <size>0x8</size>
         <input_file_ref idref="fl-1f"/>
      </object_component>
      <object_component id="oc-7ed">
         <name>.tramp.llGetCurrentTime.1</name>
         <load_address>0x1dcfc</load_address>
         <run_address>0x1dcfc</run_address>
         <size>0x8</size>
         <input_file_ref idref="fl-1f"/>
      </object_component>
      <object_component id="oc-7ec">
         <name>.tramp.llSetupRfHal.1</name>
         <load_address>0x1dd04</load_address>
         <run_address>0x1dd04</run_address>
         <size>0x8</size>
         <input_file_ref idref="fl-1f"/>
      </object_component>
      <object_component id="oc-7eb">
         <name>.tramp.llSetupMailbox.1</name>
         <load_address>0x1dd0c</load_address>
         <run_address>0x1dd0c</run_address>
         <size>0x8</size>
         <input_file_ref idref="fl-1f"/>
      </object_component>
      <object_component id="oc-7ea">
         <name>.tramp.llResetRadio.1</name>
         <load_address>0x1dd14</load_address>
         <run_address>0x1dd14</run_address>
         <size>0x8</size>
         <input_file_ref idref="fl-1f"/>
      </object_component>
      <object_component id="oc-342">
         <name>.const</name>
         <load_address>0x1dd1c</load_address>
         <run_address>0x1dd1c</run_address>
         <size>0x664</size>
         <input_file_ref idref="fl-8"/>
      </object_component>
      <object_component id="oc-332">
         <name>.const</name>
         <load_address>0x1e380</load_address>
         <run_address>0x1e380</run_address>
         <size>0x10c</size>
         <input_file_ref idref="fl-5"/>
      </object_component>
      <object_component id="oc-520">
         <name>.const:tasksArr</name>
         <load_address>0x1e48c</load_address>
         <run_address>0x1e48c</run_address>
         <size>0x24</size>
         <input_file_ref idref="fl-7"/>
      </object_component>
      <object_component id="oc-46b">
         <name>.rodata</name>
         <load_address>0x1e4b0</load_address>
         <run_address>0x1e4b0</run_address>
         <size>0x5c</size>
         <input_file_ref idref="fl-fe"/>
      </object_component>
      <object_component id="oc-7b8">
         <name>.rodata</name>
         <load_address>0x1e50c</load_address>
         <run_address>0x1e50c</run_address>
         <size>0x8</size>
         <input_file_ref idref="fl-ef"/>
      </object_component>
      <object_component id="oc-785">
         <name>.rodata</name>
         <load_address>0x1e514</load_address>
         <run_address>0x1e514</run_address>
         <size>0x8</size>
         <input_file_ref idref="fl-f4"/>
      </object_component>
      <object_component id="oc-711">
         <name>.rodata</name>
         <load_address>0x1e51c</load_address>
         <run_address>0x1e51c</run_address>
         <size>0x2</size>
         <input_file_ref idref="fl-102"/>
      </object_component>
      <object_component id="oc-7e7">
         <name>.cinit..data.load</name>
         <load_address>0x1e520</load_address>
         <run_address>0x1e520</run_address>
         <size>0x15a</size>
      </object_component>
      <object_component id="oc-7e5">
         <name>__TI_handler_table</name>
         <load_address>0x1e67c</load_address>
         <run_address>0x1e67c</run_address>
         <size>0xc</size>
      </object_component>
      <object_component id="oc-7e9">
         <name>.cinit..TI.bound:mbIntCbackTable.load</name>
         <load_address>0x1e688</load_address>
         <run_address>0x1e688</run_address>
         <size>0x8</size>
      </object_component>
      <object_component id="oc-7e8">
         <name>.cinit..bss.load</name>
         <load_address>0x1e690</load_address>
         <run_address>0x1e690</run_address>
         <size>0x8</size>
      </object_component>
      <object_component id="oc-7e6">
         <name>__TI_cinit_table</name>
         <load_address>0x1e698</load_address>
         <run_address>0x1e698</run_address>
         <size>0x18</size>
      </object_component>
      <object_component id="oc-26">
         <name>EntrySection</name>
         <load_address>0xd000</load_address>
         <run_address>0xd000</run_address>
         <size>0x2c</size>
         <input_file_ref idref="fl-6"/>
      </object_component>
      <object_component id="oc-7a7">
         <name>.bss</name>
         <uninitialized>true</uninitialized>
         <run_address>0x20004874</run_address>
         <size>0x4</size>
         <input_file_ref idref="fl-e3"/>
      </object_component>
      <object_component id="oc-783">
         <name>.bss</name>
         <uninitialized>true</uninitialized>
         <run_address>0x20004878</run_address>
         <size>0x4</size>
         <input_file_ref idref="fl-e4"/>
      </object_component>
      <object_component id="oc-525">
         <name>.bss</name>
         <uninitialized>true</uninitialized>
         <run_address>0x2000487c</run_address>
         <size>0x4</size>
         <input_file_ref idref="fl-e6"/>
      </object_component>
      <object_component id="oc-526">
         <name>.bss</name>
         <uninitialized>true</uninitialized>
         <run_address>0x20004880</run_address>
         <size>0x4</size>
         <input_file_ref idref="fl-e6"/>
      </object_component>
      <object_component id="oc-763">
         <name>.bss</name>
         <uninitialized>true</uninitialized>
         <run_address>0x20004888</run_address>
         <size>0x4</size>
         <input_file_ref idref="fl-ea"/>
      </object_component>
      <object_component id="oc-762">
         <name>.bss</name>
         <uninitialized>true</uninitialized>
         <run_address>0x20004884</run_address>
         <size>0x4</size>
         <input_file_ref idref="fl-ea"/>
      </object_component>
      <object_component id="oc-5d3">
         <name>.bss</name>
         <uninitialized>true</uninitialized>
         <run_address>0x2000488c</run_address>
         <size>0x4</size>
         <input_file_ref idref="fl-eb"/>
      </object_component>
      <object_component id="oc-78d">
         <name>.bss</name>
         <uninitialized>true</uninitialized>
         <run_address>0x200048ac</run_address>
         <size>0x2</size>
         <input_file_ref idref="fl-ec"/>
      </object_component>
      <object_component id="oc-788">
         <name>.bss</name>
         <uninitialized>true</uninitialized>
         <run_address>0x20004890</run_address>
         <size>0x4</size>
         <input_file_ref idref="fl-ef"/>
      </object_component>
      <object_component id="oc-789">
         <name>.bss</name>
         <uninitialized>true</uninitialized>
         <run_address>0x20004894</run_address>
         <size>0x4</size>
         <input_file_ref idref="fl-f0"/>
      </object_component>
      <object_component id="oc-780">
         <name>.bss</name>
         <uninitialized>true</uninitialized>
         <run_address>0x20004898</run_address>
         <size>0x4</size>
         <input_file_ref idref="fl-f1"/>
      </object_component>
      <object_component id="oc-67a">
         <name>.bss</name>
         <uninitialized>true</uninitialized>
         <run_address>0x200048ae</run_address>
         <size>0x2</size>
         <input_file_ref idref="fl-f2"/>
      </object_component>
      <object_component id="oc-678">
         <name>.bss</name>
         <uninitialized>true</uninitialized>
         <run_address>0x20004854</run_address>
         <size>0x8</size>
         <input_file_ref idref="fl-f2"/>
      </object_component>
      <object_component id="oc-67c">
         <name>.bss</name>
         <uninitialized>true</uninitialized>
         <run_address>0x2000485c</run_address>
         <size>0x8</size>
         <input_file_ref idref="fl-f4"/>
      </object_component>
      <object_component id="oc-67d">
         <name>.bss</name>
         <uninitialized>true</uninitialized>
         <run_address>0x2000489c</run_address>
         <size>0x4</size>
         <input_file_ref idref="fl-f4"/>
      </object_component>
      <object_component id="oc-685">
         <name>.bss</name>
         <uninitialized>true</uninitialized>
         <run_address>0x200047d8</run_address>
         <size>0x20</size>
         <input_file_ref idref="fl-f4"/>
      </object_component>
      <object_component id="oc-750">
         <name>.bss</name>
         <uninitialized>true</uninitialized>
         <run_address>0x2000482c</run_address>
         <size>0x10</size>
         <input_file_ref idref="fl-f6"/>
      </object_component>
      <object_component id="oc-761">
         <name>.bss</name>
         <uninitialized>true</uninitialized>
         <run_address>0x200048b2</run_address>
         <size>0x1</size>
         <input_file_ref idref="fl-f8"/>
      </object_component>
      <object_component id="oc-570">
         <name>.bss</name>
         <uninitialized>true</uninitialized>
         <run_address>0x20004864</run_address>
         <size>0x8</size>
         <input_file_ref idref="fl-f9"/>
      </object_component>
      <object_component id="oc-571">
         <name>.bss</name>
         <uninitialized>true</uninitialized>
         <run_address>0x200047a8</run_address>
         <size>0x30</size>
         <input_file_ref idref="fl-f9"/>
      </object_component>
      <object_component id="oc-75f">
         <name>.bss</name>
         <uninitialized>true</uninitialized>
         <run_address>0x200048b3</run_address>
         <size>0x1</size>
         <input_file_ref idref="fl-fa"/>
      </object_component>
      <object_component id="oc-572">
         <name>.bss</name>
         <uninitialized>true</uninitialized>
         <run_address>0x20004770</run_address>
         <size>0x38</size>
         <input_file_ref idref="fl-fb"/>
      </object_component>
      <object_component id="oc-751">
         <name>.bss</name>
         <uninitialized>true</uninitialized>
         <run_address>0x200048b4</run_address>
         <size>0x1</size>
         <input_file_ref idref="fl-fd"/>
      </object_component>
      <object_component id="oc-524">
         <name>.bss</name>
         <uninitialized>true</uninitialized>
         <run_address>0x200047f8</run_address>
         <size>0x1c</size>
         <input_file_ref idref="fl-102"/>
      </object_component>
      <object_component id="oc-753">
         <name>.bss</name>
         <uninitialized>true</uninitialized>
         <run_address>0x200048b0</run_address>
         <size>0x2</size>
         <input_file_ref idref="fl-104"/>
      </object_component>
      <object_component id="oc-74a">
         <name>.bss</name>
         <uninitialized>true</uninitialized>
         <run_address>0x20004814</run_address>
         <size>0x18</size>
         <input_file_ref idref="fl-105"/>
      </object_component>
      <object_component id="oc-74b">
         <name>.bss</name>
         <uninitialized>true</uninitialized>
         <run_address>0x200048b5</run_address>
         <size>0x1</size>
         <input_file_ref idref="fl-105"/>
      </object_component>
      <object_component id="oc-765">
         <name>.bss</name>
         <uninitialized>true</uninitialized>
         <run_address>0x200048a0</run_address>
         <size>0x4</size>
         <input_file_ref idref="fl-107"/>
      </object_component>
      <object_component id="oc-5f4">
         <name>.bss</name>
         <uninitialized>true</uninitialized>
         <run_address>0x2000483c</run_address>
         <size>0xc</size>
         <input_file_ref idref="fl-108"/>
      </object_component>
      <object_component id="oc-5f3">
         <name>.bss</name>
         <uninitialized>true</uninitialized>
         <run_address>0x200048b6</run_address>
         <size>0x1</size>
         <input_file_ref idref="fl-10a"/>
      </object_component>
      <object_component id="oc-466">
         <name>.bss</name>
         <uninitialized>true</uninitialized>
         <run_address>0x200048b7</run_address>
         <size>0x1</size>
         <input_file_ref idref="fl-10c"/>
      </object_component>
      <object_component id="oc-46a">
         <name>.bss</name>
         <uninitialized>true</uninitialized>
         <run_address>0x200048bb</run_address>
         <size>0x1</size>
         <input_file_ref idref="fl-10c"/>
      </object_component>
      <object_component id="oc-468">
         <name>.bss</name>
         <uninitialized>true</uninitialized>
         <run_address>0x200048b9</run_address>
         <size>0x1</size>
         <input_file_ref idref="fl-10c"/>
      </object_component>
      <object_component id="oc-467">
         <name>.bss</name>
         <uninitialized>true</uninitialized>
         <run_address>0x200048b8</run_address>
         <size>0x1</size>
         <input_file_ref idref="fl-10c"/>
      </object_component>
      <object_component id="oc-469">
         <name>.bss</name>
         <uninitialized>true</uninitialized>
         <run_address>0x200048ba</run_address>
         <size>0x1</size>
         <input_file_ref idref="fl-10c"/>
      </object_component>
      <object_component id="oc-527">
         <name>.bss</name>
         <uninitialized>true</uninitialized>
         <run_address>0x200048bc</run_address>
         <size>0x1</size>
         <input_file_ref idref="fl-10c"/>
      </object_component>
      <object_component id="oc-259">
         <name>.bss</name>
         <uninitialized>true</uninitialized>
         <run_address>0x20004848</run_address>
         <size>0xc</size>
         <input_file_ref idref="fl-6"/>
      </object_component>
      <object_component id="oc-73a">
         <name>.bss</name>
         <uninitialized>true</uninitialized>
         <run_address>0x2000486c</run_address>
         <size>0x8</size>
         <input_file_ref idref="fl-11"/>
      </object_component>
      <object_component id="oc-6fa">
         <name>.bss</name>
         <uninitialized>true</uninitialized>
[...]
         <object_component_ref idref="oc-711"/>
      </symbol>
      <symbol id="sm-136e">
         <name>maxPduSize</name>
         <value>0x200047f8</value>
         <object_component_ref idref="oc-524"/>
      </symbol>
      <symbol id="sm-136f">
         <name>maxQueuedPdu</name>
         <value>0x20004800</value>
         <object_component_ref idref="oc-524"/>
      </symbol>
      <symbol id="sm-1370">
         <name>rfFeModeBias</name>
         <value>0x200047f9</value>
         <object_component_ref idref="oc-524"/>
      </symbol>
      <symbol id="sm-1371">
         <name>sclkSrc</name>
         <value>0x20004810</value>
         <object_component_ref idref="oc-524"/>
      </symbol>
      <symbol id="sm-1386">
         <name>llActiveTask</name>
         <value>0x1cbc3</value>
         <object_component_ref idref="oc-497"/>
      </symbol>
      <symbol id="sm-1387">
         <name>llAllocTask</name>
         <value>0x1cb47</value>
         <object_component_ref idref="oc-497"/>
      </symbol>
      <symbol id="sm-1388">
         <name>llGetTask</name>
         <value>0x1cbf9</value>
         <object_component_ref idref="oc-497"/>
      </symbol>
      <symbol id="sm-1389">
         <name>llGetTaskState</name>
         <value>0x1cba1</value>
         <object_component_ref idref="oc-497"/>
      </symbol>
      <symbol id="sm-138a">
         <name>llScheduleTask</name>
         <value>0x1cc29</value>
         <object_component_ref idref="oc-497"/>
      </symbol>
      <symbol id="sm-138b">
         <name>llSchedulerInit</name>
         <value>0x1cb15</value>
         <object_component_ref idref="oc-497"/>
      </symbol>
      <symbol id="sm-13b8">
         <name>llProcessSlaveControlProcedures</name>
         <value>0x13683</value>
         <object_component_ref idref="oc-4f6"/>
      </symbol>
      <symbol id="sm-13b9">
         <name>llSetupNextSlaveEvent</name>
         <value>0x13321</value>
         <object_component_ref idref="oc-4f6"/>
      </symbol>
      <symbol id="sm-13ba">
         <name>llSlave_TaskEnd</name>
         <value>0x13125</value>
         <object_component_ref idref="oc-4f6"/>
      </symbol>
      <symbol id="sm-1450">
         <name>LL_PM_Enter_AES</name>
         <value>0x15ff9</value>
         <object_component_ref idref="oc-440"/>
      </symbol>
      <symbol id="sm-1451">
         <name>LL_PM_Exit_AES</name>
         <value>0x1600b</value>
         <object_component_ref idref="oc-440"/>
      </symbol>
      <symbol id="sm-1452">
         <name>LL_PM_ForceSysBusThroughRF</name>
         <value>0x159dd</value>
         <object_component_ref idref="oc-440"/>
      </symbol>
      <symbol id="sm-1453">
         <name>LL_PM_GetRfCoreState</name>
         <value>0x15db1</value>
         <object_component_ref idref="oc-440"/>
      </symbol>
      <symbol id="sm-1454">
         <name>LL_PM_Init</name>
         <value>0x15d43</value>
         <object_component_ref idref="oc-440"/>
      </symbol>
      <symbol id="sm-1455">
         <name>LL_PM_InitRadioSetupCmd</name>
         <value>0x159e5</value>
         <object_component_ref idref="oc-440"/>
      </symbol>
      <symbol id="sm-1456">
         <name>LL_PM_PowerCycleRadio</name>
         <value>0x15ed3</value>
         <object_component_ref idref="oc-440"/>
      </symbol>
      <symbol id="sm-1457">
         <name>LL_PM_PowerOffRfCore</name>
         <value>0x15c07</value>
         <object_component_ref idref="oc-440"/>
      </symbol>
      <symbol id="sm-1458">
         <name>LL_PM_PowerOffRfCoreOptimize</name>
         <value>0x15c6b</value>
         <object_component_ref idref="oc-440"/>
      </symbol>
      <symbol id="sm-1459">
         <name>LL_PM_PowerOnReq</name>
         <value>0x15f45</value>
         <object_component_ref idref="oc-440"/>
      </symbol>
      <symbol id="sm-145a">
         <name>LL_PM_PowerOnRfCore</name>
         <value>0x15b91</value>
         <object_component_ref idref="oc-440"/>
      </symbol>
      <symbol id="sm-145b">
         <name>LL_PM_PowerOnRfCoreOptimize</name>
         <value>0x15a9b</value>
         <object_component_ref idref="oc-440"/>
      </symbol>
      <symbol id="sm-145c">
         <name>LL_PM_RFCmdDoneEventCallback</name>
         <value>0x200045e8</value>
         <object_component_ref idref="oc-749"/>
      </symbol>
      <symbol id="sm-145d">
         <name>LL_PM_ShutdownFS</name>
         <value>0x15c33</value>
         <object_component_ref idref="oc-440"/>
      </symbol>
      <symbol id="sm-145e">
         <name>LL_PM_StartRfTask</name>
         <value>0x15dc7</value>
         <object_component_ref idref="oc-440"/>
      </symbol>
      <symbol id="sm-145f">
         <name>LL_PM_StopCurTaskTimer</name>
         <value>0x15e95</value>
         <object_component_ref idref="oc-440"/>
      </symbol>
      <symbol id="sm-1483">
         <name>SM_InitiatorInit</name>
         <value>0x185c5</value>
         <object_component_ref idref="oc-793"/>
      </symbol>
      <symbol id="sm-1484">
         <name>SM_StartEncryption</name>
         <value>0x18617</value>
         <object_component_ref idref="oc-793"/>
      </symbol>
      <symbol id="sm-1485">
         <name>smEncLTK</name>
         <value>0x185df</value>
         <object_component_ref idref="oc-793"/>
      </symbol>
      <symbol id="sm-14e5">
         <name>SM_CalcRandomAddr</name>
         <value>0x15265</value>
         <object_component_ref idref="oc-58e"/>
      </symbol>
      <symbol id="sm-14e6">
         <name>SM_Encrypt</name>
         <value>0x152e5</value>
         <object_component_ref idref="oc-58e"/>
      </symbol>
      <symbol id="sm-14e7">
         <name>SM_GenerateAuthenSig</name>
         <value>0x155d9</value>
         <object_component_ref idref="oc-58e"/>
      </symbol>
      <symbol id="sm-14e8">
         <name>SM_NewRandKey</name>
         <value>0x15235</value>
         <object_component_ref idref="oc-58e"/>
      </symbol>
      <symbol id="sm-14e9">
         <name>SM_ResolveRandomAddrs</name>
         <value>0x15297</value>
         <object_component_ref idref="oc-58e"/>
      </symbol>
      <symbol id="sm-14ea">
         <name>SM_VerifyAuthenSig</name>
         <value>0x15673</value>
         <object_component_ref idref="oc-58e"/>
      </symbol>
      <symbol id="sm-14eb">
         <name>smAuthReqToUint8</name>
         <value>0x1557b</value>
         <object_component_ref idref="oc-58e"/>
      </symbol>
      <symbol id="sm-14ec">
         <name>smGenerateRandBuf</name>
         <value>0x15555</value>
         <object_component_ref idref="oc-58e"/>
      </symbol>
      <symbol id="sm-14ed">
         <name>smInProcess</name>
         <value>0x153b3</value>
         <object_component_ref idref="oc-58e"/>
      </symbol>
      <symbol id="sm-14ee">
         <name>smProcessRandComplete</name>
         <value>0x15323</value>
         <object_component_ref idref="oc-58e"/>
      </symbol>
      <symbol id="sm-14ef">
         <name>smStartRspTimer</name>
         <value>0x1538d</value>
         <object_component_ref idref="oc-58e"/>
      </symbol>
      <symbol id="sm-14f0">
         <name>smStopRspTimer</name>
         <value>0x153a9</value>
         <object_component_ref idref="oc-58e"/>
      </symbol>
      <symbol id="sm-14f1">
         <name>smUint8ToAuthReq</name>
         <value>0x1559b</value>
         <object_component_ref idref="oc-58e"/>
      </symbol>
      <symbol id="sm-14f2">
         <name>sm_ah</name>
         <value>0x153e7</value>
         <object_component_ref idref="oc-58e"/>
      </symbol>
      <symbol id="sm-14f3">
         <name>sm_c1new</name>
         <value>0x15447</value>
         <object_component_ref idref="oc-58e"/>
      </symbol>
      <symbol id="sm-14f4">
         <name>sm_d1</name>
         <value>0x153c5</value>
         <object_component_ref idref="oc-58e"/>
      </symbol>
      <symbol id="sm-14f5">
         <name>sm_dm</name>
         <value>0x1541d</value>
         <object_component_ref idref="oc-58e"/>
      </symbol>
      <symbol id="sm-14f6">
         <name>sm_s1</name>
         <value>0x15515</value>
         <object_component_ref idref="oc-58e"/>
      </symbol>
      <symbol id="sm-154c">
         <name>SM_PasskeyUpdate</name>
         <value>0x14b5f</value>
         <object_component_ref idref="oc-5d4"/>
      </symbol>
      <symbol id="sm-154d">
         <name>SM_StartPairing</name>
         <value>0x14ad9</value>
         <object_component_ref idref="oc-5d4"/>
      </symbol>
      <symbol id="sm-154e">
         <name>pPairingParams</name>
         <value>0x2000483c</value>
         <object_component_ref idref="oc-5f4"/>
      </symbol>
      <symbol id="sm-154f">
         <name>pfnResponderCBs</name>
         <value>0x20004840</value>
         <object_component_ref idref="oc-5f4"/>
      </symbol>
      <symbol id="sm-1550">
         <name>smDetermineKeySize</name>
         <value>0x15193</value>
         <object_component_ref idref="oc-5d4"/>
      </symbol>
      <symbol id="sm-1551">
         <name>smEndPairing</name>
         <value>0x15163</value>
         <object_component_ref idref="oc-5d4"/>
      </symbol>
      <symbol id="sm-1552">
         <name>smGenerateConfirm</name>
         <value>0x14ef7</value>
         <object_component_ref idref="oc-5d4"/>
      </symbol>
      <symbol id="sm-1553">
         <name>smGeneratePairingReqRsp</name>
         <value>0x14ecb</value>
         <object_component_ref idref="oc-5d4"/>
      </symbol>
      <symbol id="sm-1554">
         <name>smGenerateRandMsg</name>
         <value>0x14f0f</value>
         <object_component_ref idref="oc-5d4"/>
      </symbol>
      <symbol id="sm-1555">
         <name>smLinkCheck</name>
         <value>0x14be9</value>
         <object_component_ref idref="oc-5d4"/>
      </symbol>
      <symbol id="sm-1556">
         <name>smNextPairingState</name>
         <value>0x14d97</value>
         <object_component_ref idref="oc-5d4"/>
      </symbol>
      <symbol id="sm-1557">
         <name>smPairingSendEncInfo</name>
         <value>0x150b7</value>
         <object_component_ref idref="oc-5d4"/>
      </symbol>
      <symbol id="sm-1558">
         <name>smPairingSendIdentityAddrInfo</name>
         <value>0x150ef</value>
         <object_component_ref idref="oc-5d4"/>
      </symbol>
      <symbol id="sm-1559">
         <name>smPairingSendIdentityInfo</name>
         <value>0x150e5</value>
         <object_component_ref idref="oc-5d4"/>
      </symbol>
      <symbol id="sm-155a">
         <name>smPairingSendMasterID</name>
         <value>0x150bd</value>
         <object_component_ref idref="oc-5d4"/>
      </symbol>
      <symbol id="sm-155b">
         <name>smPairingSendSingingInfo</name>
         <value>0x15113</value>
         <object_component_ref idref="oc-5d4"/>
      </symbol>
      <symbol id="sm-155c">
         <name>smProcessDataMsg</name>
         <value>0x14c05</value>
         <object_component_ref idref="oc-5d4"/>
      </symbol>
      <symbol id="sm-155d">
         <name>smProcessEncryptChange</name>
         <value>0x14ced</value>
         <object_component_ref idref="oc-5d4"/>
      </symbol>
      <symbol id="sm-155e">
         <name>smProcessPairingReq</name>
         <value>0x14e5d</value>
         <object_component_ref idref="oc-5d4"/>
      </symbol>
      <symbol id="sm-155f">
         <name>smRegisterInitiator</name>
         <value>0x14bd9</value>
         <object_component_ref idref="oc-5d4"/>
      </symbol>
      <symbol id="sm-1560">
         <name>smRegisterResponder</name>
         <value>0x14be1</value>
         <object_component_ref idref="oc-5d4"/>
      </symbol>
      <symbol id="sm-1561">
         <name>smSavePairInfo</name>
         <value>0x14f39</value>
         <object_component_ref idref="oc-5d4"/>
      </symbol>
      <symbol id="sm-1562">
         <name>smSendFailAndEnd</name>
         <value>0x14cd1</value>
         <object_component_ref idref="oc-5d4"/>
      </symbol>
      <symbol id="sm-1563">
         <name>smStartEncryption</name>
         <value>0x14eb1</value>
         <object_component_ref idref="oc-5d4"/>
      </symbol>
      <symbol id="sm-1564">
         <name>smTimedOut</name>
         <value>0x14c01</value>
         <object_component_ref idref="oc-5d4"/>
      </symbol>
      <symbol id="sm-1565">
         <name>sm_c1</name>
         <value>0x14dc7</value>
         <object_component_ref idref="oc-5d4"/>
      </symbol>
      <symbol id="sm-1587">
         <name>SM_ResponderInit</name>
         <value>0x18b31</value>
         <object_component_ref idref="oc-79d"/>
      </symbol>
      <symbol id="sm-1588">
         <name>smpResponderProcessPairingReq</name>
         <value>0x18df1</value>
         <object_component_ref idref="oc-79d"/>
      </symbol>
      <symbol id="sm-1598">
         <name>SM_Init</name>
         <value>0x1ce61</value>
         <object_component_ref idref="oc-39c"/>
      </symbol>
      <symbol id="sm-1599">
         <name>SM_ProcessEvent</name>
         <value>0x1ce7d</value>
         <object_component_ref idref="oc-39c"/>
      </symbol>
      <symbol id="sm-159a">
         <name>smTaskID</name>
         <value>0x200048b6</value>
         <object_component_ref idref="oc-5f3"/>
      </symbol>
      <symbol id="sm-15d2">
         <name>smSendSMMsg</name>
         <value>0x1a103</value>
         <object_component_ref idref="oc-766"/>
      </symbol>
      <symbol id="sm-15d3">
         <name>smpBuildEncInfo</name>
         <value>0x19fd1</value>
         <object_component_ref idref="oc-766"/>
      </symbol>
      <symbol id="sm-15d4">
         <name>smpBuildIdentityAddrInfo</name>
         <value>0x1a053</value>
         <object_component_ref idref="oc-766"/>
      </symbol>
      <symbol id="sm-15d5">
         <name>smpBuildIdentityInfo</name>
         <value>0x1a041</value>
         <object_component_ref idref="oc-766"/>
      </symbol>
      <symbol id="sm-15d6">
         <name>smpBuildMasterID</name>
         <value>0x19ff9</value>
         <object_component_ref idref="oc-766"/>
      </symbol>
      <symbol id="sm-15d7">
         <name>smpBuildPairingConfirm</name>
         <value>0x19f3b</value>
         <object_component_ref idref="oc-766"/>
      </symbol>
      <symbol id="sm-15d8">
         <name>smpBuildPairingFailed</name>
         <value>0x19f9b</value>
         <object_component_ref idref="oc-766"/>
      </symbol>
      <symbol id="sm-15d9">
         <name>smpBuildPairingRandom</name>
         <value>0x19f63</value>
         <object_component_ref idref="oc-766"/>
      </symbol>
      <symbol id="sm-15da">
         <name>smpBuildPairingReq</name>
         <value>0x19db1</value>
         <object_component_ref idref="oc-766"/>
      </symbol>
      <symbol id="sm-15db">
         <name>smpBuildPairingReqRsp</name>
         <value>0x19dbf</value>
         <object_component_ref idref="oc-766"/>
      </symbol>
      <symbol id="sm-15dc">
         <name>smpBuildPairingRsp</name>
         <value>0x19db9</value>
         <object_component_ref idref="oc-766"/>
      </symbol>
      <symbol id="sm-15dd">
         <name>smpBuildSecurityReq</name>
         <value>0x1a0cb</value>
         <object_component_ref idref="oc-766"/>
      </symbol>
      <symbol id="sm-15de">
         <name>smpBuildSigningInfo</name>
         <value>0x1a0a3</value>
         <object_component_ref idref="oc-766"/>
      </symbol>
      <symbol id="sm-15df">
         <name>smpParseEncInfo</name>
         <value>0x19fe3</value>
         <object_component_ref idref="oc-766"/>
      </symbol>
      <symbol id="sm-15e0">
         <name>smpParseIdentityAddrInfo</name>
         <value>0x1a087</value>
         <object_component_ref idref="oc-766"/>
      </symbol>
      <symbol id="sm-15e1">
         <name>smpParseIdentityInfo</name>
         <value>0x1a071</value>
         <object_component_ref idref="oc-766"/>
      </symbol>
      <symbol id="sm-15e2">
         <name>smpParseMasterID</name>
         <value>0x1a01d</value>
         <object_component_ref idref="oc-766"/>
      </symbol>
      <symbol id="sm-15e3">
         <name>smpParsePairingConfirm</name>
         <value>0x19f4d</value>
         <object_component_ref idref="oc-766"/>
      </symbol>
      <symbol id="sm-15e4">
         <name>smpParsePairingFailed</name>
         <value>0x19fb3</value>
         <object_component_ref idref="oc-766"/>
      </symbol>
      <symbol id="sm-15e5">
         <name>smpParsePairingRandom</name>
         <value>0x19f85</value>
         <object_component_ref idref="oc-766"/>
      </symbol>
      <symbol id="sm-15e6">
         <name>smpParsePairingReq</name>
         <value>0x19e67</value>
         <object_component_ref idref="oc-766"/>
      </symbol>
      <symbol id="sm-15e7">
         <name>smpParseSecurityReq</name>
         <value>0x1a0e7</value>
         <object_component_ref idref="oc-766"/>
      </symbol>
      <symbol id="sm-15e8">
         <name>smpParseSigningInfo</name>
         <value>0x1a0b5</value>
         <object_component_ref idref="oc-766"/>
      </symbol>
      <symbol id="sm-1607">
         <name>HCI_ExtTaskRegister</name>
         <value>0x1d163</value>
         <object_component_ref idref="oc-37f"/>
      </symbol>
      <symbol id="sm-1608">
         <name>HCI_GAPTaskRegister</name>
         <value>0x1d151</value>
         <object_component_ref idref="oc-37f"/>
      </symbol>
      <symbol id="sm-1609">
         <name>HCI_Init</name>
         <value>0x1d0dd</value>
         <object_component_ref idref="oc-37f"/>
      </symbol>
      <symbol id="sm-160a">
         <name>HCI_L2CAPTaskRegister</name>
         <value>0x1d157</value>
         <object_component_ref idref="oc-37f"/>
      </symbol>
      <symbol id="sm-160b">
         <name>HCI_ProcessEvent</name>
         <value>0x1d10f</value>
         <object_component_ref idref="oc-37f"/>
      </symbol>
      <symbol id="sm-160c">
         <name>HCI_SMPTaskRegister</name>
         <value>0x1d15d</value>
         <object_component_ref idref="oc-37f"/>
      </symbol>
      <symbol id="sm-160d">
         <name>HCI_TestAppTaskRegister</name>
         <value>0x1d14b</value>
         <object_component_ref idref="oc-37f"/>
      </symbol>
      <symbol id="sm-160e">
         <name>hciExtTaskID</name>
         <value>0x200048bc</value>
         <object_component_ref idref="oc-527"/>
      </symbol>
      <symbol id="sm-160f">
         <name>hciGapTaskID</name>
         <value>0x200048b9</value>
         <object_component_ref idref="oc-468"/>
      </symbol>
      <symbol id="sm-1610">
         <name>hciL2capTaskID</name>
         <value>0x200048b8</value>
         <object_component_ref idref="oc-467"/>
      </symbol>
      <symbol id="sm-1611">
         <name>hciSmpTaskID</name>
         <value>0x200048ba</value>
         <object_component_ref idref="oc-469"/>
      </symbol>
      <symbol id="sm-1612">
         <name>hciTaskID</name>
         <value>0x200048b7</value>
         <object_component_ref idref="oc-466"/>
      </symbol>
      <symbol id="sm-1613">
         <name>hciTestTaskID</name>
         <value>0x200048bb</value>
         <object_component_ref idref="oc-46a"/>
      </symbol>
      <symbol id="sm-1625">
         <name>NOROM_CPUcpsie</name>
         <value>0x1d90b</value>
         <object_component_ref idref="oc-33c"/>
      </symbol>
      <symbol id="sm-1626">
         <name>NOROM_CPUcpsid</name>
         <value>0x1d8ff</value>
         <object_component_ref idref="oc-336"/>
      </symbol>
      <symbol id="sm-1627">
         <name>__TI_static_base__</name>
         <value>0x1e520</value>
      </symbol>
      <symbol id="sm-162c">
         <name>SHT$$INIT_ARRAY$$Limit</name>
         <value>0x0</value>
      </symbol>
      <symbol id="sm-162d">
         <name>SHT$$INIT_ARRAY$$Base</name>
         <value>0x0</value>
      </symbol>
   </symbol_table>
   <title>Link successful</title>
</link_info>
