******************************************************************************
                  TI ARM Linker PC v15.9.0                     
******************************************************************************
>> Linked Fri Feb 19 11:16:49 2016

OUTPUT FILE NAME:   <multi_role_stack.out>
ENTRY POINT SYMBOL: "startup_entry"  address: 0000d001


MEMORY CONFIGURATION

         name            origin    length      used     unused   attr    fill
----------------------  --------  ---------  --------  --------  ----  --------
  FLASH                 0000d000   00012000  000116ae  00000952  R  X
  SRAM                  20004478   0000046f  00000442  0000002d  RW X
  $BOUND$0x20004fec     20004fec   00000010  00000010  00000000  R IX


SEGMENT ALLOCATION MAP

run origin  load origin   length   init length attrs members
----------  ----------- ---------- ----------- ----- -------
0000d000    0000d000    000116b0   000116b0    r-x
  0000d000    0000d000    0000002c   0000002c    r-x EntrySection
  0000d02c    0000d02c    00010cf0   00010cf0    r-x .text
  0001dd1c    0001dd1c    00000794   00000794    r-- .const
  0001e4b0    0001e4b0    0000006e   0000006e    r-- .rodata
  0001e520    0001e520    00000190   00000190    r-- .cinit
20004478    20004478    00000445   00000000    rw-
  20004478    20004478    000002b9   00000000    rw- .data
  20004734    20004734    00000189   00000000    rw- .bss
20004fec    20004fec    00000010   00000000    rw-
  20004fec    20004fec    00000010   00000000    rw- .TI.bound:mbIntCbackTable


SECTION ALLOCATION MAP

 output                                  attributes/
section   page    origin      length       input sections
--------  ----  ----------  ----------   ----------------
EntrySection 
*          0    0000d000    0000002c     
                  0000d000    0000002c     ICall_startup.obj (EntrySection)

.text      0    0000d02c    00010cf0     
                  0000d02c    00001440     CC2640Stack.a : ll_PATCH.o (.text)
                  0000e46c    0000115c                   : ll_common_PATCH.o (.text)
                  0000f5c8    00000fa8                   : gattservapp.o (.text)
                  00010570    00000d6a                   : gatt_client.o (.text)
                  000112da    00000002     hal_assert.obj (.text)
                  000112dc    00000a4c     CC2640Stack.a : gatt_server.o (.text)
                  00011d28    00000a08     bleDispatch.obj (.text)
                  00012730    000009f2     CC2640Stack.a : ble_PATCH.o (.text)
                  00013122    00000002     --HOLE-- [fill = 0]
                  00013124    0000093e                   : ll_slaveEndCauses_PATCH.o (.text)
                  00013a62    00000002     --HOLE-- [fill = 0]
                  00013a64    000008e0                   : gap_linkmgr.o (.text)
                  00014344    00000794     OSAL.obj (.text)
                  00014ad8    0000075c     CC2640Stack.a : sm_pairing.o (.text)
                  00015234    00000708                   : sm_mgr.o (.text)
                  0001593c    000006d4                   : ll_sleep.o (.text)
                  00016010    000006b2                   : ll_masterEndCauses_PATCH.o (.text)
                  000166c2    00000002     --HOLE-- [fill = 0]
                  000166c4    0000069c                   : gap_peridevmgr.o (.text)
                  00016d60    00000684                   : l2cap_util.o (.text)
                  000173e4    00000618                   : ll_config.o (.text)
                  000179fc    00000618                   : ll_isr.o (.text)
                  00018014    000005b0                   : att_util.o (.text)
                  000185c4    0000056c                   : sm_intpairing.o (.text)
                  00018b30    00000558                   : sm_rsppairing.o (.text)
                  00019088    0000051c                   : gap_centdevmgr.o (.text)
                  000195a4    0000042e                   : ll_advEndCauses_PATCH.o (.text)
                  000199d2    00000002     --HOLE-- [fill = 0]
                  000199d4    000003dc                   : hci_event_PATCH.o (.text)
                  00019db0    0000039a                   : smp.o (.text)
                  0001a14a    00000002     --HOLE-- [fill = 0]
                  0001a14c    0000037c                   : hci_PATCH.o (.text)
                  0001a4c8    0000036c     mb_PATCH.obj (.text)
                  0001a834    00000358     CC2640Stack.a : gap_configmgr.o (.text)
                  0001ab8c    0000032a                   : ll_initEndCauses_PATCH.o (.text)
                  0001aeb6    00000002     --HOLE-- [fill = 0]
                  0001aeb8    00000308                   : gapgattserver.o (.text)
                  0001b1c0    000002fc                   : gatt_task.o (.text)
                  0001b4bc    00000294                   : linkdb.o (.text)
                  0001b750    0000028c                   : gap_task.o (.text)
                  0001b9dc    00000284                   : l2cap_task.o (.text)
                  0001bc60    00000248     OSAL_Timers.obj (.text)
                  0001bea8    00000228     CC2640Stack.a : gap_centlinkmgr.o (.text)
                  0001c0d0    00000008     ble_rom_PATCH.symbols (.tramp.HCI_LE_CreateConnCmd.1)
                  0001c0d8    00000008     ble_rom_PATCH.symbols (.tramp.HCI_LE_CreateConnCancelCmd.1)
                  0001c0e0    000001f8     osal_cbtimer.obj (.text)
                  0001c2d8    000001f4     rtsv7M3_T_le_eabi.lib : ull_div_t2.obj (.text)
                  0001c4cc    000001ec     CC2640Stack.a : att_server.o (.text)
                  0001c6b8    000001a4                   : att_client.o (.text)
                  0001c85c    0000015e                   : l2cap_if.o (.text)
                  0001c9ba    00000002     --HOLE-- [fill = 0]
                  0001c9bc    00000008     ble_rom_PATCH.symbols (.tramp.HCI_SetControllerToHostFlowCtrlCmd.1)
                  0001c9c4    00000008     ble_rom_PATCH.symbols (.tramp.HCI_HostBufferSizeCmd.1)
                  0001c9cc    00000008     ble_rom_PATCH.symbols (.tramp.HCI_HostNumCompletedPktCmd.1)
                  0001c9d4    0000013e     CC2640Stack.a : gatt_uuid.o (.text)
                  0001cb12    00000002     --HOLE-- [fill = 0]
                  0001cb14    00000138                   : ll_scheduler_PATCH.o (.text)
                  0001cc4c    0000010c                   : gap_perilinkmgr.o (.text)
                  0001cd58    00000108     OSAL_ICallBle.obj (.text)
                  0001ce60    00000104     CC2640Stack.a : sm_task.o (.text)
                  0001cf64    000000c8     osal_bufmgr.obj (.text)
                  0001d02c    000000a8     CC2640Stack.a : hci_data_PATCH.o (.text)
                  0001d0d4    00000008     ble_rom_PATCH.symbols (.tramp.LL_CtrlToHostFlowControl.1)
                  0001d0dc    000000a8     CC2640Stack_HCI_TL.a : hci_tl.o (.text)
                  0001d184    0000009c     rtsv7M3_T_le_eabi.lib : memcpy_t2.obj (.text)
                  0001d220    00000090     OSAL_PwrMgr.obj (.text)
                  0001d2b0    00000082     CC2640Stack.a : gap_devmgr.o (.text)
                  0001d332    0000007a     rtsv7M3_T_le_eabi.lib : memset_t2.obj (.text)
                  0001d3ac    00000078     driverlib.lib : interrupt.obj (.text:NOROM_IntDisable)
                  0001d424    00000078                   : interrupt.obj (.text:NOROM_IntEnable)
                  0001d49c    0000006c     rtsv7M3_T_le_eabi.lib : autoinit.obj (.text)
                  0001d508    0000006a                           : copy_decompress_rle.obj (.text)
                  0001d572    00000002     --HOLE-- [fill = 0]
                  0001d574    00000068     OSAL_Clock.obj (.text)
                  0001d5dc    00000068     ROM_Init.obj (.text)
                  0001d644    00000064     gattservapp_util.obj (.text)
                  0001d6a8    00000064     hal_trng_wrapper.obj (.text)
                  0001d70c    00000060     gap.obj (.text)
                  0001d76c    00000054     bleUserConfig.obj (.text)
                  0001d7c0    0000004c     rtsv7M3_T_le_eabi.lib : cpy_tbl.obj (.text)
                  0001d80c    00000048     OSAL_MemoryICall.obj (.text)
                  0001d854    00000030     CommonROM_Init.obj (.text)
                  0001d884    00000026     driverlib.lib : trng.obj (.text:NOROM_TRNGConfigure)
                  0001d8aa    00000018     rtsv7M3_T_le_eabi.lib : ll_mul_t2.obj (.text)
                  0001d8c2    00000014                           : strlen.obj (.text)
                  0001d8d6    00000012     OnBoard.obj (.text)
                  0001d8e8    00000008     ble_rom_PATCH.symbols (.tramp.LL_PseudoRand.1)
                  0001d8f0    0000000e     rtsv7M3_T_le_eabi.lib : copy_decompress_none.obj (.text:decompress:none)
                  0001d8fe    0000000c     driverlib.lib : cpu.obj (.text:NOROM_CPUcpsid)
                  0001d90a    0000000c                   : cpu.obj (.text:NOROM_CPUcpsie)
                  0001d916    0000000c     rtsv7M3_T_le_eabi.lib : copy_zero_init.obj (.text:decompress:ZI)
                  0001d922    0000000a     osal_snv_wrapper.obj (.text)
                  0001d92c    00000006     rtsv7M3_T_le_eabi.lib : copy_decompress_rle.obj (.text:decompress:rle24)
                  0001d932    00000002     --HOLE-- [fill = 0]
                  0001d934    00000008     ble_rom_PATCH.symbols (.tramp.HCI_LE_SetRandomAddressCmd.1)
                  0001d93c    00000008     ble_rom_PATCH.symbols (.tramp.LL_ReadLocalVersionInfo.1)
                  0001d944    00000008     ble_rom_PATCH.symbols (.tramp.LL_EXT_ResetSystem.1)
                  0001d94c    00000008     ble_rom_PATCH.symbols (.tramp.HCI_CommandStatusEvent.1)
                  0001d954    00000008     ble_rom_PATCH.symbols (.tramp.HCI_CommandCompleteEvent.1)
                  0001d95c    00000008     ble_rom_PATCH.symbols (.tramp.HCI_SendCommandCompleteEvent.1)
                  0001d964    00000008     ble_rom_PATCH.symbols (.tramp.llCalcScaFactor.1)
                  0001d96c    00000008     ble_rom_PATCH.symbols (.tramp.HCI_LE_SetScanEnableCmd.1)
                  0001d974    00000008     ble_rom_PATCH.symbols (.tramp.HCI_LE_SetScanParamCmd.1)
                  0001d97c    00000008     ble_rom_PATCH.symbols (.tramp.HCI_LE_LtkReqNegReplyCmd.1)
                  0001d984    00000008     ble_rom_PATCH.symbols (.tramp.HCI_LE_LtkReqReplyCmd.1)
                  0001d98c    00000008     ble_rom_PATCH.symbols (.tramp.HCI_LE_StartEncyptCmd.1)
                  0001d994    00000008     ble_rom_PATCH.symbols (.tramp.LL_ENC_Decrypt.1)
                  0001d99c    00000008     ble_rom_PATCH.symbols (.tramp.llProcessScanRxFIFO.1)
                  0001d9a4    00000008     ble_rom_PATCH.symbols (.tramp.HCI_SendDataPkt.1)
                  0001d9ac    00000008     ble_rom_PATCH.symbols (.tramp.HCI_LE_SetAdvParamCmd.1)
                  0001d9b4    00000008     ble_rom_PATCH.symbols (.tramp.HCI_LE_SetAdvEnableCmd.1)
                  0001d9bc    00000008     ble_rom_PATCH.symbols (.tramp.HCI_LE_SetScanRspDataCmd.1)
                  0001d9c4    00000008     ble_rom_PATCH.symbols (.tramp.HCI_LE_SetAdvDataCmd.1)
                  0001d9cc    00000008     ble_rom_PATCH.symbols (.tramp.llSetupPauseEncReq.1)
                  0001d9d4    00000008     ble_rom_PATCH.symbols (.tramp.llSetupEncReq.1)
                  0001d9dc    00000008     ble_rom_PATCH.symbols (.tramp.llSetupUpdateParamReq.1)
                  0001d9e4    00000008     ble_rom_PATCH.symbols (.tramp.llPatchCM0.1)
                  0001d9ec    00000008     ble_rom_PATCH.symbols (.tramp.LL_Encrypt.1)
                  0001d9f4    00000008     ble_rom_PATCH.symbols (.tramp.HCI_LE_RandCmd.1)
                  0001d9fc    00000008     ble_rom_PATCH.symbols (.tramp.HCI_DisconnectCmd.1)
                  0001da04    00000008     ble_rom_PATCH.symbols (.tramp.llSetupVersionIndReq.1)
                  0001da0c    00000008     ble_rom_PATCH.symbols (.tramp.LL_ReadRemoteVersionInfoCback.1)
                  0001da14    00000008     ble_rom_PATCH.symbols (.tramp.llSetupPauseEncRsp.1)
                  0001da1c    00000008     ble_rom_PATCH.symbols (.tramp.llSetupStartEncRsp.1)
                  0001da24    00000008     ble_rom_PATCH.symbols (.tramp.llSetupStartEncReq.1)
                  0001da2c    00000008     ble_rom_PATCH.symbols (.tramp.llSetupEncRsp.1)
                  0001da34    00000008     ble_rom_PATCH.symbols (.tramp.LL_EncLtkReqCback.1)
                  0001da3c    00000008     ble_rom_PATCH.symbols (.tramp.llEventInRange.1)
                  0001da44    00000008     ble_rom_PATCH.symbols (.tramp.llCheckForLstoDuringSL.1)
                  0001da4c    00000008     ble_rom_PATCH.symbols (.tramp.llConnTerminate.1)
                  0001da54    00000008     ble_rom_PATCH.symbols (.tramp.llGetNumTxDataEntries.1)
                  0001da5c    00000008     ble_rom_PATCH.symbols (.tramp.llMoveTempTxDataEntries.1)
                  0001da64    00000008     ble_rom_PATCH.symbols (.tramp.LL_EncChangeCback.1)
                  0001da6c    00000008     ble_rom_PATCH.symbols (.tramp.LL_EncKeyRefreshCback.1)
                  0001da74    00000008     ble_rom_PATCH.symbols (.tramp.LL_ENC_AES128_Encrypt.1)
                  0001da7c    00000008     ble_rom_PATCH.symbols (.tramp.LL_ENC_ReverseBytes.1)
                  0001da84    00000008     ble_rom_PATCH.symbols (.tramp.llSetupUnknownRsp.1)
                  0001da8c    00000008     ble_rom_PATCH.symbols (.tramp.llMemCopySrc.1)
                  0001da94    00000008     ble_rom_PATCH.symbols (.tramp.HCI_ReadRemoteVersionInfoCmd.1)
                  0001da9c    00000008     ble_rom_PATCH.symbols (.tramp.HCI_SetEventMaskCmd.1)
                  0001daa4    00000008     ble_rom_PATCH.symbols (.tramp.HCI_ReadTransmitPowerLevelCmd.1)
                  0001daac    00000008     ble_rom_PATCH.symbols (.tramp.HCI_ReadLocalSupportedFeaturesCmd.1)
                  0001dab4    00000008     ble_rom_PATCH.symbols (.tramp.HCI_ReadBDADDRCmd.1)
                  0001dabc    00000008     ble_rom_PATCH.symbols (.tramp.HCI_ReadRssiCmd.1)
                  0001dac4    00000008     ble_rom_PATCH.symbols (.tramp.HCI_LE_ReadLocalSupportedFeaturesCmd.1)
                  0001dacc    00000008     ble_rom_PATCH.symbols (.tramp.HCI_LE_ReadAdvChanTxPowerCmd.1)
                  0001dad4    00000008     ble_rom_PATCH.symbols (.tramp.HCI_LE_ReadWhiteListSizeCmd.1)
                  0001dadc    00000008     ble_rom_PATCH.symbols (.tramp.HCI_LE_ClearWhiteListCmd.1)
                  0001dae4    00000008     ble_rom_PATCH.symbols (.tramp.HCI_LE_AddWhiteListCmd.1)
                  0001daec    00000008     ble_rom_PATCH.symbols (.tramp.HCI_LE_RemoveWhiteListCmd.1)
                  0001daf4    00000008     ble_rom_PATCH.symbols (.tramp.HCI_LE_SetHostChanClassificationCmd.1)
                  0001dafc    00000008     ble_rom_PATCH.symbols (.tramp.HCI_LE_ReadChannelMapCmd.1)
                  0001db04    00000008     ble_rom_PATCH.symbols (.tramp.HCI_LE_EncryptCmd.1)
                  0001db0c    00000008     ble_rom_PATCH.symbols (.tramp.HCI_LE_ReadSupportedStatesCmd.1)
                  0001db14    00000008     ble_rom_PATCH.symbols (.tramp.HCI_LE_TestEndCmd.1)
                  0001db1c    00000008     ble_rom_PATCH.symbols (.tramp.HCI_EXT_SetTxPowerCmd.1)
                  0001db24    00000008     ble_rom_PATCH.symbols (.tramp.HCI_EXT_OnePktPerEvtCmd.1)
                  0001db2c    00000008     ble_rom_PATCH.symbols (.tramp.HCI_EXT_DecryptCmd.1)
                  0001db34    00000008     ble_rom_PATCH.symbols (.tramp.HCI_EXT_SetLocalSupportedFeaturesCmd.1)
                  0001db3c    00000008     ble_rom_PATCH.symbols (.tramp.HCI_EXT_SetFastTxResponseTimeCmd.1)
                  0001db44    00000008     ble_rom_PATCH.symbols (.tramp.HCI_EXT_ModemTestTxCmd.1)
                  0001db4c    00000008     ble_rom_PATCH.symbols (.tramp.HCI_EXT_ModemHopTestTxCmd.1)
                  0001db54    00000008     ble_rom_PATCH.symbols (.tramp.HCI_EXT_ModemTestRxCmd.1)
                  0001db5c    00000008     ble_rom_PATCH.symbols (.tramp.HCI_EXT_EndModemTestCmd.1)
                  0001db64    00000008     ble_rom_PATCH.symbols (.tramp.HCI_EXT_SetBDADDRCmd.1)
                  0001db6c    00000008     ble_rom_PATCH.symbols (.tramp.HCI_EXT_SetSCACmd.1)
                  0001db74    00000008     ble_rom_PATCH.symbols (.tramp.HCI_EXT_EnablePTMCmd.1)
                  0001db7c    00000008     ble_rom_PATCH.symbols (.tramp.HCI_EXT_SetMaxDtmTxPowerCmd.1)
                  0001db84    00000008     ble_rom_PATCH.symbols (.tramp.HCI_EXT_DisconnectImmedCmd.1)
                  0001db8c    00000008     ble_rom_PATCH.symbols (.tramp.HCI_EXT_PacketErrorRateCmd.1)
                  0001db94    00000008     ble_rom_PATCH.symbols (.tramp.HCI_EXT_PERbyChanCmd.1)
                  0001db9c    00000008     ble_rom_PATCH.symbols (.tramp.HCI_EXT_AdvEventNoticeCmd.1)
                  0001dba4    00000008     ble_rom_PATCH.symbols (.tramp.HCI_EXT_SetSlaveLatencyOverrideCmd.1)
                  0001dbac    00000008     ble_rom_PATCH.symbols (.tramp.HCI_EXT_BuildRevisionCmd.1)
                  0001dbb4    00000008     ble_rom_PATCH.symbols (.tramp.HCI_EXT_NumComplPktsLimitCmd.1)
                  0001dbbc    00000008     ble_rom_PATCH.symbols (.tramp.llSetupRejectInd.1)
                  0001dbc4    00000008     ble_rom_PATCH.symbols (.tramp.WL_FindEntry.1)
                  0001dbcc    00000008     ble_rom_PATCH.symbols (.tramp.LL_RX_bm_alloc.1)
                  0001dbd4    00000008     ble_rom_PATCH.symbols (.tramp.HCI_bm_alloc.1)
                  0001dbdc    00000008     ble_rom_PATCH.symbols (.tramp.llConvertCtrlProcTimeoutToEvent.1)
                  0001dbe4    00000008     ble_rom_PATCH.symbols (.tramp.llConvertLstoToEvent.1)
                  0001dbec    00000008     ble_rom_PATCH.symbols (.tramp.llTimeDelta.1)
                  0001dbf4    00000008     ble_rom_PATCH.symbols (.tramp.llTimeCompare.1)
                  0001dbfc    00000008     ble_rom_PATCH.symbols (.tramp.LL_ENC_Encrypt.1)
                  0001dc04    00000008     ble_rom_PATCH.symbols (.tramp.LL_TX_bm_alloc.1)
                  0001dc0c    00000008     ble_rom_PATCH.symbols (.tramp.llEventDelta.1)
                  0001dc14    00000008     ble_rom_PATCH.symbols (.tramp.llAtLeastTwoChans.1)
                  0001dc1c    00000008     ble_rom_PATCH.symbols (.tramp.llSetupConn.1)
                  0001dc24    00000008     ble_rom_PATCH.symbols (.tramp.llSetupInit.1)
                  0001dc2c    00000008     ble_rom_PATCH.symbols (.tramp.llGenerateValidAccessAddr.1)
                  0001dc34    00000008     ble_rom_PATCH.symbols (.tramp.llGenerateCRC.1)
                  0001dc3c    00000008     ble_rom_PATCH.symbols (.tramp.llReleaseConnId.1)
                  0001dc44    00000008     ble_rom_PATCH.symbols (.tramp.llPendingUpdateParam.1)
                  0001dc4c    00000008     ble_rom_PATCH.symbols (.tramp.llFreeTask.1)
                  0001dc54    00000008     ble_rom_PATCH.symbols (.tramp.llGetNumTasks.1)
                  0001dc5c    00000008     ble_rom_PATCH.symbols (.tramp.llScheduler.1)
                  0001dc64    00000008     ble_rom_PATCH.symbols (.tramp.llSetupAdv.1)
                  0001dc6c    00000008     ble_rom_PATCH.symbols (.tramp.LL_DirectTestEndDoneCback.1)
                  0001dc74    00000008     ble_rom_PATCH.symbols (.tramp.llRfStartFS.1)
                  0001dc7c    00000008     ble_rom_PATCH.symbols (.tramp.llWriteTxData.1)
                  0001dc84    00000008     ble_rom_PATCH.symbols (.tramp.HCI_DataBufferOverflowEvent.1)
                  0001dc8c    00000008     ble_rom_PATCH.symbols (.tramp.LL_ENC_GenerateTrueRandNum.1)
                  0001dc94    00000008     ble_rom_PATCH.symbols (.tramp.llEnqueueCtrlPkt.1)
                  0001dc9c    00000008     ble_rom_PATCH.symbols (.tramp.LL_ENC_GenDeviceIV.1)
                  0001dca4    00000008     ble_rom_PATCH.symbols (.tramp.LL_ENC_GenDeviceSKD.1)
                  0001dcac    00000008     ble_rom_PATCH.symbols (.tramp.LL_ConnActive.1)
                  0001dcb4    00000008     ble_rom_PATCH.symbols (.tramp.llReleaseAllConnId.1)
                  0001dcbc    00000008     ble_rom_PATCH.symbols (.tramp.LL_ClearWhiteList.1)
                  0001dcc4    00000008     ble_rom_PATCH.symbols (.tramp.LL_ENC_Init.1)
                  0001dccc    00000008     ble_rom_PATCH.symbols (.tramp.WL_Init.1)
                  0001dcd4    00000008     ble_rom_PATCH.symbols (.tramp.llHaltRadio.1)
                  0001dcdc    00000008     ble_rom_PATCH.symbols (.tramp.HCI_HardwareErrorEvent.1)
                  0001dce4    00000008     ble_rom_PATCH.symbols (.tramp.LL_ConnectionCompleteCback.1)
                  0001dcec    00000008     ble_rom_PATCH.symbols (.tramp.llGetCurrentTask.1)
                  0001dcf4    00000008     ble_rom_PATCH.symbols (.tramp.llInitRAT.1)
                  0001dcfc    00000008     ble_rom_PATCH.symbols (.tramp.llGetCurrentTime.1)
                  0001dd04    00000008     ble_rom_PATCH.symbols (.tramp.llSetupRfHal.1)
                  0001dd0c    00000008     ble_rom_PATCH.symbols (.tramp.llSetupMailbox.1)
                  0001dd14    00000008     ble_rom_PATCH.symbols (.tramp.llResetRadio.1)

.const     0    0001dd1c    00000794     
                  0001dd1c    00000664     ROM_Init.obj (.const)
                  0001e380    0000010c     CommonROM_Init.obj (.const)
                  0001e48c    00000024     OSAL_ICallBle.obj (.const:tasksArr)

.rodata    0    0001e4b0    0000006e     
                  0001e4b0    0000005c     CC2640Stack.a : ll_config.o (.rodata)
                  0001e50c    00000008                   : gapgattserver.o (.rodata)
                  0001e514    00000008                   : gattservapp.o (.rodata)
                  0001e51c    00000002                   : ll_PATCH.o (.rodata)

.cinit     0    0001e520    00000190     
                  0001e520    0000015a     (.cinit..data.load) [load image, compression = rle]
                  0001e67a    00000002     --HOLE-- [fill = 0]
                  0001e67c    0000000c     (__TI_handler_table)
                  0001e688    00000008     (.cinit..TI.bound:mbIntCbackTable.load) [load image, compression = zero_init]
                  0001e690    00000008     (.cinit..bss.load) [load image, compression = zero_init]
                  0001e698    00000018     (__TI_cinit_table)

.init_array 
*          0    0000d000    00000000     UNINITIALIZED

.data      0    20004478    000002b9     UNINITIALIZED
                  20004478    0000007c     osal_cbtimer.obj (.data)
                  200044f4    00000070     CC2640Stack.a : gapgattserver.o (.data)
                  20004564    00000050                   : gap_configmgr.o (.data)
                  200045b4    0000003c                   : ll_sleep.o (.data)
                  200045f0    0000002c                   : gap_configmgr.o (.data)
                  2000461c    0000002c     OSAL.obj (.data)
                  20004648    00000024     CC2640Stack.a : gapgattserver.o (.data)
                  2000466c    0000001c                   : gap_linkmgr.o (.data)
                  20004688    0000001c                   : gap_peridevmgr.o (.data)
                  200046a4    00000010                   : gap_centdevmgr.o (.data)
                  200046b4    00000010                   : gattservapp.o (.data)
                  200046c4    00000010                   : ll_config.o (.data)
                  200046d4    0000000c                   : gap_task.o (.data)
                  200046e0    0000000c                   : ll_common_PATCH.o (.data)
                  200046ec    0000000c                   : sm_intpairing.o (.data)
                  200046f8    0000000c                   : sm_rsppairing.o (.data)
                  20004704    00000008                   : gap_centlinkmgr.o (.data)
                  2000470c    00000008                   : gatt_server.o (.data)
                  20004714    00000008     OSAL_Clock.obj (.data)
                  2000471c    00000004     CC2640Stack.a : gap_perilinkmgr.o (.data)
                  20004720    00000004     OSAL_PwrMgr.obj (.data)
                  20004724    00000004     osal_bufmgr.obj (.data)
                  20004728    00000002     CC2640Stack.a : l2cap_task.o (.data)
                  2000472a    00000001                   : gapgattserver.o (.data)
                  2000472b    00000001                   : gapgattserver.o (.data)
                  2000472c    00000001                   : gapgattserver.o (.data)
                  2000472d    00000001                   : gatt_client.o (.data)
                  2000472e    00000001                   : gatt_server.o (.data)
                  2000472f    00000001                   : gatt_task.o (.data)
                  20004730    00000001                   : gattservapp.o (.data)

.bss       0    20004734    00000189     UNINITIALIZED
                  20004734    0000003c     bleDispatch.obj (.bss)
                  20004770    00000038     CC2640Stack.a : linkdb.o (.bss)
                  200047a8    00000030                   : l2cap_task.o (.bss)
                  200047d8    00000020                   : gattservapp.o (.bss)
                  200047f8    0000001c                   : ll_PATCH.o (.bss)
                  20004814    00000018                   : ll_sleep.o (.bss)
                  2000482c    00000010                   : hci_event_PATCH.o (.bss)
                  2000483c    0000000c                   : sm_pairing.o (.bss)
                  20004848    0000000c     ICall_startup.obj (.bss)
                  20004854    00000008     CC2640Stack.a : gatt_task.o (.bss)
                  2000485c    00000008                   : gattservapp.o (.bss)
                  20004864    00000008                   : l2cap_task.o (.bss)
                  2000486c    00000008     OSAL_Timers.obj (.bss)
                  20004874    00000004     CC2640Stack.a : att_client.o (.bss)
                  20004878    00000004                   : att_server.o (.bss)
                  2000487c    00000004                   : ble_PATCH.o (.bss)
                  20004880    00000004                   : ble_PATCH.o (.bss)
                  20004884    00000004                   : gap_devmgr.o (.bss)
                  20004888    00000004                   : gap_devmgr.o (.bss)
                  2000488c    00000004                   : gap_linkmgr.o (.bss)
                  20004890    00000004                   : gapgattserver.o (.bss)
                  20004894    00000004                   : gatt_client.o (.bss)
                  20004898    00000004                   : gatt_server.o (.bss)
                  2000489c    00000004                   : gattservapp.o (.bss)
                  200048a0    00000004                   : sm_mgr.o (.bss)
                  200048a4    00000004     (.common:lastTrngVal$22)
                  200048a8    00000004     (.common:tasksEvents)
                  200048ac    00000002                   : gap_peridevmgr.o (.bss)
                  200048ae    00000002                   : gatt_task.o (.bss)
                  200048b0    00000002                   : ll_slaveEndCauses_PATCH.o (.bss)
                  200048b2    00000001                   : l2cap_if.o (.bss)
                  200048b3    00000001                   : l2cap_util.o (.bss)
                  200048b4    00000001                   : ll_common_PATCH.o (.bss)
                  200048b5    00000001                   : ll_sleep.o (.bss)
                  200048b6    00000001                   : sm_task.o (.bss)
                  200048b7    00000001     CC2640Stack_HCI_TL.a : hci_tl.o (.bss)
                  200048b8    00000001                          : hci_tl.o (.bss)
                  200048b9    00000001                          : hci_tl.o (.bss)
                  200048ba    00000001                          : hci_tl.o (.bss)
                  200048bb    00000001                          : hci_tl.o (.bss)
                  200048bc    00000001                          : hci_tl.o (.bss)

.TI.persistent 
*          0    20004478    00000000     UNINITIALIZED

.TI.noinit 
*          0    20004734    00000000     UNINITIALIZED

.TI.bound:mbIntCbackTable 
*          0    20004fec    00000010     UNINITIALIZED
                  20004fec    00000010     mb_PATCH.obj (.TI.bound:mbIntCbackTable)

MODULE SUMMARY

       Module                       code    ro data   rw data
       ------                       ----    -------   -------
    .\HAL\Common\
       hal_assert.obj               2       0         0      
    +--+----------------------------+-------+---------+---------+
       Total:                       2       0         0      
                                                             
    .\HAL\Target\CC2650\Drivers\
       hal_trng_wrapper.obj         100     0         0      
    +--+----------------------------+-------+---------+---------+
       Total:                       100     0         0      
                                                             
    .\HAL\Target\CC2650\_common\
       mb_PATCH.obj                 876     0         16     
    +--+----------------------------+-------+---------+---------+
       Total:                       876     0         16     
                                                             
    .\ICallBLE\
       bleDispatch.obj              2568    0         60     
    +--+----------------------------+-------+---------+---------+
       Total:                       2568    0         60     
                                                             
    .\OSAL\
       OSAL.obj                     1940    0         44     
       osal_cbtimer.obj             504     0         124    
       OSAL_Timers.obj              584     0         8      
       osal_bufmgr.obj              200     0         4      
       OSAL_PwrMgr.obj              144     0         4      
       OSAL_Clock.obj               104     0         8      
       OSAL_MemoryICall.obj         72      0         0      
       osal_snv_wrapper.obj         10      0         0      
    +--+----------------------------+-------+---------+---------+
       Total:                       3558    0         192    
                                                             
    .\PROFILES\
       gattservapp_util.obj         100     0         0      
       gap.obj                      96      0         0      
    +--+----------------------------+-------+---------+---------+
       Total:                       196     0         0      
                                                             
    .\Startup\
       ROM_Init.obj                 104     1636      0      
       CommonROM_Init.obj           48      268       0      
       OSAL_ICallBle.obj            264     36        0      
       bleUserConfig.obj            84      0         0      
       ICall_startup.obj            44      0         12     
    +--+----------------------------+-------+---------+---------+
       Total:                       544     1940      12     
                                                             
    .\TOOLS\
       OnBoard.obj                  18      0         0      
    +--+----------------------------+-------+---------+---------+
       Total:                       18      0         0      
                                                             
    C:\Users\CHRIST~1\AppData\Local\Temp\
       046162                       0       0         8      
    +--+----------------------------+-------+---------+---------+
       Total:                       0       0         8      
                                                             
    C:\ti\simplelink\ble_cc26xx_2_01_00_44423\Projects\common\BLE_ROM_Releases\04242014\
       ble_rom_PATCH.symbols        1056    0         0      
    +--+----------------------------+-------+---------+---------+
       Total:                       1056    0         0      
                                                             
    C:/ti/tirtos_simplelink_2_13_00_06/products/cc26xxware_2_21_01_15600/driverlib/bin/ccs/driverlib.lib
       interrupt.obj                240     0         0      
       trng.obj                     38      0         0      
       cpu.obj                      24      0         0      
    +--+----------------------------+-------+---------+---------+
       Total:                       302     0         0      
                                                             
    C:\Users\Christine\workspace_v6_1\multi_role_stack\LIB\CC2640Stack.a
       ll_PATCH.o                   5184    2         28     
       ll_common_PATCH.o            4444    0         13     
       gattservapp.o                4008    8         61     
       gatt_client.o                3434    0         5      
       gatt_server.o                2636    0         13     
       ble_PATCH.o                  2546    0         8      
       ll_slaveEndCauses_PATCH.o    2366    0         2      
       gap_linkmgr.o                2272    0         32     
       sm_pairing.o                 1884    0         12     
       ll_sleep.o                   1748    0         85     
       sm_mgr.o                     1800    0         4      
       gap_peridevmgr.o             1692    0         30     
       ll_masterEndCauses_PATCH.o   1714    0         0      
       l2cap_util.o                 1668    0         1      
       ll_config.o                  1560    92        16     
       ll_isr.o                     1560    0         0      
       att_util.o                   1456    0         0      
       sm_intpairing.o              1388    0         12     
       sm_rsppairing.o              1368    0         12     
       gap_centdevmgr.o             1308    0         16     
       ll_advEndCauses_PATCH.o      1070    0         0      
       hci_event_PATCH.o            988     0         16     
       gap_configmgr.o              856     0         124    
       gapgattserver.o              776     8         155    
       smp.o                        922     0         0      
       hci_PATCH.o                  892     0         0      
       ll_initEndCauses_PATCH.o     810     0         0      
       gatt_task.o                  764     0         11     
       linkdb.o                     660     0         56     
       l2cap_task.o                 644     0         58     
       gap_task.o                   652     0         12     
       gap_centlinkmgr.o            552     0         8      
       att_server.o                 492     0         4      
       att_client.o                 420     0         4      
       l2cap_if.o                   350     0         1      
       gatt_uuid.o                  318     0         0      
       ll_scheduler_PATCH.o         312     0         0      
       gap_perilinkmgr.o            268     0         4      
       sm_task.o                    260     0         1      
       hci_data_PATCH.o             168     0         0      
       gap_devmgr.o                 130     0         8      
    +--+----------------------------+-------+---------+---------+
       Total:                       58340   110       812    
                                                             
    C:\Users\Christine\workspace_v6_1\multi_role_stack\LIB\CC2640Stack_HCI_TL.a
       hci_tl.o                     168     0         6      
    +--+----------------------------+-------+---------+---------+
       Total:                       168     0         6      
                                                             
    C:\ti\ccsv6\tools\compiler\ti-cgt-arm_15.9.0.STS\lib\rtsv7M3_T_le_eabi.lib
       ull_div_t2.obj               500     0         0      
       memcpy_t2.obj                156     0         0      
       memset_t2.obj                122     0         0      
       copy_decompress_rle.obj      112     0         0      
       autoinit.obj                 108     0         0      
       cpy_tbl.obj                  76      0         0      
       ll_mul_t2.obj                24      0         0      
       strlen.obj                   20      0         0      
       copy_decompress_none.obj     14      0         0      
       copy_zero_init.obj           12      0         0      
    +--+----------------------------+-------+---------+---------+
       Total:                       1144    0         0      
                                                             
       Linker Generated:            0       398       0      
    +--+----------------------------+-------+---------+---------+
       Grand Total:                 68872   2448      1106   


LINKER GENERATED COPY TABLES

__TI_cinit_table @ 0001e698 records: 3, size/record: 8, table size: 24
	.data: load addr=0001e520, load size=0000015a bytes, run addr=20004478, run size=000002b9 bytes, compression=rle
	.TI.bound:mbIntCbackTable: load addr=0001e688, load size=00000008 bytes, run addr=20004fec, run size=00000010 bytes, compression=zero_init
	.bss: load addr=0001e690, load size=00000008 bytes, run addr=20004734, run size=00000189 bytes, compression=zero_init


LINKER GENERATED HANDLER TABLE

__TI_handler_table @ 0001e67c records: 3, size/record: 4, table size: 12
	index: 0, handler: __TI_decompress_rle24
	index: 1, handler: __TI_decompress_none
	index: 2, handler: __TI_zero_init


FAR CALL TRAMPOLINES

callee name               trampoline name
   callee addr  tramp addr   call addr  call info
--------------  -----------  ---------  ----------------
HCI_LE_CreateConnCmd      $Tramp$TT$L$PI$$HCI_LE_CreateConnCmd
   1000995d     0001c0d0     0001bf86   CC2640Stack.a : gap_centlinkmgr.o (.text)
HCI_LE_CreateConnCancelCmd  $Tramp$TT$L$PI$$HCI_LE_CreateConnCancelCmd
   1000999d     0001c0d8     0001c0b6   CC2640Stack.a : gap_centlinkmgr.o (.text)
HCI_SetControllerToHostFlowCtrlCmd  $Tramp$TT$L$PI$$HCI_SetControllerToHostFlowCtrlCmd
   100095f5     0001c9bc     0001c948   CC2640Stack.a : l2cap_if.o (.text)
                             0001c96a                 : l2cap_if.o (.text)
HCI_HostBufferSizeCmd     $Tramp$TT$L$PI$$HCI_HostBufferSizeCmd
   10009631     0001c9c4     0001c960   CC2640Stack.a : l2cap_if.o (.text)
HCI_HostNumCompletedPktCmd  $Tramp$TT$L$PI$$HCI_HostNumCompletedPktCmd
   1000965d     0001c9cc     0001c97e   CC2640Stack.a : l2cap_if.o (.text)
LL_CtrlToHostFlowControl  $Tramp$TT$L$PI$$LL_CtrlToHostFlowControl
   100058d5     0001d0d4     0001d04e   CC2640Stack.a : hci_data_PATCH.o (.text)
LL_PseudoRand             $Tramp$TT$L$PI$$LL_PseudoRand
   10005801     0001d8e8     0001d8de   OnBoard.obj (.text)
HCI_LE_SetRandomAddressCmd  $Tramp$TT$L$PI$$HCI_LE_SetRandomAddressCmd
   10009849     0001d934     0001aa3c   CC2640Stack.a : gap_configmgr.o (.text)
LL_ReadLocalVersionInfo   $Tramp$TT$L$PI$$LL_ReadLocalVersionInfo
   1000589d     0001d93c     0001a438   CC2640Stack.a : hci_PATCH.o (.text)
LL_EXT_ResetSystem        $Tramp$TT$L$PI$$LL_EXT_ResetSystem
   100070d5     0001d944     0001a3b2   CC2640Stack.a : hci_PATCH.o (.text)
HCI_CommandStatusEvent    $Tramp$TT$L$PI$$HCI_CommandStatusEvent
   10008ba1     0001d94c     0001a312   CC2640Stack.a : hci_PATCH.o (.text)
                             0001a394                 : hci_PATCH.o (.text)
HCI_CommandCompleteEvent  $Tramp$TT$L$PI$$HCI_CommandCompleteEvent
   10008add     0001d954     0001a1b6   CC2640Stack.a : hci_PATCH.o (.text)
                             0001a276                 : hci_PATCH.o (.text)
                             0001a2a4                 : hci_PATCH.o (.text)
                             0001a2d8                 : hci_PATCH.o (.text)
                             0001a328                 : hci_PATCH.o (.text)
                             0001a47a                 : hci_PATCH.o (.text)
HCI_SendCommandCompleteEvent  $Tramp$TT$L$PI$$HCI_SendCommandCompleteEvent
   10008c81     0001d95c     00019d8c   CC2640Stack.a : hci_event_PATCH.o (.text)
llCalcScaFactor           $Tramp$TT$L$PI$$llCalcScaFactor
   1000d94d     0001d964     000196ea   CC2640Stack.a : ll_advEndCauses_PATCH.o (.text)
HCI_LE_SetScanEnableCmd   $Tramp$TT$L$PI$$HCI_LE_SetScanEnableCmd
   10009941     0001d96c     000195a0   CC2640Stack.a : gap_centdevmgr.o (.text)
HCI_LE_SetScanParamCmd    $Tramp$TT$L$PI$$HCI_LE_SetScanParamCmd
   10009915     0001d974     000190fe   CC2640Stack.a : gap_centdevmgr.o (.text)
HCI_LE_LtkReqNegReplyCmd  $Tramp$TT$L$PI$$HCI_LE_LtkReqNegReplyCmd
   10009be1     0001d97c     00018c02   CC2640Stack.a : sm_rsppairing.o (.text)
HCI_LE_LtkReqReplyCmd     $Tramp$TT$L$PI$$HCI_LE_LtkReqReplyCmd
   10009bc5     0001d984     00018be8   CC2640Stack.a : sm_rsppairing.o (.text)
HCI_LE_StartEncyptCmd     $Tramp$TT$L$PI$$HCI_LE_StartEncyptCmd
   10009ba9     0001d98c     00018664   CC2640Stack.a : sm_intpairing.o (.text)
LL_ENC_Decrypt            $Tramp$TT$L$PI$$LL_ENC_Decrypt
   1000b9dd     0001d994     00017e1c   CC2640Stack.a : ll_isr.o (.text)
llProcessScanRxFIFO       $Tramp$TT$L$PI$$llProcessScanRxFIFO
   1000d575     0001d99c     00017dbc   CC2640Stack.a : ll_isr.o (.text)
HCI_SendDataPkt           $Tramp$TT$L$PI$$HCI_SendDataPkt
   100094e9     0001d9a4     00016f50   CC2640Stack.a : l2cap_util.o (.text)
HCI_LE_SetAdvParamCmd     $Tramp$TT$L$PI$$HCI_LE_SetAdvParamCmd
   1000986d     0001d9ac     000169fe   CC2640Stack.a : gap_peridevmgr.o (.text)
HCI_LE_SetAdvEnableCmd    $Tramp$TT$L$PI$$HCI_LE_SetAdvEnableCmd
   100098d9     0001d9b4     00016820   CC2640Stack.a : gap_peridevmgr.o (.text)
                             00016a1c                 : gap_peridevmgr.o (.text)
HCI_LE_SetScanRspDataCmd  $Tramp$TT$L$PI$$HCI_LE_SetScanRspDataCmd
   100098bd     0001d9bc     000167d0   CC2640Stack.a : gap_peridevmgr.o (.text)
                             00016cbe                 : gap_peridevmgr.o (.text)
HCI_LE_SetAdvDataCmd      $Tramp$TT$L$PI$$HCI_LE_SetAdvDataCmd
   100098a1     0001d9c4     000167c6   CC2640Stack.a : gap_peridevmgr.o (.text)
                             00016cb4                 : gap_peridevmgr.o (.text)
llSetupPauseEncReq        $Tramp$TT$L$PI$$llSetupPauseEncReq
   10007cfd     0001d9cc     000164c2   CC2640Stack.a : ll_masterEndCauses_PATCH.o (.text)
llSetupEncReq             $Tramp$TT$L$PI$$llSetupEncReq
   10007aed     0001d9d4     00016464   CC2640Stack.a : ll_masterEndCauses_PATCH.o (.text)
llSetupUpdateParamReq     $Tramp$TT$L$PI$$llSetupUpdateParamReq
   100079c9     0001d9dc     000163b0   CC2640Stack.a : ll_masterEndCauses_PATCH.o (.text)
llPatchCM0                $Tramp$TT$L$PI$$llPatchCM0
   1000adb1     0001d9e4     00015af4   CC2640Stack.a : ll_sleep.o (.text)
LL_Encrypt                $Tramp$TT$L$PI$$LL_Encrypt
   100057d5     0001d9ec     000155d4   CC2640Stack.a : sm_mgr.o (.text)
HCI_LE_RandCmd            $Tramp$TT$L$PI$$HCI_LE_RandCmd
   10009b51     0001d9f4     00015242   CC2640Stack.a : sm_mgr.o (.text)
                             0001533a                 : sm_mgr.o (.text)
HCI_DisconnectCmd         $Tramp$TT$L$PI$$HCI_DisconnectCmd
   10009525     0001d9fc     00013ace   CC2640Stack.a : gap_linkmgr.o (.text)
                             00013fd8                 : gap_linkmgr.o (.text)
llSetupVersionIndReq      $Tramp$TT$L$PI$$llSetupVersionIndReq
   10007f29     0001da04     00013928   CC2640Stack.a : ll_slaveEndCauses_PATCH.o (.text)
                             0001659a                 : ll_masterEndCauses_PATCH.o (.text)
LL_ReadRemoteVersionInfoCback  $Tramp$TT$L$PI$$LL_ReadRemoteVersionInfoCback
   100091e1     0001da0c     0001390a   CC2640Stack.a : ll_slaveEndCauses_PATCH.o (.text)
                             0001391c                 : ll_slaveEndCauses_PATCH.o (.text)
                             0001657c                 : ll_masterEndCauses_PATCH.o (.text)
                             0001658e                 : ll_masterEndCauses_PATCH.o (.text)
llSetupPauseEncRsp        $Tramp$TT$L$PI$$llSetupPauseEncRsp
   10007d55     0001da14     0001384e   CC2640Stack.a : ll_slaveEndCauses_PATCH.o (.text)
                             00016502                 : ll_masterEndCauses_PATCH.o (.text)
llSetupStartEncRsp        $Tramp$TT$L$PI$$llSetupStartEncRsp
   10007ca9     0001da1c     00013834   CC2640Stack.a : ll_slaveEndCauses_PATCH.o (.text)
                             00016496                 : ll_masterEndCauses_PATCH.o (.text)
llSetupStartEncReq        $Tramp$TT$L$PI$$llSetupStartEncReq
   10007c55     0001da24     00013794   CC2640Stack.a : ll_slaveEndCauses_PATCH.o (.text)
llSetupEncRsp             $Tramp$TT$L$PI$$llSetupEncRsp
   10007b95     0001da2c     0001375e   CC2640Stack.a : ll_slaveEndCauses_PATCH.o (.text)
LL_EncLtkReqCback         $Tramp$TT$L$PI$$LL_EncLtkReqCback
   1000925d     0001da34     00013756   CC2640Stack.a : ll_slaveEndCauses_PATCH.o (.text)
llEventInRange            $Tramp$TT$L$PI$$llEventInRange
   100086f1     0001da3c     0001339c   CC2640Stack.a : ll_slaveEndCauses_PATCH.o (.text)
                             000133bc                 : ll_slaveEndCauses_PATCH.o (.text)
llCheckForLstoDuringSL    $Tramp$TT$L$PI$$llCheckForLstoDuringSL
   1000c1b5     0001da44     0001337a   CC2640Stack.a : ll_slaveEndCauses_PATCH.o (.text)
llConnTerminate           $Tramp$TT$L$PI$$llConnTerminate
   10008631     0001da4c     000132a2   CC2640Stack.a : ll_slaveEndCauses_PATCH.o (.text)
                             0001362a                 : ll_slaveEndCauses_PATCH.o (.text)
                             000139ba                 : ll_slaveEndCauses_PATCH.o (.text)
                             0001613e                 : ll_masterEndCauses_PATCH.o (.text)
                             00016648                 : ll_masterEndCauses_PATCH.o (.text)
                             00019808                 : ll_advEndCauses_PATCH.o (.text)
                             0001acc2                 : ll_initEndCauses_PATCH.o (.text)
llGetNumTxDataEntries     $Tramp$TT$L$PI$$llGetNumTxDataEntries
   1000b009     0001da54     0001304a   CC2640Stack.a : ble_PATCH.o (.text)
llMoveTempTxDataEntries   $Tramp$TT$L$PI$$llMoveTempTxDataEntries
   1000afa1     0001da5c     00012cb6   CC2640Stack.a : ble_PATCH.o (.text)
                             00013a5e                 : ll_slaveEndCauses_PATCH.o (.text)
                             00016434                 : ll_masterEndCauses_PATCH.o (.text)
LL_EncChangeCback         $Tramp$TT$L$PI$$LL_EncChangeCback
   1000933d     0001da64     00012cac   CC2640Stack.a : ble_PATCH.o (.text)
                             00013822                 : ll_slaveEndCauses_PATCH.o (.text)
                             0001644c                 : ll_masterEndCauses_PATCH.o (.text)
                             000164fa                 : ll_masterEndCauses_PATCH.o (.text)
LL_EncKeyRefreshCback     $Tramp$TT$L$PI$$LL_EncKeyRefreshCback
   100093dd     0001da6c     00012c8a   CC2640Stack.a : ble_PATCH.o (.text)
                             00013804                 : ll_slaveEndCauses_PATCH.o (.text)
                             000164ee                 : ll_masterEndCauses_PATCH.o (.text)
LL_ENC_AES128_Encrypt     $Tramp$TT$L$PI$$LL_ENC_AES128_Encrypt
   1000b5f5     0001da74     00012c60   CC2640Stack.a : ble_PATCH.o (.text)
                             000137bc                 : ll_slaveEndCauses_PATCH.o (.text)
LL_ENC_ReverseBytes       $Tramp$TT$L$PI$$LL_ENC_ReverseBytes
   1000b4ed     0001da7c     00012c34   CC2640Stack.a : ble_PATCH.o (.text)
                             00012fe0                 : ble_PATCH.o (.text)
llSetupUnknownRsp         $Tramp$TT$L$PI$$llSetupUnknownRsp
   10008069     0001da84     00012ac0   CC2640Stack.a : ble_PATCH.o (.text)
                             00012f86                 : ble_PATCH.o (.text)
                             000136b0                 : ll_slaveEndCauses_PATCH.o (.text)
                             00016632                 : ll_masterEndCauses_PATCH.o (.text)
llMemCopySrc              $Tramp$TT$L$PI$$llMemCopySrc
   100089d9     0001da8c     000127a6   CC2640Stack.a : ble_PATCH.o (.text)
                             000127b2                 : ble_PATCH.o (.text)
                             000127be                 : ble_PATCH.o (.text)
                             000127ca                 : ble_PATCH.o (.text)
                             000127ee                 : ble_PATCH.o (.text)
                             00012832                 : ble_PATCH.o (.text)
                             0001283e                 : ble_PATCH.o (.text)
                             00012896                 : ble_PATCH.o (.text)
                             000128a2                 : ble_PATCH.o (.text)
                             000128b0                 : ble_PATCH.o (.text)
                             000128c4                 : ble_PATCH.o (.text)
                             00012972                 : ble_PATCH.o (.text)
                             0001297e                 : ble_PATCH.o (.text)
                             00012c18                 : ble_PATCH.o (.text)
                             00012c2c                 : ble_PATCH.o (.text)
                             00012d18                 : ble_PATCH.o (.text)
                             00012d24                 : ble_PATCH.o (.text)
HCI_ReadRemoteVersionInfoCmd  $Tramp$TT$L$PI$$HCI_ReadRemoteVersionInfoCmd
   10009541     0001da94     00012612   bleDispatch.obj (.text)
HCI_SetEventMaskCmd       $Tramp$TT$L$PI$$HCI_SetEventMaskCmd
   10009571     0001da9c     0001260a   bleDispatch.obj (.text)
HCI_ReadTransmitPowerLevelCmd  $Tramp$TT$L$PI$$HCI_ReadTransmitPowerLevelCmd
   100095d1     0001daa4     000125fc   bleDispatch.obj (.text)
HCI_ReadLocalSupportedFeaturesCmd  $Tramp$TT$L$PI$$HCI_ReadLocalSupportedFeaturesCmd
   1000973d     0001daac     000125de   bleDispatch.obj (.text)
HCI_ReadBDADDRCmd         $Tramp$TT$L$PI$$HCI_ReadBDADDRCmd
   10009765     0001dab4     000125d8   bleDispatch.obj (.text)
                             0001a878   CC2640Stack.a : gap_configmgr.o (.text)
HCI_ReadRssiCmd           $Tramp$TT$L$PI$$HCI_ReadRssiCmd
   1000978d     0001dabc     000125d2   bleDispatch.obj (.text)
HCI_LE_ReadLocalSupportedFeaturesCmd  $Tramp$TT$L$PI$$HCI_LE_ReadLocalSupportedFeaturesCmd
   10009829     0001dac4     000125c2   bleDispatch.obj (.text)
HCI_LE_ReadAdvChanTxPowerCmd  $Tramp$TT$L$PI$$HCI_LE_ReadAdvChanTxPowerCmd
   100098f5     0001dacc     000125bc   bleDispatch.obj (.text)
HCI_LE_ReadWhiteListSizeCmd  $Tramp$TT$L$PI$$HCI_LE_ReadWhiteListSizeCmd
   100099c9     0001dad4     000125b6   bleDispatch.obj (.text)
HCI_LE_ClearWhiteListCmd  $Tramp$TT$L$PI$$HCI_LE_ClearWhiteListCmd
   100099f9     0001dadc     000125b0   bleDispatch.obj (.text)
HCI_LE_AddWhiteListCmd    $Tramp$TT$L$PI$$HCI_LE_AddWhiteListCmd
   10009a15     0001dae4     000125aa   bleDispatch.obj (.text)
HCI_LE_RemoveWhiteListCmd  $Tramp$TT$L$PI$$HCI_LE_RemoveWhiteListCmd
   10009a31     0001daec     000125a0   bleDispatch.obj (.text)
HCI_LE_SetHostChanClassificationCmd  $Tramp$TT$L$PI$$HCI_LE_SetHostChanClassificationCmd
   10009a85     0001daf4     00012596   bleDispatch.obj (.text)
HCI_LE_ReadChannelMapCmd  $Tramp$TT$L$PI$$HCI_LE_ReadChannelMapCmd
   10009aa1     0001dafc     0001258e   bleDispatch.obj (.text)
HCI_LE_EncryptCmd         $Tramp$TT$L$PI$$HCI_LE_EncryptCmd
   10009af5     0001db04     0001257e   bleDispatch.obj (.text)
HCI_LE_ReadSupportedStatesCmd  $Tramp$TT$L$PI$$HCI_LE_ReadSupportedStatesCmd
   10009c15     0001db0c     00012574   bleDispatch.obj (.text)
HCI_LE_TestEndCmd         $Tramp$TT$L$PI$$HCI_LE_TestEndCmd
   10009c8d     0001db14     00012558   bleDispatch.obj (.text)
HCI_EXT_SetTxPowerCmd     $Tramp$TT$L$PI$$HCI_EXT_SetTxPowerCmd
   10009d09     0001db1c     00012552   bleDispatch.obj (.text)
HCI_EXT_OnePktPerEvtCmd   $Tramp$TT$L$PI$$HCI_EXT_OnePktPerEvtCmd
   10009d45     0001db24     0001254a   bleDispatch.obj (.text)
HCI_EXT_DecryptCmd        $Tramp$TT$L$PI$$HCI_EXT_DecryptCmd
   10009dd1     0001db2c     00012542   bleDispatch.obj (.text)
HCI_EXT_SetLocalSupportedFeaturesCmd  $Tramp$TT$L$PI$$HCI_EXT_SetLocalSupportedFeaturesCmd
   10009e2d     0001db34     00012538   bleDispatch.obj (.text)
HCI_EXT_SetFastTxResponseTimeCmd  $Tramp$TT$L$PI$$HCI_EXT_SetFastTxResponseTimeCmd
   10009e4d     0001db3c     00012530   bleDispatch.obj (.text)
HCI_EXT_ModemTestTxCmd    $Tramp$TT$L$PI$$HCI_EXT_ModemTestTxCmd
   10009e8d     0001db44     00012528   bleDispatch.obj (.text)
HCI_EXT_ModemHopTestTxCmd  $Tramp$TT$L$PI$$HCI_EXT_ModemHopTestTxCmd
   10009ead     0001db4c     0001251e   bleDispatch.obj (.text)
HCI_EXT_ModemTestRxCmd    $Tramp$TT$L$PI$$HCI_EXT_ModemTestRxCmd
   10009ecd     0001db54     00012518   bleDispatch.obj (.text)
HCI_EXT_EndModemTestCmd   $Tramp$TT$L$PI$$HCI_EXT_EndModemTestCmd
   10009eed     0001db5c     00012510   bleDispatch.obj (.text)
HCI_EXT_SetBDADDRCmd      $Tramp$TT$L$PI$$HCI_EXT_SetBDADDRCmd
   10009f0d     0001db64     0001250a   bleDispatch.obj (.text)
HCI_EXT_SetSCACmd         $Tramp$TT$L$PI$$HCI_EXT_SetSCACmd
   10009f49     0001db6c     00012502   bleDispatch.obj (.text)
HCI_EXT_EnablePTMCmd      $Tramp$TT$L$PI$$HCI_EXT_EnablePTMCmd
   10009f69     0001db74     000124fa   bleDispatch.obj (.text)
HCI_EXT_SetMaxDtmTxPowerCmd  $Tramp$TT$L$PI$$HCI_EXT_SetMaxDtmTxPowerCmd
   10009fd1     0001db7c     000124f4   bleDispatch.obj (.text)
HCI_EXT_DisconnectImmedCmd  $Tramp$TT$L$PI$$HCI_EXT_DisconnectImmedCmd
   1000a011     0001db84     000124ec   bleDispatch.obj (.text)
HCI_EXT_PacketErrorRateCmd  $Tramp$TT$L$PI$$HCI_EXT_PacketErrorRateCmd
   1000a031     0001db8c     000124e4   bleDispatch.obj (.text)
HCI_EXT_PERbyChanCmd      $Tramp$TT$L$PI$$HCI_EXT_PERbyChanCmd
   1000a075     0001db94     000124da   bleDispatch.obj (.text)
HCI_EXT_AdvEventNoticeCmd  $Tramp$TT$L$PI$$HCI_EXT_AdvEventNoticeCmd
   1000a0f1     0001db9c     000124d0   bleDispatch.obj (.text)
HCI_EXT_SetSlaveLatencyOverrideCmd  $Tramp$TT$L$PI$$HCI_EXT_SetSlaveLatencyOverrideCmd
   10009e6d     0001dba4     000124b8   bleDispatch.obj (.text)
HCI_EXT_BuildRevisionCmd  $Tramp$TT$L$PI$$HCI_EXT_BuildRevisionCmd
   1000a109     0001dbac     000124b0   bleDispatch.obj (.text)
HCI_EXT_NumComplPktsLimitCmd  $Tramp$TT$L$PI$$HCI_EXT_NumComplPktsLimitCmd
   1000a1b5     0001dbb4     00012496   bleDispatch.obj (.text)
llSetupRejectInd          $Tramp$TT$L$PI$$llSetupRejectInd
   10007df5     0001dbbc     0000f4c2   CC2640Stack.a : ll_common_PATCH.o (.text)
                             00013882                 : ll_slaveEndCauses_PATCH.o (.text)
WL_FindEntry              $Tramp$TT$L$PI$$WL_FindEntry
   1000d26d     0001dbc4     0000f490   CC2640Stack.a : ll_common_PATCH.o (.text)
LL_RX_bm_alloc            $Tramp$TT$L$PI$$LL_RX_bm_alloc
   1000556d     0001dbcc     0000f08c   CC2640Stack.a : ll_common_PATCH.o (.text)
                             000130c0                 : ble_PATCH.o (.text)
                             00017e70                 : ll_isr.o (.text)
HCI_bm_alloc              $Tramp$TT$L$PI$$HCI_bm_alloc
   100094a1     0001dbd4     0000efb4   CC2640Stack.a : ll_common_PATCH.o (.text)
                             000173ca                 : l2cap_util.o (.text)
llConvertCtrlProcTimeoutToEvent  $Tramp$TT$L$PI$$llConvertCtrlProcTimeoutToEvent
   10008741     0001dbdc     0000ec88   CC2640Stack.a : ll_common_PATCH.o (.text)
                             0001346a                 : ll_slaveEndCauses_PATCH.o (.text)
                             000161fe                 : ll_masterEndCauses_PATCH.o (.text)
                             000196d0                 : ll_advEndCauses_PATCH.o (.text)
                             0001ac0e                 : ll_initEndCauses_PATCH.o (.text)
llConvertLstoToEvent      $Tramp$TT$L$PI$$llConvertLstoToEvent
   10008721     0001dbe4     0000ec30   CC2640Stack.a : ll_common_PATCH.o (.text)
                             0001340c                 : ll_slaveEndCauses_PATCH.o (.text)
                             000161ae                 : ll_masterEndCauses_PATCH.o (.text)
                             000196c6                 : ll_advEndCauses_PATCH.o (.text)
                             0001ac04                 : ll_initEndCauses_PATCH.o (.text)
llTimeDelta               $Tramp$TT$L$PI$$llTimeDelta
   1000d8f5     0001dbec     0000eba8   CC2640Stack.a : ll_common_PATCH.o (.text)
                             0000f15e                 : ll_common_PATCH.o (.text)
                             00015c88                 : ll_sleep.o (.text)
                             00015e04                 : ll_sleep.o (.text)
llTimeCompare             $Tramp$TT$L$PI$$llTimeCompare
   1000d8c9     0001dbf4     0000eb46   CC2640Stack.a : ll_common_PATCH.o (.text)
                             0000eb98                 : ll_common_PATCH.o (.text)
                             0000ebec                 : ll_common_PATCH.o (.text)
                             0000ef0e                 : ll_common_PATCH.o (.text)
                             0000f140                 : ll_common_PATCH.o (.text)
LL_ENC_Encrypt            $Tramp$TT$L$PI$$LL_ENC_Encrypt
   1000b965     0001dbfc     0000e738   CC2640Stack.a : ll_common_PATCH.o (.text)
                             0000e7c6                 : ll_common_PATCH.o (.text)
                             0000f544                 : ll_common_PATCH.o (.text)
LL_TX_bm_alloc            $Tramp$TT$L$PI$$LL_TX_bm_alloc
   10005549     0001dc04     0000e63a   CC2640Stack.a : ll_common_PATCH.o (.text)
                             0000e684                 : ll_common_PATCH.o (.text)
                             0000e6dc                 : ll_common_PATCH.o (.text)
                             0000e712                 : ll_common_PATCH.o (.text)
                             0000e76a                 : ll_common_PATCH.o (.text)
                             0000e7e4                 : ll_common_PATCH.o (.text)
                             0000e826                 : ll_common_PATCH.o (.text)
                             0000e8d8                 : ll_common_PATCH.o (.text)
                             0000f4de                 : ll_common_PATCH.o (.text)
llEventDelta              $Tramp$TT$L$PI$$llEventDelta
   10008719     0001dc0c     0000e4d6   CC2640Stack.a : ll_common_PATCH.o (.text)
                             0000ebc4                 : ll_common_PATCH.o (.text)
                             0000ed42                 : ll_common_PATCH.o (.text)
                             0000f390                 : ll_common_PATCH.o (.text)
                             000133da                 : ll_slaveEndCauses_PATCH.o (.text)
                             00013426                 : ll_slaveEndCauses_PATCH.o (.text)
llAtLeastTwoChans         $Tramp$TT$L$PI$$llAtLeastTwoChans
   100082f1     0001dc14     0000e2c2   CC2640Stack.a : ll_PATCH.o (.text)
llSetupConn               $Tramp$TT$L$PI$$llSetupConn
   10007985     0001dc1c     0000e29c   CC2640Stack.a : ll_PATCH.o (.text)
llSetupInit               $Tramp$TT$L$PI$$llSetupInit
   100077b5     0001dc24     0000e290   CC2640Stack.a : ll_PATCH.o (.text)
llGenerateValidAccessAddr  $Tramp$TT$L$PI$$llGenerateValidAccessAddr
   1000d695     0001dc2c     0000e25a   CC2640Stack.a : ll_PATCH.o (.text)
llGenerateCRC             $Tramp$TT$L$PI$$llGenerateCRC
   100086b9     0001dc34     0000e254   CC2640Stack.a : ll_PATCH.o (.text)
llReleaseConnId           $Tramp$TT$L$PI$$llReleaseConnId
   10008429     0001dc3c     0000e1e8   CC2640Stack.a : ll_PATCH.o (.text)
                             0000ea7a                 : ll_common_PATCH.o (.text)
llPendingUpdateParam      $Tramp$TT$L$PI$$llPendingUpdateParam
   10008665     0001dc44     0000e17a   CC2640Stack.a : ll_PATCH.o (.text)
llFreeTask                $Tramp$TT$L$PI$$llFreeTask
   1000abed     0001dc4c     0000e04c   CC2640Stack.a : ll_PATCH.o (.text)
                             0000ea80                 : ll_common_PATCH.o (.text)
                             000195c8                 : ll_advEndCauses_PATCH.o (.text)
                             0001abbc                 : ll_initEndCauses_PATCH.o (.text)
llGetNumTasks             $Tramp$TT$L$PI$$llGetNumTasks
   1000ace1     0001dc54     0000e01c   CC2640Stack.a : ll_PATCH.o (.text)
llScheduler               $Tramp$TT$L$PI$$llScheduler
   1000a335     0001dc5c     0000e006   CC2640Stack.a : ll_PATCH.o (.text)
                             0000e05c                 : ll_PATCH.o (.text)
                             0000e2a6                 : ll_PATCH.o (.text)
                             00013318                 : ll_slaveEndCauses_PATCH.o (.text)
                             00016164                 : ll_masterEndCauses_PATCH.o (.text)
                             00019960                 : ll_advEndCauses_PATCH.o (.text)
                             0001ae4c                 : ll_initEndCauses_PATCH.o (.text)
llSetupAdv                $Tramp$TT$L$PI$$llSetupAdv
   100073e5     0001dc64     0000dfc6   CC2640Stack.a : ll_PATCH.o (.text)
LL_DirectTestEndDoneCback  $Tramp$TT$L$PI$$LL_DirectTestEndDoneCback
   10009471     0001dc6c     0000dda4   CC2640Stack.a : ll_PATCH.o (.text)
llRfStartFS               $Tramp$TT$L$PI$$llRfStartFS
   10007269     0001dc74     0000dae4   CC2640Stack.a : ll_PATCH.o (.text)
llWriteTxData             $Tramp$TT$L$PI$$llWriteTxData
   100087c9     0001dc7c     0000da6e   CC2640Stack.a : ll_PATCH.o (.text)
                             0000ef9e                 : ll_common_PATCH.o (.text)
HCI_DataBufferOverflowEvent  $Tramp$TT$L$PI$$HCI_DataBufferOverflowEvent
   10008a2d     0001dc84     0000da3c   CC2640Stack.a : ll_PATCH.o (.text)
LL_ENC_GenerateTrueRandNum  $Tramp$TT$L$PI$$LL_ENC_GenerateTrueRandNum
   1000b51d     0001dc8c     0000d856   CC2640Stack.a : ll_PATCH.o (.text)
llEnqueueCtrlPkt          $Tramp$TT$L$PI$$llEnqueueCtrlPkt
   100080bd     0001dc94     0000d83c   CC2640Stack.a : ll_PATCH.o (.text)
                             0000d92c                 : ll_PATCH.o (.text)
                             0000df0a                 : ll_PATCH.o (.text)
                             0000e32c                 : ll_PATCH.o (.text)
                             0000f1ee                 : ll_common_PATCH.o (.text)
                             0001290c                 : ble_PATCH.o (.text)
                             00012b3e                 : ble_PATCH.o (.text)
                             00012ee0                 : ble_PATCH.o (.text)
                             0001301e                 : ble_PATCH.o (.text)
                             000163fe                 : ll_masterEndCauses_PATCH.o (.text)
LL_ENC_GenDeviceIV        $Tramp$TT$L$PI$$LL_ENC_GenDeviceIV
   1000b555     0001dc9c     0000d814   CC2640Stack.a : ll_PATCH.o (.text)
                             000128da                 : ble_PATCH.o (.text)
LL_ENC_GenDeviceSKD       $Tramp$TT$L$PI$$LL_ENC_GenDeviceSKD
   1000b541     0001dca4     0000d80c   CC2640Stack.a : ll_PATCH.o (.text)
                             000128d2                 : ble_PATCH.o (.text)
LL_ConnActive             $Tramp$TT$L$PI$$LL_ConnActive
   1000678d     0001dcac     0000d6b2   CC2640Stack.a : ll_PATCH.o (.text)
                             0000d6fa                 : ll_PATCH.o (.text)
                             0000d71c                 : ll_PATCH.o (.text)
                             0000d79c                 : ll_PATCH.o (.text)
                             0000d86e                 : ll_PATCH.o (.text)
                             0000d8b8                 : ll_PATCH.o (.text)
                             0000d8ee                 : ll_PATCH.o (.text)
                             0000da0c                 : ll_PATCH.o (.text)
                             0000ddc4                 : ll_PATCH.o (.text)
                             0000de02                 : ll_PATCH.o (.text)
                             0000de8e                 : ll_PATCH.o (.text)
                             0000e3c0                 : ll_PATCH.o (.text)
                             0000f1be                 : ll_common_PATCH.o (.text)
llReleaseAllConnId        $Tramp$TT$L$PI$$llReleaseAllConnId
   10008461     0001dcb4     0000d5f2   CC2640Stack.a : ll_PATCH.o (.text)
LL_ClearWhiteList         $Tramp$TT$L$PI$$LL_ClearWhiteList
   10005719     0001dcbc     0000d57e   CC2640Stack.a : ll_PATCH.o (.text)
LL_ENC_Init               $Tramp$TT$L$PI$$LL_ENC_Init
   1000b4c9     0001dcc4     0000d57a   CC2640Stack.a : ll_PATCH.o (.text)
                             00016006                 : ll_sleep.o (.text)
WL_Init                   $Tramp$TT$L$PI$$WL_Init
   1000d189     0001dccc     0000d576   CC2640Stack.a : ll_PATCH.o (.text)
llHaltRadio               $Tramp$TT$L$PI$$llHaltRadio
   1000720d     0001dcd4     0000d54c   CC2640Stack.a : ll_PATCH.o (.text)
                             0000dd50                 : ll_PATCH.o (.text)
                             0000e036                 : ll_PATCH.o (.text)
                             0000f150                 : ll_common_PATCH.o (.text)
HCI_HardwareErrorEvent    $Tramp$TT$L$PI$$HCI_HardwareErrorEvent
   10008bf5     0001dcdc     0000d4f8   CC2640Stack.a : ll_PATCH.o (.text)
                             0000da5e                 : ll_PATCH.o (.text)
                             0000efc0                 : ll_common_PATCH.o (.text)
                             0000f0c8                 : ll_common_PATCH.o (.text)
                             0000f54a                 : ll_common_PATCH.o (.text)
LL_ConnectionCompleteCback  $Tramp$TT$L$PI$$LL_ConnectionCompleteCback
   10008ead     0001dce4     0000d438   CC2640Stack.a : ll_PATCH.o (.text)
                             0000d45a                 : ll_PATCH.o (.text)
                             0000d46e                 : ll_PATCH.o (.text)
                             0000d4b0                 : ll_PATCH.o (.text)
                             0000d4c4                 : ll_PATCH.o (.text)
llGetCurrentTask          $Tramp$TT$L$PI$$llGetCurrentTask
   1000ac3d     0001dcec     0000d3ca   CC2640Stack.a : ll_PATCH.o (.text)
                             0000e024                 : ll_PATCH.o (.text)
                             0000f146                 : ll_common_PATCH.o (.text)
                             00015dee                 : ll_sleep.o (.text)
                             00015f32                 : ll_sleep.o (.text)
                             00015f46                 : ll_sleep.o (.text)
llInitRAT                 $Tramp$TT$L$PI$$llInitRAT
   1000d8b5     0001dcf4     0000d362   CC2640Stack.a : ll_PATCH.o (.text)
llGetCurrentTime          $Tramp$TT$L$PI$$llGetCurrentTime
   1000d8c1     0001dcfc     0000d354   CC2640Stack.a : ll_PATCH.o (.text)
                             0000d35a                 : ll_PATCH.o (.text)
                             0000dfe4                 : ll_PATCH.o (.text)
                             0000ed5e                 : ll_common_PATCH.o (.text)
                             0000f11c                 : ll_common_PATCH.o (.text)
                             00015a76                 : ll_sleep.o (.text)
                             00015c82                 : ll_sleep.o (.text)
                             00015dfc                 : ll_sleep.o (.text)
                             00015e82                 : ll_sleep.o (.text)
llSetupRfHal              $Tramp$TT$L$PI$$llSetupRfHal
   1000ad6d     0001dd04     0000d330   CC2640Stack.a : ll_PATCH.o (.text)
llSetupMailbox            $Tramp$TT$L$PI$$llSetupMailbox
   1000ad21     0001dd0c     0000d32c   CC2640Stack.a : ll_PATCH.o (.text)
                             0000d55a                 : ll_PATCH.o (.text)
                             0000dda8                 : ll_PATCH.o (.text)
llResetRadio              $Tramp$TT$L$PI$$llResetRadio
   10007201     0001dd14     0000d31e   CC2640Stack.a : ll_PATCH.o (.text)
                             00017a2e                 : ll_isr.o (.text)

[132 trampolines]
[282 trampoline calls]


GLOBAL SYMBOLS: SORTED ALPHABETICALLY BY Name 

address   name                                  
-------   ----                                  
10014c00  A1_rw                                 
10005000  A1_rw_1                               
10019ffe  A2_rw                                 
1000dffe  A2_rw_1                               
10019ffc  A3_rw                                 
1000dffc  A3_rw_1                               
20004f2c  A4_rw                                 
200048e8  A4_rw_1                               
20004f7c  ACCX                                  
20004f80  ACCY                                  
20004f84  ACCZ                                  
10015229  ATOMICPATTERN                         
0001806f  ATT_BuildErrorRsp                     
0001809f  ATT_BuildExchangeMTUReq               
000180ab  ATT_BuildExchangeMTURsp               
000183bf  ATT_BuildExecuteWriteReq              
00018137  ATT_BuildFindByTypeValueReq           
00018193  ATT_BuildFindByTypeValueRsp           
000180d1  ATT_BuildFindInfoReq                  
000180dd  ATT_BuildFindInfoRsp                  
000183e3  ATT_BuildHandleValueInd               
00018345  ATT_BuildPrepareWriteReq              
0001836f  ATT_BuildPrepareWriteRsp              
00018293  ATT_BuildReadBlobReq                  
000182d1  ATT_BuildReadBlobRsp                  
00018309  ATT_BuildReadByGrpTypeRsp             
000181ad  ATT_BuildReadByTypeReq                
00018219  ATT_BuildReadByTypeRsp                
000182e3  ATT_BuildReadMultiReq                 
00018303  ATT_BuildReadMultiRsp                 
0001823b  ATT_BuildReadReq                      
00018257  ATT_BuildReadRsp                      
00018287  ATT_BuildWriteReq                     
000184b1  ATT_CompareUUID                       
00018501  ATT_ConvertUUIDto128                  
00018529  ATT_ConvertUUIDto16                   
0001c4d3  ATT_ErrorRsp                          
0001c6bf  ATT_ExchangeMTUReq                    
0001c4e5  ATT_ExchangeMTURsp                    
0001c7f9  ATT_ExecuteWriteReq                   
0001c617  ATT_ExecuteWriteRsp                   
0001c6f9  ATT_FindByTypeValueReq                
0001c52d  ATT_FindByTypeValueRsp                
0001c6e5  ATT_FindInfoReq                       
0001c4fd  ATT_FindInfoRsp                       
00018591  ATT_GetMTU                            
000185b1  ATT_GetParamValue                     
0001c805  ATT_HandleValueCfm                    
0001c639  ATT_HandleValueInd                    
0001c623  ATT_HandleValueNoti                   
00018081  ATT_ParseErrorRsp                     
000180a1  ATT_ParseExchangeMTUReq               
000180bb  ATT_ParseExchangeMTURsp               
000183c7  ATT_ParseExecuteWriteReq              
000183d9  ATT_ParseExecuteWriteRsp              
00018151  ATT_ParseFindByTypeValueReq           
0001819b  ATT_ParseFindByTypeValueRsp           
000180d3  ATT_ParseFindInfoReq                  
000180f5  ATT_ParseFindInfoRsp                  
00018423  ATT_ParseHandleValueCfm               
000183f7  ATT_ParseHandleValueInd               
00018015  ATT_ParsePacket                       
00018347  ATT_ParsePrepareWriteReq              
0001838d  ATT_ParsePrepareWriteRsp              
000182ad  ATT_ParseReadBlobReq                  
000182d5  ATT_ParseReadBlobRsp                  
0001831b  ATT_ParseReadByGrpTypeRsp             
000181dd  ATT_ParseReadByTypeReq                
0001821b  ATT_ParseReadByTypeRsp                
000182eb  ATT_ParseReadMultiReq                 
00018307  ATT_ParseReadMultiRsp                 
0001823d  ATT_ParseReadReq                      
0001825b  ATT_ParseReadRsp                      
0001825d  ATT_ParseWriteReq                     
00018289  ATT_ParseWriteRsp                     
0001c7d9  ATT_PrepareWriteReq                   
0001c5fd  ATT_PrepareWriteRsp                   
0001c741  ATT_ReadBlobReq                       
0001c595  ATT_ReadBlobRsp                       
0001c779  ATT_ReadByGrpTypeReq                  
0001c5cf  ATT_ReadByGrpTypeRsp                  
0001c71d  ATT_ReadByTypeReq                     
0001c54d  ATT_ReadByTypeRsp                     
0001c755  ATT_ReadMultiReq                      
0001c5b1  ATT_ReadMultiRsp                      
0001c735  ATT_ReadReq                           
0001c579  ATT_ReadRsp                           
0001c6b9  ATT_RegisterClient                    
0001c4cd  ATT_RegisterServer                    
000185af  ATT_SetParamValue                     
00018567  ATT_UpdateMTU                         
0001c791  ATT_WriteReq                          
0001c5f1  ATT_WriteRsp                          
10016c29  AddRoundKeySubBytes_Sw                
10018a19  AesCcm_authEncrypt_Sw                 
10018a35  AesCcm_decryptAuth_Sw                 
10018b09  AesCcm_getNumBlocks_Sw                
10018ac5  Aes_decrypt_Sw                        
10018a99  Aes_encrypt_Sw                        
20004f2c  COMMON_RAM_BASE_ADDR                  
10014c01  COMMON_ROM_BASE_ADDR                  
10015a6d  COPY                                  
0001d855  CommonROM_Init                        
10017959  ECC_allocWorkzone                     
10017dbd  ECC_keyGen                            
10017961  ECC_setWin                            
10017ded  ECDH_commonKey                        
10017969  ECDSA_sign                            
10017b01  ECDSA_verif                           
10015a11  EXPORTOPERAND                         
20004f78  EXPW                                  
20004f6c  EXPX                                  
20004f70  EXPY                                  
20004f74  EXPZ                                  
10016f58  FFMult2                               
10017058  FFMult3                               
10016d05  FFMult_Sw                             
10018d6c  Fill1                                 
1000d9ec  Fill1_1                               
00013b97  GAP_Authenticate                      
00013ccd  GAP_Bond                              
0001bf9f  GAP_CentConnRegister                  
0001913b  GAP_CentDevMgrInit                    
0001a8c9  GAP_ConfigDeviceAddr                  
00019109  GAP_DeviceDiscoveryCancel             
00019089  GAP_DeviceDiscoveryRequest            
0001d70d  GAP_DeviceInit                        
000167d9  GAP_EndDiscoverable                   
0001bea9  GAP_EstablishLinkReq                  
00016889  GAP_GetAdvToken                       
0001a851  GAP_GetParamValue                     
0001b757  GAP_Init                              
000166c5  GAP_MakeDiscoverable                  
0001b833  GAP_NumActiveConnections              
0001a863  GAP_ParamsInit                        
00013c81  GAP_PasscodeUpdate                    
00013c4f  GAP_PasskeyUpdate                     
0001cc85  GAP_PeriConnRegister                  
000168cd  GAP_PeriDevMgrInit                    
0001b76d  GAP_ProcessEvent                      
0001b751  GAP_RegisterForMsgs                   
000168a5  GAP_RemoveAdvToken                    
0001d2b1  GAP_ResolvePrivateAddr                
0001a88b  GAP_SecParamsInit                     
0001cc4d  GAP_SendSlaveSecurityRequest          
00016825  GAP_SetAdvToken                       
0001a835  GAP_SetParamValue                     
00013b4f  GAP_Signable                          
00013c31  GAP_TerminateAuth                     
00013a65  GAP_TerminateLinkReq                  
000168b9  GAP_UpdateAdvTokens                   
0001676b  GAP_UpdateAdvertisingData             
00013adf  GAP_UpdateLinkParamReq                
0000f809  GATTServApp_AddService                
0000f81f  GATTServApp_DelService                
0000f6b1  GATTServApp_DeregisterService         
000104af  GATTServApp_GetParamValue             
0000f753  GATTServApp_GetParameter              
0000f5d1  GATTServApp_Init                      
0001d677  GATTServApp_InitCharCfg               
0000f61f  GATTServApp_ProcessEvent              
00010231  GATTServApp_ReadAttr                  
0001d667  GATTServApp_ReadCharCfg               
0000f5c9  GATTServApp_RegisterForMsg            
0000f65d  GATTServApp_RegisterService           
00010529  GATTServApp_SendCCCUpdatedEvent       
000104ad  GATTServApp_SetParamValue             
0000f6f3  GATTServApp_SetParameter              
2000485c  GATTServApp_TaskID                    
000104b3  GATTServApp_UpdateCharCfg             
00010425  GATTServApp_WriteAttr                 
0001b1df  GATT_AppCompletedMsg                  
000113db  GATT_DeregisterService                
00010723  GATT_DiscAllCharDescs                 
000106ed  GATT_DiscAllChars                     
00010625  GATT_DiscAllPrimaryServices           
0001071d  GATT_DiscCharsByUUID                  
00010673  GATT_DiscPrimaryServiceByUUID         
000105f9  GATT_ExchangeMTU                      
00011579  GATT_FindHandle                       
0001151d  GATT_FindHandleUUID                   
000106d3  GATT_FindIncludedServices             
000115c1  GATT_FindNextAttr                     
0001c9d5  GATT_FindUUIDRec                      
00011ca1  GATT_GetNextHandle                    
00011715  GATT_Indication                       
0001b207  GATT_Init                             
00010571  GATT_InitClient                       
000112dd  GATT_InitServer                       
0001176f  GATT_Notification                     
0001b371  GATT_NotifyEvent                      
0001b225  GATT_ProcessEvent                     
0001086f  GATT_ReadCharDesc                     
0001075f  GATT_ReadCharValue                    
00010871  GATT_ReadLongCharDesc                 
00010767  GATT_ReadLongCharValue                
00010769  GATT_ReadMultiCharValues              
00010761  GATT_ReadUsingCharUUID                
000105f1  GATT_RegisterForInd                   
0001b1cd  GATT_RegisterForMsgs                  
0001141b  GATT_RegisterForReq                   
00011343  GATT_RegisterService                  
000107e5  GATT_ReliableWrites                   
00011661  GATT_SendRsp                          
000114ab  GATT_ServiceChangedInd                
00011651  GATT_ServiceEncKeySize                
00011645  GATT_ServiceNumAttrs                  
0001b1d3  GATT_SetHostToAppFlowCtrl             
00011c9f  GATT_SetNextHandle                    
000107b1  GATT_SignedWriteNoRsp                 
0001b385  GATT_UpdateMTU                        
00011423  GATT_VerifyReadPermissions            
00011459  GATT_VerifyWritePermissions           
00010873  GATT_WriteCharDesc                    
000107e1  GATT_WriteCharValue                   
00010875  GATT_WriteLongCharDesc                
000107e3  GATT_WriteLongCharValue               
00010795  GATT_WriteNoRsp                       
0001b431  GATT_bm_alloc                         
0001b4a9  GATT_bm_free                          
10015141  GETBIT                                
10015155  GETDIGIT                              
100151a5  GETDIGITL2R                           
0001af75  GGS_AddService                        
0001af8d  GGS_DelService                        
0001af71  GGS_GetParamValue                     
0001af39  GGS_GetParameter                      
0001afa1  GGS_RegisterAppCBs                    
0001af6f  GGS_SetParamValue                     
0001aeb9  GGS_SetParameter                      
10008add  HCI_CommandCompleteEvent              
[...]
1000a1d5  LL_RandCback                          
1000a201  LL_EXT_SetRxGainCback                 
1000a211  LL_EXT_SetTxPowerCback                
1000a259  LL_EXT_PacketErrorRateCback           
1000a2ad  LL_EXT_ExtendRfRangeCback             
1000a335  llScheduler                           
1000a895  llFindStartType                       
1000a939  llFindNextSecTask                     
1000abed  llFreeTask                            
1000ac3d  llGetCurrentTask                      
1000aca9  llGetActiveTasks                      
1000ace1  llGetNumTasks                         
1000ad21  llSetupMailbox                        
1000ad6d  llSetupRfHal                          
1000adb1  llPatchCM0                            
1000adc9  llSetupRATChanCompare                 
1000ae41  llRatChanCBack_B                      
1000ae45  llRatChanCBack_C                      
1000ae49  llRatChanCBack_D                      
1000ae4d  llSetupScanDataEntryQueue             
1000ae95  llSetupInitDataEntryQueue             
1000aeb1  llSetupAdvDataEntryQueue              
1000afa1  llMoveTempTxDataEntries               
1000b009  llGetNumTxDataEntries                 
1000b4c9  LL_ENC_Init                           
1000b4ed  LL_ENC_ReverseBytes                   
1000b50d  LL_ENC_GeneratePseudoRandNum          
1000b51d  LL_ENC_GenerateTrueRandNum            
1000b541  LL_ENC_GenDeviceSKD                   
1000b555  LL_ENC_GenDeviceIV                    
1000b569  LL_ENC_GenerateNonce                  
1000b58d  LL_ENC_LoadKey                        
1000b5f5  LL_ENC_AES128_Encrypt                 
1000b639  LL_ENC_AES128_Decrypt                 
1000b721  LL_ENC_EncryptMsg                     
1000b851  LL_ENC_DecryptMsg                     
1000b965  LL_ENC_Encrypt                        
1000b9dd  LL_ENC_Decrypt                        
1000c1b5  llCheckForLstoDuringSL                
1000c87d  llDirAdv_TaskEnd                      
1000cc71  llAdv_TaskEnd                         
1000cd51  llAdv_TaskAbort                       
1000d10d  llInit_TaskEnd                        
1000d189  WL_Init                               
1000d1ad  WL_Clear                              
1000d1f5  WL_ClearEntry                         
1000d229  WL_GetSize                            
1000d23d  WL_GetNumFreeEntries                  
1000d26d  WL_FindEntry                          
1000d2d9  WL_AddEntry                           
1000d36d  WL_RemoveEntry                        
1000d3dd  WL_SetWlIgnore                        
1000d425  WL_ClearIgnoreList                    
1000d46d  llScan_TaskEnd                        
1000d4ad  llGetAdvChanPDU                       
1000d575  llProcessScanRxFIFO                   
1000d635  llValidAccessAddr                     
1000d695  llGenerateValidAccessAddr             
1000d6b1  llGtSixConsecZerosOrOnes              
1000d6e5  llEqSynchWord                         
1000d6f5  llOneBitSynchWordDiffer               
1000d709  llEqualBytes                          
1000d731  llGtTwentyFourTransitions             
1000d761  llLtTwoChangesInLastSixBits           
1000d795  llEqAlreadyValidAddr                  
1000d7cd  HCI_ReverseBytes                      
1000d8b5  llInitRAT                             
1000d8c1  llGetCurrentTime                      
1000d8c9  llTimeCompare                         
1000d8f5  llTimeDelta                           
1000d94d  llCalcScaFactor                       
1000d964  SCA                                   
1000d9b0  advChan                               
1000d9b4  advEvt2Cmd                            
1000d9c0  advEvt2State                          
1000d9e1  llTaskError                           
1000d9ec  Fill1_1                               
1000dffc  A3_rw_1                               
1000dffc  romRev                                
1000dffd  __checksum_end                        
1000dffe  A2_rw_1                               
1000dffe  P1_ro_2_1                             
1000dffe  __checksum                            
10014c00  A1_rw                                 
10014c00  __checksum_begin_CommonROM            
10014c01  COMMON_ROM_BASE_ADDR                  
10014c04  P1_ro                                 
10014c05  SCALARMUL_init                        
10014ced  SCALARMUL_core                        
10015019  SCALARMUL_final                       
100150e5  SCALARMUL                             
10015101  SAVEPOINT                             
10015141  GETBIT                                
10015155  GETDIGIT                              
100151a5  GETDIGITL2R                           
10015215  SelectReg                             
10015229  ATOMICPATTERN                         
100154f5  JACADD                                
1001568d  INVERT                                
10015821  SQUAREMULTIPLYWORD                    
1001588c  LUTOPCODE                             
10015894  LUTOPSIGN                             
100158ac  LUTC                                  
100158c4  LUTSE                                 
100158dc  LUTINCI                               
100158f4  LUTJ                                  
1001596c  LUTSTATE                              
100159a9  IMPORTLENGTH                          
100159ad  IMPORTMODULUS                         
100159d1  IMPORTOPERAND                         
10015a11  EXPORTOPERAND                         
10015a35  IMPORTDATA                            
10015a51  SETOPERAND                            
10015a6d  COPY                                  
10015a85  ZERO                                  
10015a91  SETWORD                               
10015a9d  mSET                                  
10015bcd  zSET                                  
10015bd5  mINVK                                 
10015d19  zADD                                  
10015d5d  zSUB                                  
10015de9  zMACC32                               
10015e69  zSUB32                                
10015eb5  zADD32                                
10015f0d  zMULT32                               
10015f81  mMULT                                 
10016551  mADD                                  
1001664d  mSUB                                  
10016749  mOUT                                  
10016975  ssp_KeyInit_Sw                        
10016979  sspAesEncrypt_Sw                      
10016985  sspKeyExpansion_Sw                    
10016a99  sspAesEncryptKeyExp_Sw                
10016af5  sspAesEncryptBasic_Sw                 
10016b79  RoundKey_Sw                           
10016c29  AddRoundKeySubBytes_Sw                
10016c45  ShiftRows_Sw                          
10016c79  MixColumns_Sw                         
10016d05  FFMult_Sw                             
10016d29  sspAesDecrypt_Sw                      
10016da1  InvAddRoundKey_Sw                     
10016dc9  InvRoundKey_Sw                        
10016e8d  InvSubBytes_Sw                        
10016ea1  InvShiftRows_Sw                       
10016ed5  InvMixColumns_Sw                      
10016f58  FFMult2                               
10017058  FFMult3                               
10017158  RCon                                  
10017164  Sbox                                  
10017264  InvSbox                               
10017365  SSP_CCM_Auth_Sw                       
100174fd  SSP_CCM_Encrypt_Sw                    
100175ed  SSP_CTR_Encrypt_Sw                    
1001767d  SSP_CCM_Decrypt_Sw                    
10017771  SSP_CTR_Decrypt_Sw                    
10017839  SSP_CCM_InvAuth_Sw                    
10017895  SSP_CCM_Auth_Encrypt_Sw               
100178f5  SSP_CCM_InvAuth_Decrypt_Sw            
10017959  ECC_allocWorkzone                     
10017961  ECC_setWin                            
10017969  ECDSA_sign                            
10017b01  ECDSA_verif                           
10017dbd  ECC_keyGen                            
10017ded  ECDH_commonKey                        
10017e39  SHA256_updateW                        
10017e75  SHA256_round                          
10017ef1  SHA256_nextState                      
10017f49  SHA256_saveBuffer                     
10017ffd  SHA256_init                           
10018019  SHA256_process                        
10018089  SHA256_final                          
10018129  SHA256_full                           
100182ad  RFHAL_InitRfHal                       
10018315  RFHAL_AllocRatChan                    
1001833d  RFHAL_FreeRatChan                     
10018369  RFHAL_MapRatChansToInt                
10018391  RFHAL_RegisterRatChanCallback         
100183b9  RFHAL_InitDataQueue                   
100183c5  RFHAL_QueueRFDataEntries              
10018415  RFHAL_AddTxDataEntry                  
10018485  RFHAL_FreeNextTxDataEntry             
100184a9  RFHAL_AllocDataEntryQueue             
100184c5  RFHAL_FreeDataEntryQueue              
100184cd  RFHAL_GetNextDataEntry                
100184d1  RFHAL_GetTempDataEntry                
100184d5  RFHAL_NextDataEntryDone               
100184f9  RFHAL_AllocDataEntry                  
10018549  RFHAL_FreeDataEntry                   
10018551  RFHAL_BuildRingBuffer                 
100185e1  RFHAL_BuildDataEntryRingBuffer        
10018669  RFHAL_BuildLinkedBuffer               
10018935  MB_ReadMailboxStatus                  
1001893d  MB_RegisterIsrCback                   
10018945  MB_FwDebugDump                        
10018a19  AesCcm_authEncrypt_Sw                 
10018a35  AesCcm_decryptAuth_Sw                 
10018a99  Aes_encrypt_Sw                        
10018ac5  Aes_decrypt_Sw                        
10018b09  AesCcm_getNumBlocks_Sw                
10018b0c  NIST256_p                             
10018b30  NIST256_r                             
10018b54  NIST256_a                             
10018b78  NIST256_b                             
10018b9c  NIST256_Gx                            
10018bc0  NIST256_Gy                            
10018ced  __exit                                
10018d6c  Fill1                                 
10019ffc  A3_rw                                 
10019ffd  __checksum_end_CommonROM              
10019ffe  A2_rw                                 
10019ffe  P1_ro_2                               
10019ffe  __checksum_CommonROM                  
20004478  baseTaskID                            
2000447c  cbTimers                              
200045e8  LL_PM_RFCmdDoneEventCallback          
2000460c  gapAppTaskID                          
2000460d  gapProfileRole                        
2000460e  gapDeviceAddrMode                     
2000460f  gapAutoAdvPrivateAddrChange           
20004610  gapPrivateAddrChangeTimeout           
2000461e  osal_entity                           
20004624  osal_semaphore                        
20004628  osal_qHead                            
2000462c  osal_eventloop_hook                   
20004630  osal_last_timestamp                   
20004634  osal_tickperiod                       
20004638  osal_max_msecs                        
20004670  slaveUpdateReq                        
20004678  slaveConnHandle                       
2000467c  pEstLink                              
20004680  pAuthLink                             
20004684  pfnCentralConnCBs                     
200046c4  llUserConfig                          
200046d4  gapTaskID                             
200046d5  gapUnwantedTaskID                     
200046d8  pfnPeripheralCBs                      
20004718  OSAL_timeSeconds                      
20004720  pwrmgr_initialized                    
20004722  pwrmgr_attribute                      
20004728  l2capMtuSize                          
2000472d  indTaskId                             
2000472e  reqTaskId                             
2000472f  gattAppTaskID                         
20004730  appTaskID                             
20004734  bleDispatch_TaskID                    
20004735  rspBuf                                
20004770  linkDBNumConns                        
200047a8  l2capFixedChannels                    
200047f8  maxPduSize                            
200047f9  rfFeModeBias                          
200047fc  advInfoExt                            
20004800  maxQueuedPdu                          
20004804  llConnectionExt                       
20004808  activeConns                           
2000480c  SysBootMsg                            
20004810  sclkSrc                               
2000482c  pBleEvtMask                           
20004834  pHciEvtMask2                          
2000483c  pPairingParams                        
20004840  pfnResponderCBs                       
20004848  ICall_dispatcher                      
2000484c  ICall_enterCriticalSection            
20004850  ICall_leaveCriticalSection            
2000485c  GATTServApp_TaskID                    
20004864  l2capTaskID                           
20004865  l2capNumChannels                      
20004866  l2capNumDataPkts                      
20004868  l2capChannels                         
2000486c  timerHead                             
2000487c  linkCmd                               
20004880  linkParam                             
20004884  pGapAdvertState                       
20004888  pGapDiscReq                           
2000488c  pfnPeripheralConnCBs                  
20004894  clientInfoTbl                         
20004898  serverInfoTbl                         
200048a8  tasksEvents                           
200048ae  gattNumConns                          
200048af  gattTaskID                            
200048b4  nextConnId                            
200048b6  smTaskID                              
200048b7  hciTaskID                             
200048b8  hciL2capTaskID                        
200048b9  hciGapTaskID                          
200048ba  hciSmpTaskID                          
200048bb  hciTestTaskID                         
200048bc  hciExtTaskID                          
200048e8  A4_rw_1                               
200048e8  RAM_BASE_ADDR                         
200048fc  P2_zi_1                               
200048fc  scanDataEntry                         
200049dc  scanDataQueue                         
200049ec  advInfo                               
20004a8c  wlTable                               
20004b10  wlTableScan                           
20004b94  initDataEntry                         
20004bcc  initDataQueue                         
20004bdc  advDataEntry                          
20004c14  advDataQueue                          
20004c24  advCmd                                
20004c6c  ownPublicAddr                         
20004c74  ownRandomAddr                         
20004c7c  ownSavedPublicAddr                    
20004c84  LL_TaskID                             
20004c85  maxTxPwrForDTM                        
20004c86  onePktPerEvt                          
20004c87  numComplPktsLimit                     
20004c88  numComplPktsFlush                     
20004c89  slOverride                            
20004c8a  rxFifoFlowCtrl                        
20004c8b  numTxDataBufs                         
20004c8c  verInfo                               
20004c94  rfCfgAdiVal                           
20004c96  sleepDelay                            
20004c98  buildInfo                             
20004c9c  peerInfo                              
20004ca8  chanMapUpdate                         
20004cb0  llConns                               
20004cb8  llState                               
20004cb9  curTxPowerVal                         
20004cba  numComplPkts                          
20004cbb  fastTxRespTime                        
20004cbc  maxNumConns                           
20004cbe  postRfOperations                      
20004cc0  rssiCorrection                        
20004cc4  taskEndAction                         
20004cf0  initParam                             
20004d14  scanParam                             
20004d38  slvParam                              
20004d58  advParam                              
20004d78  txModemTestCmd                        
20004d94  scanInfo                              
20004db0  initCmd                               
20004dc8  connReqData                           
20004de0  slvCmd                                
20004df8  scanCmd                               
20004e10  scanOutput                            
20004e28  trxTestCmd                            
20004e40  rxModemTestCmd                        
20004e58  initInfo                              
20004e70  connOutput                            
20004e84  rxTestParam                           
20004e98  advOutput                             
20004ea8  txTestParam                           
20004eb8  initOutput                            
20004ec4  rxTestOut                             
20004ed0  deviceFeatureSet                      
20004edc  dtmInfo                               
20004ee8  cachedTRNGdata                        
20004ef4  llTaskList                            
20004f00  pHciEvtMask                           
20004f08  bleEvtMask                            
20004f0a  taskEndStatus                         
20004f0c  rxDataQ                               
20004f10  rxRingBuf                             
20004f14  mstCmd                                
20004f18  mstParam                              
20004f1c  txDataQ                               
20004f20  txTestOut                             
20004f24  ctrlToHostEnable                      
20004f26  numHostBufs                           
20004f28  hciPTMenabled                         
20004f2c  A4_rw                                 
20004f2c  COMMON_RAM_BASE_ADDR                  
20004f40  P2_rw                                 
20004f40  P2_s0                                 
20004f40  win                                   
20004f44  workzone                              
20004f48  data_p                                
20004f4c  data_r                                
20004f50  data_a                                
20004f54  inScalar                              
20004f58  inPointX                              
20004f5c  inPointY                              
20004f60  outPointX                             
20004f64  outPointY                             
20004f68  SCAL                                  
20004f6c  EXPX                                  
20004f70  EXPY                                  
20004f74  EXPZ                                  
20004f78  EXPW                                  
20004f7c  ACCX                                  
20004f80  ACCY                                  
20004f84  ACCZ                                  
20004f88  TMP1                                  
20004f8c  TMP2                                  
20004f90  TMP3                                  
20004f94  TMP4                                  
20004f98  TMP5                                  
20004f9c  TMP6                                  
20004fa0  data_Gx                               
20004fa4  data_Gy                               
20004fa8  data_b                                
20004fac  P2_zi                                 
20004fac  ratChanInfo                           
20004fcc  fwInfoCmd                             
20004fd8  MSBMOD                                
20004fdc  aux64                                 
20004fe4  MOD                                   
20004fe8  LEN                                   
20004fec  mbIntCbackTable                       
20004ffc  pSspAesEncrypt_Sw                     
ffffffff  __binit__                             
ffffffff  __c_args__                            
ffffffff  binit                                 
UNDEFED   SHT$$INIT_ARRAY$$Base                 
UNDEFED   SHT$$INIT_ARRAY$$Limit                

[1237 symbols]
